uCUnit_testsuit.c:19:6:Run_Testcases	8	static
uCUnit_testsuit.c:40:6:Testsuite_RunTests	8	static
uCUnit_testsuit.c:60:6:Test_AllocateBytes	40	static
uCUnit_testsuit.c:81:6:Test_VerifyMemory	40	static
uCUnit_testsuit.c:99:6:Test_DisplayMemory_01	40	static
uCUnit_testsuit.c:120:6:Test_DisplayMemory_02	40	static
uCUnit_testsuit.c:140:6:Test_WriteMemory_01	48	static
uCUnit_testsuit.c:169:6:Test_WriteMemory_02	40	static
uCUnit_testsuit.c:196:6:Test_DisplayMemory_03	40	static
uCUnit_testsuit.c:216:6:Test_InvertBlock	56	static
uCUnit_testsuit.c:251:6:Test_WritePattern	48	static
uCUnit_testsuit.c:283:6:Test_ComparePattern	40	static
uCUnit_testsuit.c:305:6:Test_FreeAllocated	40	static
