Archive member included to satisfy reference by file (symbol)

c:/nxp/mcuxpressoide_11.1.0_3209/ide/plugins/com.nxp.mcuxpresso.tools.win32_11.1.0.201909161352/tools/bin/../lib/gcc/arm-none-eabi/8.3.1/../../../../arm-none-eabi/lib/thumb/v6-m/nofp\libcr_semihost_nf.a(_cr__main.o)
                              ./startup/startup_mkl25z4.o (__main)
c:/nxp/mcuxpressoide_11.1.0_3209/ide/plugins/com.nxp.mcuxpresso.tools.win32_11.1.0.201909161352/tools/bin/../lib/gcc/arm-none-eabi/8.3.1/../../../../arm-none-eabi/lib/thumb/v6-m/nofp\libcr_semihost_nf.a(_cr_assert.o)
                              ./drivers/fsl_clock.o (__assertion_failed)
c:/nxp/mcuxpressoide_11.1.0_3209/ide/plugins/com.nxp.mcuxpresso.tools.win32_11.1.0.201909161352/tools/bin/../lib/gcc/arm-none-eabi/8.3.1/../../../../arm-none-eabi/lib/thumb/v6-m/nofp\libcr_semihost_nf.a(__ciob.o)
                              c:/nxp/mcuxpressoide_11.1.0_3209/ide/plugins/com.nxp.mcuxpresso.tools.win32_11.1.0.201909161352/tools/bin/../lib/gcc/arm-none-eabi/8.3.1/../../../../arm-none-eabi/lib/thumb/v6-m/nofp\libcr_semihost_nf.a(_cr_assert.o) (__Ciob)
c:/nxp/mcuxpressoide_11.1.0_3209/ide/plugins/com.nxp.mcuxpresso.tools.win32_11.1.0.201909161352/tools/bin/../lib/gcc/arm-none-eabi/8.3.1/../../../../arm-none-eabi/lib/thumb/v6-m/nofp\libcr_semihost_nf.a(__sys_appexit.o)
                              c:/nxp/mcuxpressoide_11.1.0_3209/ide/plugins/com.nxp.mcuxpresso.tools.win32_11.1.0.201909161352/tools/bin/../lib/gcc/arm-none-eabi/8.3.1/../../../../arm-none-eabi/lib/thumb/v6-m/nofp\libcr_semihost_nf.a(_cr_assert.o) (__sys_appexit)
c:/nxp/mcuxpressoide_11.1.0_3209/ide/plugins/com.nxp.mcuxpresso.tools.win32_11.1.0.201909161352/tools/bin/../lib/gcc/arm-none-eabi/8.3.1/../../../../arm-none-eabi/lib/thumb/v6-m/nofp\libcr_c.a(memcpy.o)
                              ./source/main.o (memcpy)
c:/nxp/mcuxpressoide_11.1.0_3209/ide/plugins/com.nxp.mcuxpresso.tools.win32_11.1.0.201909161352/tools/bin/../lib/gcc/arm-none-eabi/8.3.1/../../../../arm-none-eabi/lib/thumb/v6-m/nofp\libcr_c.a(memset.o)
                              ./source/allocate_mem.o (memset)
c:/nxp/mcuxpressoide_11.1.0_3209/ide/plugins/com.nxp.mcuxpresso.tools.win32_11.1.0.201909161352/tools/bin/../lib/gcc/arm-none-eabi/8.3.1/../../../../arm-none-eabi/lib/thumb/v6-m/nofp\libcr_c.a(_deferredlazyseek.o)
                              c:/nxp/mcuxpressoide_11.1.0_3209/ide/plugins/com.nxp.mcuxpresso.tools.win32_11.1.0.201909161352/tools/bin/../lib/gcc/arm-none-eabi/8.3.1/../../../../arm-none-eabi/lib/thumb/v6-m/nofp\libcr_semihost_nf.a(_cr_assert.o) (__flsbuf)
c:/nxp/mcuxpressoide_11.1.0_3209/ide/plugins/com.nxp.mcuxpresso.tools.win32_11.1.0.201909161352/tools/bin/../lib/gcc/arm-none-eabi/8.3.1/../../../../arm-none-eabi/lib/thumb/v6-m/nofp\libcr_c.a(_fflush.o)
                              c:/nxp/mcuxpressoide_11.1.0_3209/ide/plugins/com.nxp.mcuxpresso.tools.win32_11.1.0.201909161352/tools/bin/../lib/gcc/arm-none-eabi/8.3.1/../../../../arm-none-eabi/lib/thumb/v6-m/nofp\libcr_c.a(_deferredlazyseek.o) (_fflush)
c:/nxp/mcuxpressoide_11.1.0_3209/ide/plugins/com.nxp.mcuxpresso.tools.win32_11.1.0.201909161352/tools/bin/../lib/gcc/arm-none-eabi/8.3.1/../../../../arm-none-eabi/lib/thumb/v6-m/nofp\libcr_c.a(_writebuf.o)
                              c:/nxp/mcuxpressoide_11.1.0_3209/ide/plugins/com.nxp.mcuxpresso.tools.win32_11.1.0.201909161352/tools/bin/../lib/gcc/arm-none-eabi/8.3.1/../../../../arm-none-eabi/lib/thumb/v6-m/nofp\libcr_c.a(_deferredlazyseek.o) (_Cwritebuf)
c:/nxp/mcuxpressoide_11.1.0_3209/ide/plugins/com.nxp.mcuxpresso.tools.win32_11.1.0.201909161352/tools/bin/../lib/gcc/arm-none-eabi/8.3.1/../../../../arm-none-eabi/lib/thumb/v6-m/nofp\libcr_c.a(alloc.o)
                              ./source/allocate_mem.o (malloc)
c:/nxp/mcuxpressoide_11.1.0_3209/ide/plugins/com.nxp.mcuxpresso.tools.win32_11.1.0.201909161352/tools/bin/../lib/gcc/arm-none-eabi/8.3.1/../../../../arm-none-eabi/lib/thumb/v6-m/nofp\libcr_c.a(fputs.o)
                              c:/nxp/mcuxpressoide_11.1.0_3209/ide/plugins/com.nxp.mcuxpresso.tools.win32_11.1.0.201909161352/tools/bin/../lib/gcc/arm-none-eabi/8.3.1/../../../../arm-none-eabi/lib/thumb/v6-m/nofp\libcr_semihost_nf.a(_cr_assert.o) (fputs)
c:/nxp/mcuxpressoide_11.1.0_3209/ide/plugins/com.nxp.mcuxpresso.tools.win32_11.1.0.201909161352/tools/bin/../lib/gcc/arm-none-eabi/8.3.1/../../../../arm-none-eabi/lib/thumb/v6-m/nofp\libcr_c.a(fseek.o)
                              c:/nxp/mcuxpressoide_11.1.0_3209/ide/plugins/com.nxp.mcuxpresso.tools.win32_11.1.0.201909161352/tools/bin/../lib/gcc/arm-none-eabi/8.3.1/../../../../arm-none-eabi/lib/thumb/v6-m/nofp\libcr_c.a(_deferredlazyseek.o) (fseek)
c:/nxp/mcuxpressoide_11.1.0_3209/ide/plugins/com.nxp.mcuxpresso.tools.win32_11.1.0.201909161352/tools/bin/../lib/gcc/arm-none-eabi/8.3.1/../../../../arm-none-eabi/lib/thumb/v6-m/nofp\libcr_c.a(ftell.o)
[...]
Memory Configuration

Name             Origin             Length             Attributes
PROGRAM_FLASH    0x00000000         0x00020000         xr
SRAM             0x1ffff000         0x00004000         xrw
*default*        0x00000000         0xffffffff

Linker script and memory map

                0x00001000                __heap_size__ = 0x1000
LOAD ./utilities/fsl_debug_console.o
LOAD ./uCUnit/System.o
LOAD ./startup/startup_mkl25z4.o
LOAD ./source/allocate_mem.o
LOAD ./source/command_parser.o
LOAD ./source/compare_pattern.o
LOAD ./source/display_mem.o
LOAD ./source/free_mem.o
LOAD ./source/invert_mem.o
LOAD ./source/logger.o
LOAD ./source/main.o
LOAD ./source/miscellaneous.o
LOAD ./source/mtb.o
LOAD ./source/prng.o
LOAD ./source/semihost_hardfault.o
LOAD ./source/uCUnit_testsuit.o
LOAD ./source/verify_mem.o
LOAD ./source/write_mem.o
LOAD ./source/write_pattern.o
LOAD ./drivers/fsl_clock.o
LOAD ./drivers/fsl_common.o
LOAD ./drivers/fsl_flash.o
LOAD ./drivers/fsl_gpio.o
LOAD ./drivers/fsl_lpsci.o
LOAD ./drivers/fsl_smc.o
LOAD ./drivers/fsl_uart.o
LOAD ./board/board.o
LOAD ./board/clock_config.o
LOAD ./board/peripherals.o
LOAD ./board/pin_mux.o
LOAD ./CMSIS/logger.o
LOAD ./CMSIS/system_MKL25Z4.o
START GROUP
LOAD c:/nxp/mcuxpressoide_11.1.0_3209/ide/plugins/com.nxp.mcuxpresso.tools.win32_11.1.0.201909161352/tools/bin/../lib/gcc/arm-none-eabi/8.3.1/../../../../arm-none-eabi/lib/thumb/v6-m/nofp\libcr_semihost_nf.a
LOAD c:/nxp/mcuxpressoide_11.1.0_3209/ide/plugins/com.nxp.mcuxpresso.tools.win32_11.1.0.201909161352/tools/bin/../lib/gcc/arm-none-eabi/8.3.1/../../../../arm-none-eabi/lib/thumb/v6-m/nofp\libcr_c.a
LOAD c:/nxp/mcuxpressoide_11.1.0_3209/ide/plugins/com.nxp.mcuxpresso.tools.win32_11.1.0.201909161352/tools/bin/../lib/gcc/arm-none-eabi/8.3.1/thumb/v6-m/nofp\libcr_eabihelpers.a
LOAD c:/nxp/mcuxpressoide_11.1.0_3209/ide/plugins/com.nxp.mcuxpresso.tools.win32_11.1.0.201909161352/tools/bin/../lib/gcc/arm-none-eabi/8.3.1/thumb/v6-m/nofp\libgcc.a
END GROUP
                0x00000000                __base_PROGRAM_FLASH = 0x0
                0x00000000                __base_Flash = 0x0
                0x00020000                __top_PROGRAM_FLASH = 0x20000
                0x00020000                __top_Flash = 0x20000
                0x1ffff000                __base_SRAM = 0x1ffff000
                0x1ffff000                __base_RAM = 0x1ffff000
                0x20003000                __top_SRAM = 0x20003000
                0x20003000                __top_RAM = 0x20003000

.text           0x00000000     0x880c
 FILL mask 0xff
                0x00000000                __vectors_start__ = ABSOLUTE (.)
 *(SORT_BY_ALIGNMENT(.isr_vector))
 .isr_vector    0x00000000       0xc0 ./startup/startup_mkl25z4.o
                0x00000000                g_pfnVectors
                0x00000000                __Vectors
                0x000000c0                . = ALIGN (0x4)
                0x000000c0                __section_table_start = .
                0x000000c0                __data_section_table = .
                0x000000c0        0x4 LONG 0x880c LOADADDR (.data)
                0x000000c4        0x4 LONG 0x1ffff080 ADDR (.data)
                0x000000c8        0x4 LONG 0x18 SIZEOF (.data)
                0x000000cc                __data_section_table_end = .
                0x000000cc                __bss_section_table = .
                0x000000cc        0x4 LONG 0x1ffff098 ADDR (.bss)
                0x000000d0        0x4 LONG 0x194 SIZEOF (.bss)
                0x000000d4                __bss_section_table_end = .
                0x000000d4                __section_table_end = .
 *(SORT_BY_ALIGNMENT(.after_vectors*))
 .after_vectors.reset
                0x000000d4       0x4c ./startup/startup_mkl25z4.o
                0x000000d4                ResetISR
 .after_vectors.init_data
                0x00000120       0x12 ./startup/startup_mkl25z4.o
                0x00000120                data_init
 .after_vectors.init_bss
                0x00000132       0x10 ./startup/startup_mkl25z4.o
                0x00000132                bss_init
 .after_vectors
                0x00000142      0x10c ./startup/startup_mkl25z4.o
                0x00000142                NMI_Handler
                0x00000146                SVC_Handler
                0x00000148                PendSV_Handler
                0x0000014a                SysTick_Handler
                0x0000014c                LPTMR0_DriverIRQHandler
                0x0000014c                Reserved39_DriverIRQHandler
                0x0000014c                DMA0_DriverIRQHandler
                0x0000014c                SPI1_DriverIRQHandler
                0x0000014c                I2C0_DriverIRQHandler
                0x0000014c                PORTD_DriverIRQHandler
                0x0000014c                DMA2_DriverIRQHandler
                0x0000014c                CMP0_DriverIRQHandler
                0x0000014c                TPM2_DriverIRQHandler
                0x0000014c                ADC0_DriverIRQHandler
                0x0000014c                SPI0_DriverIRQHandler
                0x0000014c                TSI0_DriverIRQHandler
                0x0000014c                RTC_Seconds_DriverIRQHandler
                0x0000014c                I2C1_DriverIRQHandler
                0x0000014c                DMA1_DriverIRQHandler
                0x0000014c                LLWU_DriverIRQHandler
                0x0000014c                MCG_DriverIRQHandler
                0x0000014c                PIT_DriverIRQHandler
                0x0000014c                RTC_DriverIRQHandler
                0x0000014c                TPM1_DriverIRQHandler
                0x0000014c                FTFA_DriverIRQHandler
                0x0000014c                IntDefaultHandler
                0x0000014c                USB0_DriverIRQHandler
                0x0000014c                DAC0_DriverIRQHandler
                0x0000014c                PORTA_DriverIRQHandler
                0x0000014c                LVD_LVW_DriverIRQHandler
                0x0000014c                TPM0_DriverIRQHandler
                0x0000014c                Reserved45_DriverIRQHandler
                0x0000014c                DMA3_DriverIRQHandler
                0x0000014c                Reserved20_DriverIRQHandler
                0x0000014e                DMA0_IRQHandler
                0x00000156                DMA1_IRQHandler
                0x0000015e                DMA2_IRQHandler
                0x00000166                DMA3_IRQHandler
                0x0000016e                Reserved20_IRQHandler
                0x00000176                FTFA_IRQHandler
                0x0000017e                LVD_LVW_IRQHandler
                0x00000186                LLWU_IRQHandler
                0x0000018e                I2C0_IRQHandler
                0x00000196                I2C1_IRQHandler
                0x0000019e                SPI0_IRQHandler
                0x000001a6                SPI1_IRQHandler
                0x000001ae                UART0_IRQHandler
                0x000001b6                UART1_IRQHandler
                0x000001be                UART2_IRQHandler
                0x000001c6                ADC0_IRQHandler
                0x000001ce                CMP0_IRQHandler
                0x000001d6                TPM0_IRQHandler
                0x000001de                TPM1_IRQHandler
                0x000001e6                TPM2_IRQHandler
                0x000001ee                RTC_IRQHandler
                0x000001f6                RTC_Seconds_IRQHandler
                0x000001fe                PIT_IRQHandler
                0x00000206                Reserved39_IRQHandler
                0x0000020e                USB0_IRQHandler
                0x00000216                DAC0_IRQHandler
                0x0000021e                TSI0_IRQHandler
                0x00000226                MCG_IRQHandler
                0x0000022e                LPTMR0_IRQHandler
                0x00000236                Reserved45_IRQHandler
                0x0000023e                PORTA_IRQHandler
                0x00000246                PORTD_IRQHandler
                0x00000400                . = 0x400
 *fill*         0x0000024e      0x1b2 ff
                0x00000400                PROVIDE (__FLASH_CONFIG_START__ = .)
 *(SORT_BY_ALIGNMENT(.FlashConfig))
 .FlashConfig   0x00000400       0x10 ./startup/startup_mkl25z4.o
                0x00000400                Flash_Config
                0x00000410                PROVIDE (__FLASH_CONFIG_END__ = .)
                0x00000001                ASSERT (! ((__FLASH_CONFIG_START__ == __FLASH_CONFIG_END__)), Linker Flash Config Support Enabled, but no .FlashConfig section provided within application)
 *(SORT_BY_ALIGNMENT(.text*))
 .text.DbgConsole_Init
                0x00000410       0xf0 ./utilities/fsl_debug_console.o
                0x00000410                DbgConsole_Init
 .text.__sys_write
                0x00000500       0x58 ./utilities/fsl_debug_console.o
                0x00000500                __sys_write
 .text.__sys_readc
                0x00000558       0x34 ./utilities/fsl_debug_console.o
                0x00000558                __sys_readc
 .text.System_Init
                0x0000058c       0x18 ./uCUnit/System.o
                0x0000058c                System_Init
 .text.System_Shutdown
                0x000005a4       0x1c ./uCUnit/System.o
                0x000005a4                System_Shutdown
 .text.System_Safestate
                0x000005c0       0x1c ./uCUnit/System.o
                0x000005c0                System_Safestate
 .text.System_WriteInt
                0x000005dc       0x20 ./uCUnit/System.o
                0x000005dc                System_WriteInt
 .text.allocate_bytes
                0x000005fc       0xec ./source/allocate_mem.o
                0x000005fc                allocate_bytes
 .text.command_parser
                0x000006e8      0x348 ./source/command_parser.o
                0x000006e8                command_parser
 .text.compare_pattern
                0x00000a30      0x17c ./source/compare_pattern.o
                0x00000a30                compare_pattern
 .text.display_memory
                0x00000bac      0x1bc ./source/display_mem.o
                0x00000bac                display_memory
 .text.free_allocated
                0x00000d68       0x90 ./source/free_mem.o
                0x00000d68                free_allocated
 .text.invert_block
                0x00000df8      0x110 ./source/invert_mem.o
                0x00000df8                invert_block
 .text.log_enable
                0x00000f08       0x88 ./source/logger.o
                0x00000f08                log_enable
 .text.log_status
                0x00000f90       0x3c ./source/logger.o
                0x00000f90                log_status
 .text.log_string
                0x00000fcc       0x20 ./source/logger.o
                0x00000fcc                log_string
 .text.log_integer
                0x00000fec       0x20 ./source/logger.o
                0x00000fec                log_integer
 .text.main     0x0000100c      0x14c ./source/main.o
                0x0000100c                main
 .text.dec_to_bstr
                0x00001158       0xa0 ./source/miscellaneous.o
                0x00001158                dec_to_bstr
 .text.HardFault_Handler
                0x000011f8       0x30 ./source/semihost_hardfault.o
                0x000011f8                HardFault_Handler
 .text.Run_Testcases
                0x00001228       0x8c ./source/uCUnit_testsuit.o
                0x00001228                Run_Testcases
 .text.Testsuite_RunTests
                0x000012b4       0xb4 ./source/uCUnit_testsuit.o
                0x000012b4                Testsuite_RunTests
 .text.Test_AllocateBytes
                0x00001368      0x2ac ./source/uCUnit_testsuit.o
                0x00001368                Test_AllocateBytes
 .text.Test_VerifyMemory
                0x00001614      0x294 ./source/uCUnit_testsuit.o
                0x00001614                Test_VerifyMemory
 .text.Test_DisplayMemory_01
                0x000018a8      0x1ec ./source/uCUnit_testsuit.o
                0x000018a8                Test_DisplayMemory_01
 .text.Test_DisplayMemory_02
                0x00001a94      0x1e0 ./source/uCUnit_testsuit.o
                0x00001a94                Test_DisplayMemory_02
 .text.Test_WriteMemory_01
                0x00001c74      0x3a4 ./source/uCUnit_testsuit.o
                0x00001c74                Test_WriteMemory_01
 .text.Test_WriteMemory_02
                0x00002018      0x214 ./source/uCUnit_testsuit.o
                0x00002018                Test_WriteMemory_02
 .text.Test_DisplayMemory_03
                0x0000222c      0x1e0 ./source/uCUnit_testsuit.o
                0x0000222c                Test_DisplayMemory_03
 .text.Test_InvertBlock
                0x0000240c      0x3f8 ./source/uCUnit_testsuit.o
                0x0000240c                Test_InvertBlock
 .text.Test_WritePattern
                0x00002804      0x2fc ./source/uCUnit_testsuit.o
                0x00002804                Test_WritePattern
 .text.Test_ComparePattern
                0x00002b00      0x1e4 ./source/uCUnit_testsuit.o
                0x00002b00                Test_ComparePattern
 .text.Test_FreeAllocated
                0x00002ce4      0x29c ./source/uCUnit_testsuit.o
                0x00002ce4                Test_FreeAllocated
 .text.verify_memory
                0x00002f80       0x74 ./source/verify_mem.o
                0x00002f80                verify_memory
 .text.write_memory
                0x00002ff4      0x104 ./source/write_mem.o
                0x00002ff4                write_memory
 .text.write_pattern
                0x000030f8       0xac ./source/write_pattern.o
                0x000030f8                write_pattern
 .text.CLOCK_SetEr32kClock
                0x000031a4       0x34 ./drivers/fsl_clock.o
 .text.CLOCK_SetPllFllSelClock
                0x000031d8       0x38 ./drivers/fsl_clock.o
 .text.CLOCK_GetMcgExtClkFreq
                0x00003210       0x28 ./drivers/fsl_clock.o
 .text.CLOCK_GetFllExtRefClkFreq
                0x00003238       0xa4 ./drivers/fsl_clock.o
 .text.CLOCK_GetFllRefClkFreq
                0x000032dc       0x2c ./drivers/fsl_clock.o
 .text.CLOCK_GetOscRangeFromFreq
                0x00003308       0x4c ./drivers/fsl_clock.o
 .text.CLOCK_GetPllFllSelClkFreq
                0x00003354       0x4c ./drivers/fsl_clock.o
                0x00003354                CLOCK_GetPllFllSelClkFreq
 .text.CLOCK_SetSimConfig
                0x000033a0       0x38 ./drivers/fsl_clock.o
                0x000033a0                CLOCK_SetSimConfig
 .text.CLOCK_GetFllFreq
                0x000033d8       0x84 ./drivers/fsl_clock.o
                0x000033d8                CLOCK_GetFllFreq
 .text.CLOCK_GetPll0Freq
                0x0000345c       0x70 ./drivers/fsl_clock.o
                0x0000345c                CLOCK_GetPll0Freq
 .text.CLOCK_SetInternalRefClkConfig
                0x000034cc      0x124 ./drivers/fsl_clock.o
                0x000034cc                CLOCK_SetInternalRefClkConfig
 .text.CLOCK_EnablePll0
                0x000035f0       0x90 ./drivers/fsl_clock.o
                0x000035f0                CLOCK_EnablePll0
 .text.CLOCK_InitOsc0
                0x00003680       0x94 ./drivers/fsl_clock.o
                0x00003680                CLOCK_InitOsc0
 .text.CLOCK_SetPbeMode
                0x00003714       0xb0 ./drivers/fsl_clock.o
                0x00003714                CLOCK_SetPbeMode
 .text.CLOCK_BootToPeeMode
                0x000037c4       0x70 ./drivers/fsl_clock.o
                0x000037c4                CLOCK_BootToPeeMode
 .text.CLOCK_EnableClock
                0x00003834       0x34 ./drivers/fsl_lpsci.o
 .text.LPSCI_GetInstance
                0x00003868       0x48 ./drivers/fsl_lpsci.o
                0x00003868                LPSCI_GetInstance
 .text.LPSCI_Init
                0x000038b0      0x258 ./drivers/fsl_lpsci.o
                0x000038b0                LPSCI_Init
 .text.LPSCI_GetDefaultConfig
                0x00003b08       0x44 ./drivers/fsl_lpsci.o
                0x00003b08                LPSCI_GetDefaultConfig
 .text.LPSCI_ClearStatusFlags
                0x00003b4c       0x94 ./drivers/fsl_lpsci.o
                0x00003b4c                LPSCI_ClearStatusFlags
 .text.LPSCI_WriteBlocking
                0x00003be0       0x4c ./drivers/fsl_lpsci.o
                0x00003be0                LPSCI_WriteBlocking
 .text.LPSCI_ReadBlocking
                0x00003c2c       0xc0 ./drivers/fsl_lpsci.o
                0x00003c2c                LPSCI_ReadBlocking
 .text.UART0_DriverIRQHandler
                0x00003cec       0x24 ./drivers/fsl_lpsci.o
                0x00003cec                UART0_DriverIRQHandler
 .text.CLOCK_EnableClock
                0x00003d10       0x34 ./drivers/fsl_uart.o
 .text.UART_GetInstance
                0x00003d44       0x54 ./drivers/fsl_uart.o
                0x00003d44                UART_GetInstance
 .text.UART_Init
                0x00003d98      0x1e0 ./drivers/fsl_uart.o
                0x00003d98                UART_Init
 .text.UART_GetDefaultConfig
                0x00003f78       0x44 ./drivers/fsl_uart.o
                0x00003f78                UART_GetDefaultConfig
 .text.UART_ReadBlocking
                0x00003fbc       0x98 ./drivers/fsl_uart.o
                0x00003fbc                UART_ReadBlocking
 .text.UART1_DriverIRQHandler
                0x00004054       0x24 ./drivers/fsl_uart.o
                0x00004054                UART1_DriverIRQHandler
 .text.UART2_DriverIRQHandler
                0x00004078       0x24 ./drivers/fsl_uart.o
                0x00004078                UART2_DriverIRQHandler
 .text.CLOCK_SetLpsci0Clock
                0x0000409c       0x38 ./board/board.o
 .text.BOARD_InitDebugConsole
                0x000040d4       0x30 ./board/board.o
                0x000040d4                BOARD_InitDebugConsole
 .text.CLOCK_SetSimSafeDivs
                0x00004104       0x20 ./board/clock_config.o
 .text.CLOCK_SetXtal0Freq
                0x00004124       0x1c ./board/clock_config.o
 .text.CLOCK_CONFIG_SetFllExtRefDiv
                0x00004140       0x3c ./board/clock_config.o
 .text.BOARD_BootClockRUN
                0x0000417c       0x64 ./board/clock_config.o
                0x0000417c                BOARD_BootClockRUN
 .text.CLOCK_EnableClock
                0x000041e0       0x34 ./board/pin_mux.o
 .text.PORT_SetPinMux
                0x00004214       0x40 ./board/pin_mux.o
 .text.BOARD_InitPins
                0x00004254       0x74 ./board/pin_mux.o
                0x00004254                BOARD_InitPins
 .text.SystemInit
                0x000042c8       0x18 ./CMSIS/system_MKL25Z4.o
                0x000042c8                SystemInit
 .text.__assertion_failed
                0x000042e0       0x4c c:/nxp/mcuxpressoide_11.1.0_3209/ide/plugins/com.nxp.mcuxpresso.tools.win32_11.1.0.201909161352/tools/bin/../lib/gcc/arm-none-eabi/8.3.1/../../../../arm-none-eabi/lib/thumb/v6-m/nofp\libcr_semihost_nf.a(_cr_assert.o)
                0x000042e0                __assertion_failed
 .text.__sys_appexit
                0x0000432c        0xc c:/nxp/mcuxpressoide_11.1.0_3209/ide/plugins/com.nxp.mcuxpresso.tools.win32_11.1.0.201909161352/tools/bin/../lib/gcc/arm-none-eabi/8.3.1/../../../../arm-none-eabi/lib/thumb/v6-m/nofp\libcr_semihost_nf.a(__sys_appexit.o)
                0x0000432c                __sys_appexit
                0x0000432c                __exit
 .text._deferredlazyseek
                0x00004338       0x40 c:/nxp/mcuxpressoide_11.1.0_3209/ide/plugins/com.nxp.mcuxpresso.tools.win32_11.1.0.201909161352/tools/bin/../lib/gcc/arm-none-eabi/8.3.1/../../../../arm-none-eabi/lib/thumb/v6-m/nofp\libcr_c.a(_deferredlazyseek.o)
                0x00004338                _deferredlazyseek
 .text.__flsbuf
                0x00004378      0x14c c:/nxp/mcuxpressoide_11.1.0_3209/ide/plugins/com.nxp.mcuxpresso.tools.win32_11.1.0.201909161352/tools/bin/../lib/gcc/arm-none-eabi/8.3.1/../../../../arm-none-eabi/lib/thumb/v6-m/nofp\libcr_c.a(_deferredlazyseek.o)
                0x00004378                __flsbuf
 .text._fflush  0x000044c4       0x5c c:/nxp/mcuxpressoide_11.1.0_3209/ide/plugins/com.nxp.mcuxpresso.tools.win32_11.1.0.201909161352/tools/bin/../lib/gcc/arm-none-eabi/8.3.1/../../../../arm-none-eabi/lib/thumb/v6-m/nofp\libcr_c.a(_fflush.o)
                0x000044c4                _fflush
 .text._Cwritebuf
                0x00004520       0x68 c:/nxp/mcuxpressoide_11.1.0_3209/ide/plugins/com.nxp.mcuxpresso.tools.win32_11.1.0.201909161352/tools/bin/../lib/gcc/arm-none-eabi/8.3.1/../../../../arm-none-eabi/lib/thumb/v6-m/nofp\libcr_c.a(_writebuf.o)
                0x00004520                _Cwritebuf
 .text.malloc   0x00004588       0xcc c:/nxp/mcuxpressoide_11.1.0_3209/ide/plugins/com.nxp.mcuxpresso.tools.win32_11.1.0.201909161352/tools/bin/../lib/gcc/arm-none-eabi/8.3.1/../../../../arm-none-eabi/lib/thumb/v6-m/nofp\libcr_c.a(alloc.o)
                0x00004588                malloc
 .text._Csys_alloc
                0x00004654       0x20 c:/nxp/mcuxpressoide_11.1.0_3209/ide/plugins/com.nxp.mcuxpresso.tools.win32_11.1.0.201909161352/tools/bin/../lib/gcc/arm-none-eabi/8.3.1/../../../../arm-none-eabi/lib/thumb/v6-m/nofp\libcr_c.a(alloc.o)
                0x00004654                _Csys_alloc
 .text.fseek    0x00004674       0xf0 c:/nxp/mcuxpressoide_11.1.0_3209/ide/plugins/com.nxp.mcuxpresso.tools.win32_11.1.0.201909161352/tools/bin/../lib/gcc/arm-none-eabi/8.3.1/../../../../arm-none-eabi/lib/thumb/v6-m/nofp\libcr_c.a(fseek.o)
                0x00004674                fseek
 .text.ftell    0x00004764       0x48 c:/nxp/mcuxpressoide_11.1.0_3209/ide/plugins/com.nxp.mcuxpresso.tools.win32_11.1.0.201909161352/tools/bin/../lib/gcc/arm-none-eabi/8.3.1/../../../../arm-none-eabi/lib/thumb/v6-m/nofp\libcr_c.a(ftell.o)
                0x00004764                ftell
 .text._initio  0x000047ac       0x7c c:/nxp/mcuxpressoide_11.1.0_3209/ide/plugins/com.nxp.mcuxpresso.tools.win32_11.1.0.201909161352/tools/bin/../lib/gcc/arm-none-eabi/8.3.1/../../../../arm-none-eabi/lib/thumb/v6-m/nofp\libcr_c.a(initio.o)
                0x000047ac                _initio
 .text._terminateio
                0x00004828       0x50 c:/nxp/mcuxpressoide_11.1.0_3209/ide/plugins/com.nxp.mcuxpresso.tools.win32_11.1.0.201909161352/tools/bin/../lib/gcc/arm-none-eabi/8.3.1/../../../../arm-none-eabi/lib/thumb/v6-m/nofp\libcr_c.a(initio.o)
                0x00004828                _terminateio
 .text.__vfprintf
                0x00004878      0xcd8 c:/nxp/mcuxpressoide_11.1.0_3209/ide/plugins/com.nxp.mcuxpresso.tools.win32_11.1.0.201909161352/tools/bin/../lib/gcc/arm-none-eabi/8.3.1/../../../../arm-none-eabi/lib/thumb/v6-m/nofp\libcr_c.a(printf.o)
                0x00004878                __vfprintf
 .text._vsnprintf
                0x00005550       0x70 c:/nxp/mcuxpressoide_11.1.0_3209/ide/plugins/com.nxp.mcuxpresso.tools.win32_11.1.0.201909161352/tools/bin/../lib/gcc/arm-none-eabi/8.3.1/../../../../arm-none-eabi/lib/thumb/v6-m/nofp\libcr_c.a(printf.o)
                0x00005550                _vsnprintf
 .text._printf  0x000055c0       0x50 c:/nxp/mcuxpressoide_11.1.0_3209/ide/plugins/com.nxp.mcuxpresso.tools.win32_11.1.0.201909161352/tools/bin/../lib/gcc/arm-none-eabi/8.3.1/../../../../arm-none-eabi/lib/thumb/v6-m/nofp\libcr_c.a(printf.o)
                0x000055c0                _printf
 .text.ch_val   0x00005610       0x30 c:/nxp/mcuxpressoide_11.1.0_3209/ide/plugins/com.nxp.mcuxpresso.tools.win32_11.1.0.201909161352/tools/bin/../lib/gcc/arm-none-eabi/8.3.1/../../../../arm-none-eabi/lib/thumb/v6-m/nofp\libcr_c.a(scanf.o)
 .text._strtoul
                0x00005640       0xd0 c:/nxp/mcuxpressoide_11.1.0_3209/ide/plugins/com.nxp.mcuxpresso.tools.win32_11.1.0.201909161352/tools/bin/../lib/gcc/arm-none-eabi/8.3.1/../../../../arm-none-eabi/lib/thumb/v6-m/nofp\libcr_c.a(scanf.o)
 .text.cr_rd_int
                0x00005710      0x1c8 c:/nxp/mcuxpressoide_11.1.0_3209/ide/plugins/com.nxp.mcuxpresso.tools.win32_11.1.0.201909161352/tools/bin/../lib/gcc/arm-none-eabi/8.3.1/../../../../arm-none-eabi/lib/thumb/v6-m/nofp\libcr_c.a(scanf.o)
 .text.vfscanf  0x000058d8      0x968 c:/nxp/mcuxpressoide_11.1.0_3209/ide/plugins/com.nxp.mcuxpresso.tools.win32_11.1.0.201909161352/tools/bin/../lib/gcc/arm-none-eabi/8.3.1/../../../../arm-none-eabi/lib/thumb/v6-m/nofp\libcr_c.a(scanf.o)
                0x000058d8                vfscanf
 .text.strtoul  0x00006240       0x90 c:/nxp/mcuxpressoide_11.1.0_3209/ide/plugins/com.nxp.mcuxpresso.tools.win32_11.1.0.201909161352/tools/bin/../lib/gcc/arm-none-eabi/8.3.1/../../../../arm-none-eabi/lib/thumb/v6-m/nofp\libcr_c.a(scanf.o)
                0x00006240                strtoul
 .text.setvbuf  0x000062d0       0x4c c:/nxp/mcuxpressoide_11.1.0_3209/ide/plugins/com.nxp.mcuxpresso.tools.win32_11.1.0.201909161352/tools/bin/../lib/gcc/arm-none-eabi/8.3.1/../../../../arm-none-eabi/lib/thumb/v6-m/nofp\libcr_c.a(setvbuf.o)
                0x000062d0                setvbuf
 .text.exit     0x0000631c       0x2c c:/nxp/mcuxpressoide_11.1.0_3209/ide/plugins/com.nxp.mcuxpresso.tools.win32_11.1.0.201909161352/tools/bin/../lib/gcc/arm-none-eabi/8.3.1/../../../../arm-none-eabi/lib/thumb/v6-m/nofp\libcr_c.a(stdlib.o)
                0x0000631c                exit
 .text.strcmp   0x00006348       0x44 c:/nxp/mcuxpressoide_11.1.0_3209/ide/plugins/com.nxp.mcuxpresso.tools.win32_11.1.0.201909161352/tools/bin/../lib/gcc/arm-none-eabi/8.3.1/../../../../arm-none-eabi/lib/thumb/v6-m/nofp\libcr_c.a(strcmp.o)
                0x00006348                strcmp
 .text.strcpy   0x0000638c       0x44 c:/nxp/mcuxpressoide_11.1.0_3209/ide/plugins/com.nxp.mcuxpresso.tools.win32_11.1.0.201909161352/tools/bin/../lib/gcc/arm-none-eabi/8.3.1/../../../../arm-none-eabi/lib/thumb/v6-m/nofp\libcr_c.a(strcpy.o)
                0x0000638c                strcpy
 .text.strlen   0x000063d0       0x58 c:/nxp/mcuxpressoide_11.1.0_3209/ide/plugins/com.nxp.mcuxpresso.tools.win32_11.1.0.201909161352/tools/bin/../lib/gcc/arm-none-eabi/8.3.1/../../../../arm-none-eabi/lib/thumb/v6-m/nofp\libcr_c.a(strlen.o)
                0x000063d0                strlen
 .text.strtok   0x00006428       0x44 c:/nxp/mcuxpressoide_11.1.0_3209/ide/plugins/com.nxp.mcuxpresso.tools.win32_11.1.0.201909161352/tools/bin/../lib/gcc/arm-none-eabi/8.3.1/../../../../arm-none-eabi/lib/thumb/v6-m/nofp\libcr_c.a(strtok.o)
                0x00006428                strtok
 .text.ungetc   0x0000646c       0x38 c:/nxp/mcuxpressoide_11.1.0_3209/ide/plugins/com.nxp.mcuxpresso.tools.win32_11.1.0.201909161352/tools/bin/../lib/gcc/arm-none-eabi/8.3.1/../../../../arm-none-eabi/lib/thumb/v6-m/nofp\libcr_c.a(ungetc.o)
                0x0000646c                ungetc
 .text.__filbuf
                0x000064a4      0x188 c:/nxp/mcuxpressoide_11.1.0_3209/ide/plugins/com.nxp.mcuxpresso.tools.win32_11.1.0.201909161352/tools/bin/../lib/gcc/arm-none-eabi/8.3.1/../../../../arm-none-eabi/lib/thumb/v6-m/nofp\libcr_c.a(__fillbuf.o)
                0x000064a4                __filbuf
 .text._sbrk    0x0000662c       0x40 c:/nxp/mcuxpressoide_11.1.0_3209/ide/plugins/com.nxp.mcuxpresso.tools.win32_11.1.0.201909161352/tools/bin/../lib/gcc/arm-none-eabi/8.3.1/../../../../arm-none-eabi/lib/thumb/v6-m/nofp\libcr_c.a(_cr_sbrk.o)
                0x0000662c                _sbrk
 .text._fdopen  0x0000666c       0x74 c:/nxp/mcuxpressoide_11.1.0_3209/ide/plugins/com.nxp.mcuxpresso.tools.win32_11.1.0.201909161352/tools/bin/../lib/gcc/arm-none-eabi/8.3.1/../../../../arm-none-eabi/lib/thumb/v6-m/nofp\libcr_c.a(_fdopen.o)
                0x0000666c                _fdopen
 .text._frexpl  0x000066e0       0x80 c:/nxp/mcuxpressoide_11.1.0_3209/ide/plugins/com.nxp.mcuxpresso.tools.win32_11.1.0.201909161352/tools/bin/../lib/gcc/arm-none-eabi/8.3.1/../../../../arm-none-eabi/lib/thumb/v6-m/nofp\libcr_c.a(_frexpl.o)
                0x000066e0                _frexpl
 .text._ldexpl  0x00006760       0x58 c:/nxp/mcuxpressoide_11.1.0_3209/ide/plugins/com.nxp.mcuxpresso.tools.win32_11.1.0.201909161352/tools/bin/../lib/gcc/arm-none-eabi/8.3.1/../../../../arm-none-eabi/lib/thumb/v6-m/nofp\libcr_c.a(_ldexpl.o)
                0x00006760                _ldexpl
 .text.fclose   0x000067b8       0x5c c:/nxp/mcuxpressoide_11.1.0_3209/ide/plugins/com.nxp.mcuxpresso.tools.win32_11.1.0.201909161352/tools/bin/../lib/gcc/arm-none-eabi/8.3.1/../../../../arm-none-eabi/lib/thumb/v6-m/nofp\libcr_c.a(fclose.o)
                0x000067b8                fclose
 .text.fflush   0x00006814       0x44 c:/nxp/mcuxpressoide_11.1.0_3209/ide/plugins/com.nxp.mcuxpresso.tools.win32_11.1.0.201909161352/tools/bin/../lib/gcc/arm-none-eabi/8.3.1/../../../../arm-none-eabi/lib/thumb/v6-m/nofp\libcr_c.a(fflush.o)
                0x00006814                fflush
 .text.__check_heap_overflow
                0x00006858       0x14 c:/nxp/mcuxpressoide_11.1.0_3209/ide/plugins/com.nxp.mcuxpresso.tools.win32_11.1.0.201909161352/tools/bin/../lib/gcc/arm-none-eabi/8.3.1/../../../../arm-none-eabi/lib/thumb/v6-m/nofp\libcr_c.a(_cr_check_heap.o)
                0x00006858                __check_heap_overflow
 .text._do_fflush
                0x0000686c       0x44 c:/nxp/mcuxpressoide_11.1.0_3209/ide/plugins/com.nxp.mcuxpresso.tools.win32_11.1.0.201909161352/tools/bin/../lib/gcc/arm-none-eabi/8.3.1/../../../../arm-none-eabi/lib/thumb/v6-m/nofp\libcr_c.a(_do_fflush.o)
                0x0000686c                _do_fflush
 .text.__aeabi_dmul
                0x000068b0      0x188 c:/nxp/mcuxpressoide_11.1.0_3209/ide/plugins/com.nxp.mcuxpresso.tools.win32_11.1.0.201909161352/tools/bin/../lib/gcc/arm-none-eabi/8.3.1/thumb/v6-m/nofp\libcr_eabihelpers.a(double.o)
                0x000068b0                __aeabi_dmul
 .text.__aeabi_ddiv
                0x00006a38      0x148 c:/nxp/mcuxpressoide_11.1.0_3209/ide/plugins/com.nxp.mcuxpresso.tools.win32_11.1.0.201909161352/tools/bin/../lib/gcc/arm-none-eabi/8.3.1/thumb/v6-m/nofp\libcr_eabihelpers.a(double.o)
                0x00006a38                __aeabi_ddiv
 .text.__aeabi_dsub
                0x00006b80      0x1c4 c:/nxp/mcuxpressoide_11.1.0_3209/ide/plugins/com.nxp.mcuxpresso.tools.win32_11.1.0.201909161352/tools/bin/../lib/gcc/arm-none-eabi/8.3.1/thumb/v6-m/nofp\libcr_eabihelpers.a(double.o)
                0x00006b80                __aeabi_dsub
 .text.__aeabi_dadd
                0x00006d44      0x12c c:/nxp/mcuxpressoide_11.1.0_3209/ide/plugins/com.nxp.mcuxpresso.tools.win32_11.1.0.201909161352/tools/bin/../lib/gcc/arm-none-eabi/8.3.1/thumb/v6-m/nofp\libcr_eabihelpers.a(double.o)
                0x00006d44                __aeabi_dadd
 .text.__aeabi_d2f
                0x00006e70       0x60 c:/nxp/mcuxpressoide_11.1.0_3209/ide/plugins/com.nxp.mcuxpresso.tools.win32_11.1.0.201909161352/tools/bin/../lib/gcc/arm-none-eabi/8.3.1/thumb/v6-m/nofp\libcr_eabihelpers.a(double.o)
                0x00006e70                __aeabi_d2f
 .text.__aeabi_dcmpeq
                0x00006ed0       0x30 c:/nxp/mcuxpressoide_11.1.0_3209/ide/plugins/com.nxp.mcuxpresso.tools.win32_11.1.0.201909161352/tools/bin/../lib/gcc/arm-none-eabi/8.3.1/thumb/v6-m/nofp\libcr_eabihelpers.a(double.o)
                0x00006ed0                __aeabi_dcmpeq
 .text.__aeabi_dcmpge
                0x00006f00       0x60 c:/nxp/mcuxpressoide_11.1.0_3209/ide/plugins/com.nxp.mcuxpresso.tools.win32_11.1.0.201909161352/tools/bin/../lib/gcc/arm-none-eabi/8.3.1/thumb/v6-m/nofp\libcr_eabihelpers.a(double.o)
                0x00006f00                __aeabi_dcmpge
 .text.UART_EnableTx
                0x00006f60       0x40 ./utilities/fsl_debug_console.o
 .text.UART_EnableRx
                0x00006fa0       0x40 ./utilities/fsl_debug_console.o
 .text.LPSCI_EnableTx
                0x00006fe0       0x40 ./utilities/fsl_debug_console.o
 .text.LPSCI_EnableRx
                0x00007020       0x40 ./utilities/fsl_debug_console.o
 .text.System_exit
                0x00007060        0xc ./uCUnit/System.o
                0x00007060                System_exit
 .text.System_WriteString
                0x0000706c       0x18 ./uCUnit/System.o
                0x0000706c                System_WriteString
 .text.gen_pattern
                0x00007084      0x106 ./source/prng.o
                0x00007084                gen_pattern
 .text.OSC_SetExtRefClkConfig
                0x0000718a       0x3e ./drivers/fsl_clock.o
 .text.OSC_SetCapLoad
                0x000071c8       0x42 ./drivers/fsl_clock.o
 .text.CLOCK_GetPll0RefFreq
                0x0000720a       0x10 ./drivers/fsl_clock.o
 .text.CLOCK_SetExternalRefClkConfig
                0x0000721a       0x16 ./drivers/fsl_clock.o
                0x0000721a                CLOCK_SetExternalRefClkConfig
 .text.LPSCI_GetStatusFlags
                0x00007230       0x26 ./drivers/fsl_lpsci.o
                0x00007230                LPSCI_GetStatusFlags
 .text.UART_GetStatusFlags
                0x00007256       0x26 ./drivers/fsl_uart.o
                0x00007256                UART_GetStatusFlags
 .text.UART_WriteBlocking
                0x0000727c       0x3a ./drivers/fsl_uart.o
                0x0000727c                UART_WriteBlocking
 .text.BOARD_InitBootClocks
                0x000072b6        0xe ./board/clock_config.o
                0x000072b6                BOARD_InitBootClocks
 .text.BOARD_InitBootPeripherals
                0x000072c4        0xa ./board/peripherals.o
                0x000072c4                BOARD_InitBootPeripherals
 .text.BOARD_InitBootPins
                0x000072ce        0xe ./board/pin_mux.o
                0x000072ce                BOARD_InitBootPins
 .text.__main   0x000072dc        0xc c:/nxp/mcuxpressoide_11.1.0_3209/ide/plugins/com.nxp.mcuxpresso.tools.win32_11.1.0.201909161352/tools/bin/../lib/gcc/arm-none-eabi/8.3.1/../../../../arm-none-eabi/lib/thumb/v6-m/nofp\libcr_semihost_nf.a(_cr__main.o)
                0x000072dc                __CR_SEMIHOST
                0x000072dc                __main
 .text.memcpy   0x000072e8        0x8 c:/nxp/mcuxpressoide_11.1.0_3209/ide/plugins/com.nxp.mcuxpresso.tools.win32_11.1.0.201909161352/tools/bin/../lib/gcc/arm-none-eabi/8.3.1/../../../../arm-none-eabi/lib/thumb/v6-m/nofp\libcr_c.a(memcpy.o)
                0x000072e8                memcpy
 .text.memset   0x000072f0        0x8 c:/nxp/mcuxpressoide_11.1.0_3209/ide/plugins/com.nxp.mcuxpresso.tools.win32_11.1.0.201909161352/tools/bin/../lib/gcc/arm-none-eabi/8.3.1/../../../../arm-none-eabi/lib/thumb/v6-m/nofp\libcr_c.a(memset.o)
                0x000072f0                memset
 .text.free     0x000072f8       0x2c c:/nxp/mcuxpressoide_11.1.0_3209/ide/plugins/com.nxp.mcuxpresso.tools.win32_11.1.0.201909161352/tools/bin/../lib/gcc/arm-none-eabi/8.3.1/../../../../arm-none-eabi/lib/thumb/v6-m/nofp\libcr_c.a(alloc.o)
                0x000072f8                free
 .text.calloc   0x00007324       0x50 c:/nxp/mcuxpressoide_11.1.0_3209/ide/plugins/com.nxp.mcuxpresso.tools.win32_11.1.0.201909161352/tools/bin/../lib/gcc/arm-none-eabi/8.3.1/../../../../arm-none-eabi/lib/thumb/v6-m/nofp\libcr_c.a(alloc.o)
                0x00007324                calloc
 .text.fputs    0x00007374       0x2e c:/nxp/mcuxpressoide_11.1.0_3209/ide/plugins/com.nxp.mcuxpresso.tools.win32_11.1.0.201909161352/tools/bin/../lib/gcc/arm-none-eabi/8.3.1/../../../../arm-none-eabi/lib/thumb/v6-m/nofp\libcr_c.a(fputs.o)
                0x00007374                fputs
 .text.no_fp_display
                0x000073a2        0x4 c:/nxp/mcuxpressoide_11.1.0_3209/ide/plugins/com.nxp.mcuxpresso.tools.win32_11.1.0.201909161352/tools/bin/../lib/gcc/arm-none-eabi/8.3.1/../../../../arm-none-eabi/lib/thumb/v6-m/nofp\libcr_c.a(printf.o)
 .text.sscanf   0x000073a6       0x3c c:/nxp/mcuxpressoide_11.1.0_3209/ide/plugins/com.nxp.mcuxpresso.tools.win32_11.1.0.201909161352/tools/bin/../lib/gcc/arm-none-eabi/8.3.1/../../../../arm-none-eabi/lib/thumb/v6-m/nofp\libcr_c.a(scanf.o)
                0x000073a6                sscanf
 .text._Csys_read_
                0x000073e2       0x24 c:/nxp/mcuxpressoide_11.1.0_3209/ide/plugins/com.nxp.mcuxpresso.tools.win32_11.1.0.201909161352/tools/bin/../lib/gcc/arm-none-eabi/8.3.1/../../../../arm-none-eabi/lib/thumb/v6-m/nofp\libcr_c.a(__fillbuf.o)
                0x000073e2                _Csys_read_
 .text.remove   0x00007406       0x12 c:/nxp/mcuxpressoide_11.1.0_3209/ide/plugins/com.nxp.mcuxpresso.tools.win32_11.1.0.201909161352/tools/bin/../lib/gcc/arm-none-eabi/8.3.1/../../../../arm-none-eabi/lib/thumb/v6-m/nofp\libcr_c.a(remove.o)
                0x00007406                remove
 .text.strcspn  0x00007418       0x22 c:/nxp/mcuxpressoide_11.1.0_3209/ide/plugins/com.nxp.mcuxpresso.tools.win32_11.1.0.201909161352/tools/bin/../lib/gcc/arm-none-eabi/8.3.1/../../../../arm-none-eabi/lib/thumb/v6-m/nofp\libcr_c.a(strcspn.o)
                0x00007418                strcspn
 .text.strspn   0x0000743a       0x22 c:/nxp/mcuxpressoide_11.1.0_3209/ide/plugins/com.nxp.mcuxpresso.tools.win32_11.1.0.201909161352/tools/bin/../lib/gcc/arm-none-eabi/8.3.1/../../../../arm-none-eabi/lib/thumb/v6-m/nofp\libcr_c.a(strspn.o)
                0x0000743a                strspn
 .text.__aeabi_division_idivmod
                0x0000745c       0x78 c:/nxp/mcuxpressoide_11.1.0_3209/ide/plugins/com.nxp.mcuxpresso.tools.win32_11.1.0.201909161352/tools/bin/../lib/gcc/arm-none-eabi/8.3.1/thumb/v6-m/nofp\libcr_eabihelpers.a(division_32.o)
                0x0000745c                __aeabi_idivmod
                0x0000745c                __aeabi_idiv
                0x00007462                __aeabi_uidivmod
                0x00007462                __aeabi_uidiv
 .text.__aeabi_division_idiv0
                0x000074d4        0x2 c:/nxp/mcuxpressoide_11.1.0_3209/ide/plugins/com.nxp.mcuxpresso.tools.win32_11.1.0.201909161352/tools/bin/../lib/gcc/arm-none-eabi/8.3.1/thumb/v6-m/nofp\libcr_eabihelpers.a(division_idiv0.o)
                0x000074d4                __aeabi_idiv0
 .text.__bhs_ui2d
                0x000074d6       0x5e c:/nxp/mcuxpressoide_11.1.0_3209/ide/plugins/com.nxp.mcuxpresso.tools.win32_11.1.0.201909161352/tools/bin/../lib/gcc/arm-none-eabi/8.3.1/thumb/v6-m/nofp\libcr_eabihelpers.a(double.o)
                0x000074d6                __bhs_ui2d
 .text.__aeabi_i2d
                0x00007534       0x18 c:/nxp/mcuxpressoide_11.1.0_3209/ide/plugins/com.nxp.mcuxpresso.tools.win32_11.1.0.201909161352/tools/bin/../lib/gcc/arm-none-eabi/8.3.1/thumb/v6-m/nofp\libcr_eabihelpers.a(double.o)
                0x00007534                __aeabi_i2d
 .text.__aeabi_llong_lmul
                0x0000754c       0x2e c:/nxp/mcuxpressoide_11.1.0_3209/ide/plugins/com.nxp.mcuxpresso.tools.win32_11.1.0.201909161352/tools/bin/../lib/gcc/arm-none-eabi/8.3.1/thumb/v6-m/nofp\libcr_eabihelpers.a(llong.o)
                0x0000754c                __aeabi_lmul
 .text.__aeabi_memcpy
                0x0000757a       0x2c c:/nxp/mcuxpressoide_11.1.0_3209/ide/plugins/com.nxp.mcuxpresso.tools.win32_11.1.0.201909161352/tools/bin/../lib/gcc/arm-none-eabi/8.3.1/thumb/v6-m/nofp\libcr_eabihelpers.a(memcpy.o)
                0x0000757a                __aeabi_memcpy4
                0x0000757a                __aeabi_memcpy8
                0x0000757a                __aeabi_memcpy
 .text.__aeabi_memset_lowlevel
                0x000075a6       0x2a c:/nxp/mcuxpressoide_11.1.0_3209/ide/plugins/com.nxp.mcuxpresso.tools.win32_11.1.0.201909161352/tools/bin/../lib/gcc/arm-none-eabi/8.3.1/thumb/v6-m/nofp\libcr_eabihelpers.a(memcpy.o)
                0x000075a6                __aeabi_lowlevel_memset
 .text.__sys_close
                0x000075d0        0xc c:/nxp/mcuxpressoide_11.1.0_3209/ide/plugins/com.nxp.mcuxpresso.tools.win32_11.1.0.201909161352/tools/bin/../lib/gcc/arm-none-eabi/8.3.1/../../../../arm-none-eabi/lib/thumb/v6-m/nofp\libcr_semihost_nf.a(__sys_close.o)
                0x000075d0                __sys_close
 .text.__sys_flen
                0x000075dc        0xc c:/nxp/mcuxpressoide_11.1.0_3209/ide/plugins/com.nxp.mcuxpresso.tools.win32_11.1.0.201909161352/tools/bin/../lib/gcc/arm-none-eabi/8.3.1/../../../../arm-none-eabi/lib/thumb/v6-m/nofp\libcr_semihost_nf.a(__sys_flen.o)
                0x000075dc                __sys_flen
 .text.__sys_istty
                0x000075e8        0xc c:/nxp/mcuxpressoide_11.1.0_3209/ide/plugins/com.nxp.mcuxpresso.tools.win32_11.1.0.201909161352/tools/bin/../lib/gcc/arm-none-eabi/8.3.1/../../../../arm-none-eabi/lib/thumb/v6-m/nofp\libcr_semihost_nf.a(__sys_istty.o)
                0x000075e8                __sys_istty
 .text.__sys_read
                0x000075f4        0xc c:/nxp/mcuxpressoide_11.1.0_3209/ide/plugins/com.nxp.mcuxpresso.tools.win32_11.1.0.201909161352/tools/bin/../lib/gcc/arm-none-eabi/8.3.1/../../../../arm-none-eabi/lib/thumb/v6-m/nofp\libcr_semihost_nf.a(__sys_read.o)
                0x000075f4                __sys_read
 .text.__sys_remove
                0x00007600        0xc c:/nxp/mcuxpressoide_11.1.0_3209/ide/plugins/com.nxp.mcuxpresso.tools.win32_11.1.0.201909161352/tools/bin/../lib/gcc/arm-none-eabi/8.3.1/../../../../arm-none-eabi/lib/thumb/v6-m/nofp\libcr_semihost_nf.a(__sys_remove.o)
                0x00007600                __sys_remove
 .text.__sys_seek
                0x0000760c        0xc c:/nxp/mcuxpressoide_11.1.0_3209/ide/plugins/com.nxp.mcuxpresso.tools.win32_11.1.0.201909161352/tools/bin/../lib/gcc/arm-none-eabi/8.3.1/../../../../arm-none-eabi/lib/thumb/v6-m/nofp\libcr_semihost_nf.a(__sys_seek.o)
                0x0000760c                __sys_seek
 .text.__sys_tmpnam
                0x00007618        0xc c:/nxp/mcuxpressoide_11.1.0_3209/ide/plugins/com.nxp.mcuxpresso.tools.win32_11.1.0.201909161352/tools/bin/../lib/gcc/arm-none-eabi/8.3.1/../../../../arm-none-eabi/lib/thumb/v6-m/nofp\libcr_semihost_nf.a(__sys_tmpnam.o)
                0x00007618                __sys_tmpnam
 *(SORT_BY_ALIGNMENT(.rodata) SORT_BY_ALIGNMENT(.rodata.*) SORT_BY_ALIGNMENT(.constdata) SORT_BY_ALIGNMENT(.constdata.*))
 .rodata.System_Init.str1.4
                0x00007624       0x1d ./uCUnit/System.o
 *fill*         0x00007641        0x3 ff
 .rodata.System_Shutdown.str1.4
                0x00007644       0x13 ./uCUnit/System.o
 *fill*         0x00007657        0x1 ff
 .rodata.System_Safestate.str1.4
                0x00007658       0x15 ./uCUnit/System.o
 *fill*         0x0000766d        0x3 ff
 .rodata.System_WriteInt.str1.4
                0x00007670        0x3 ./uCUnit/System.o
 *fill*         0x00007673        0x1 ff
 .rodata.allocate_bytes.str1.4
                0x00007674       0xab ./source/allocate_mem.o
 *fill*         0x0000771f        0x1 ff
 .rodata.command_parser.str1.4
                0x00007720       0x22 ./source/command_parser.o
                                 0x26 (size before relaxing)
 *fill*         0x00007742        0x2 ff
 .rodata.compare_pattern.str1.4
                0x00007744       0x9c ./source/compare_pattern.o
                                 0xa8 (size before relaxing)
 .rodata.display_memory.str1.4
                0x000077e0      0x103 ./source/display_mem.o
                                0x113 (size before relaxing)
 *fill*         0x000078e3        0x1 ff
 .rodata.free_allocated.str1.4
                0x000078e4       0x64 ./source/free_mem.o
                                 0x70 (size before relaxing)
 .rodata.invert_block.str1.4
                0x00007948       0x69 ./source/invert_mem.o
                                 0xa9 (size before relaxing)
 *fill*         0x000079b1        0x3 ff
 .rodata.log_enable.str1.4
                0x000079b4       0x95 ./source/logger.o
 *fill*         0x00007a49        0x3 ff
 .rodata.log_status.str1.4
                0x00007a4c       0x26 ./source/logger.o
 *fill*         0x00007a72        0x2 ff
 .rodata.log_string.str1.4
                0x00007a74        0x5 ./source/logger.o
 *fill*         0x00007a79        0x3 ff
 .rodata.log_integer.str1.4
                0x00007a7c        0x5 ./source/logger.o
 *fill*         0x00007a81        0x3 ff
 .rodata.main.str1.4
                0x00007a84      0x27c ./source/main.o
                                0x29d (size before relaxing)
 .rodata        0x00007d00       0xc0 ./source/main.o
 .rodata.dec_to_bstr.str1.4
                0x00007dc0        0xf ./source/miscellaneous.o
 *fill*         0x00007dcf        0x1 ff
 .rodata.Run_Testcases.str1.4
                0x00007dd0       0xa1 ./source/uCUnit_testsuit.o
 *fill*         0x00007e71        0x3 ff
 .rodata.Testsuite_RunTests.str1.4
                0x00007e74       0x73 ./source/uCUnit_testsuit.o
 *fill*         0x00007ee7        0x1 ff
 .rodata.Test_AllocateBytes.str1.4
                0x00007ee8      0x10c ./source/uCUnit_testsuit.o
                                0x111 (size before relaxing)
 .rodata.Test_VerifyMemory.str1.4
                0x00007ff4       0x43 ./source/uCUnit_testsuit.o
 *fill*         0x00008037        0x1 ff
 .rodata.Test_DisplayMemory_01.str1.4
                0x00008038       0x58 ./source/uCUnit_testsuit.o
 .rodata.Test_DisplayMemory_02.str1.4
                0x00008090        0x8 ./source/uCUnit_testsuit.o
 .rodata.Test_WriteMemory_01.str1.4
                0x00008098       0x90 ./source/uCUnit_testsuit.o
 .rodata.Test_WriteMemory_02.str1.4
                0x00008128       0x28 ./source/uCUnit_testsuit.o
 .rodata.Test_DisplayMemory_03.str1.4
                0x00008150        0x8 ./source/uCUnit_testsuit.o
 .rodata.Test_InvertBlock.str1.4
                0x00008158       0x94 ./source/uCUnit_testsuit.o
 .rodata.Test_WritePattern.str1.4
                0x000081ec       0x48 ./source/uCUnit_testsuit.o
 .rodata.Test_ComparePattern.str1.4
                0x00008234       0x40 ./source/uCUnit_testsuit.o
 .rodata.Test_FreeAllocated.str1.4
                0x00008274       0x58 ./source/uCUnit_testsuit.o
 .rodata.verify_memory.str1.4
                0x000082cc       0x46 ./source/verify_mem.o
                                 0x52 (size before relaxing)
 *fill*         0x00008312        0x2 ff
 .rodata.write_memory.str1.4
                0x00008314       0x61 ./source/write_mem.o
                                 0xa1 (size before relaxing)
 *fill*         0x00008375        0x3 ff
 .rodata.write_pattern.str1.4
                0x00008378       0x62 ./source/write_pattern.o
                                 0xa2 (size before relaxing)
 *fill*         0x000083da        0x2 ff
 .rodata.CLOCK_GetMcgExtClkFreq.str1.4
                0x000083dc       0x1f ./drivers/fsl_clock.o
 *fill*         0x000083fb        0x1 ff
 .rodata.CLOCK_GetPll0Freq.str1.4
                0x000083fc       0x1e ./drivers/fsl_clock.o
 *fill*         0x0000841a        0x2 ff
 .rodata.CLOCK_EnablePll0.str1.4
                0x0000841c       0x1a ./drivers/fsl_clock.o
 *fill*         0x00008436        0x2 ff
 .rodata.CLOCK_SetPbeMode.str1.4
                0x00008438       0x1b ./drivers/fsl_clock.o
 *fill*         0x00008453        0x1 ff
 .rodata.CLOCK_BootToPeeMode.str1.4
                0x00008454       0x1b ./drivers/fsl_clock.o
 *fill*         0x0000846f        0x1 ff
 .rodata.fllFactorTable.5230
                0x00008470       0x10 ./drivers/fsl_clock.o
 .rodata.LPSCI_GetInstance.str1.4
                0x00008480       0x37 ./drivers/fsl_lpsci.o
 *fill*         0x000084b7        0x1 ff
 .rodata.LPSCI_Init.str1.4
                0x000084b8       0x44 ./drivers/fsl_lpsci.o
 .rodata.LPSCI_GetDefaultConfig.str1.4
                0x000084fc       0x1a ./drivers/fsl_lpsci.o
 *fill*         0x00008516        0x2 ff
 .rodata.LPSCI_WriteBlocking.str1.4
                0x00008518       0x18 ./drivers/fsl_lpsci.o
 .rodata.LPSCI_ReadBlocking.str1.4
                0x00008530       0x18 ./drivers/fsl_lpsci.o
 .rodata.s_uartBases
                0x00008548        0xc ./drivers/fsl_uart.o
 .rodata.s_uartClock
                0x00008554        0xc ./drivers/fsl_uart.o
 .rodata.UART_GetInstance.str1.4
                0x00008560       0x2c ./drivers/fsl_uart.o
 .rodata.UART_Init.str1.4
                0x0000858c       0x43 ./drivers/fsl_uart.o
 *fill*         0x000085cf        0x1 ff
 .rodata.UART_GetDefaultConfig.str1.4
                0x000085d0       0x19 ./drivers/fsl_uart.o
 *fill*         0x000085e9        0x3 ff
 .rodata.UART_ReadBlocking.str1.4
                0x000085ec       0x18 ./drivers/fsl_uart.o
                                 0x17 (size before relaxing)
 .rodata.mcgConfig_BOARD_BootClockRUN
                0x00008604        0xa ./board/clock_config.o
                0x00008604                mcgConfig_BOARD_BootClockRUN
 *fill*         0x0000860e        0x2 ff
 .rodata.simConfig_BOARD_BootClockRUN
                0x00008610        0x8 ./board/clock_config.o
                0x00008610                simConfig_BOARD_BootClockRUN
 .rodata.oscConfig_BOARD_BootClockRUN
                0x00008618        0x8 ./board/clock_config.o
                0x00008618                oscConfig_BOARD_BootClockRUN
 .rodata.__num_Ciob_streams
                0x00008620        0x4 c:/nxp/mcuxpressoide_11.1.0_3209/ide/plugins/com.nxp.mcuxpresso.tools.win32_11.1.0.201909161352/tools/bin/../lib/gcc/arm-none-eabi/8.3.1/../../../../arm-none-eabi/lib/thumb/v6-m/nofp\libcr_semihost_nf.a(__ciob.o)
                0x00008620                __num_Ciob_streams
 .rodata.__assertion_failed.str1.1
                0x00008624       0x15 c:/nxp/mcuxpressoide_11.1.0_3209/ide/plugins/com.nxp.mcuxpresso.tools.win32_11.1.0.201909161352/tools/bin/../lib/gcc/arm-none-eabi/8.3.1/../../../../arm-none-eabi/lib/thumb/v6-m/nofp\libcr_semihost_nf.a(_cr_assert.o)
 .rodata._Csys_alloc.str1.1
                0x00008639       0x18 c:/nxp/mcuxpressoide_11.1.0_3209/ide/plugins/com.nxp.mcuxpresso.tools.win32_11.1.0.201909161352/tools/bin/../lib/gcc/arm-none-eabi/8.3.1/../../../../arm-none-eabi/lib/thumb/v6-m/nofp\libcr_c.a(alloc.o)
 .rodata._initio.str1.1
                0x00008651        0x4 c:/nxp/mcuxpressoide_11.1.0_3209/ide/plugins/com.nxp.mcuxpresso.tools.win32_11.1.0.201909161352/tools/bin/../lib/gcc/arm-none-eabi/8.3.1/../../../../arm-none-eabi/lib/thumb/v6-m/nofp\libcr_c.a(initio.o)
 .rodata.__vfprintf.str1.1
                0x00008655       0x35 c:/nxp/mcuxpressoide_11.1.0_3209/ide/plugins/com.nxp.mcuxpresso.tools.win32_11.1.0.201909161352/tools/bin/../lib/gcc/arm-none-eabi/8.3.1/../../../../arm-none-eabi/lib/thumb/v6-m/nofp\libcr_c.a(printf.o)
                                 0x38 (size before relaxing)
 .rodata.str1.1
                0x0000868a        0x1 c:/nxp/mcuxpressoide_11.1.0_3209/ide/plugins/com.nxp.mcuxpresso.tools.win32_11.1.0.201909161352/tools/bin/../lib/gcc/arm-none-eabi/8.3.1/../../../../arm-none-eabi/lib/thumb/v6-m/nofp\libcr_c.a(strtok.o)
 .rodata.__ctype
                0x0000868a      0x180 c:/nxp/mcuxpressoide_11.1.0_3209/ide/plugins/com.nxp.mcuxpresso.tools.win32_11.1.0.201909161352/tools/bin/../lib/gcc/arm-none-eabi/8.3.1/../../../../arm-none-eabi/lib/thumb/v6-m/nofp\libcr_c.a(ctype.o)
                0x0000868a                __ctype
                0x0000880c                . = ALIGN (0x4)
 *fill*         0x0000880a        0x2 ff

.glue_7         0x0000880c        0x0
 .glue_7        0x0000880c        0x0 linker stubs

.glue_7t        0x0000880c        0x0
 .glue_7t       0x0000880c        0x0 linker stubs

.vfp11_veneer   0x0000880c        0x0
 .vfp11_veneer  0x0000880c        0x0 linker stubs

.v4_bx          0x0000880c        0x0
 .v4_bx         0x0000880c        0x0 linker stubs

.iplt           0x0000880c        0x0
 .iplt          0x0000880c        0x0 ./utilities/fsl_debug_console.o

.rel.dyn        0x0000880c        0x0
 .rel.iplt      0x0000880c        0x0 ./utilities/fsl_debug_console.o

.ARM.extab
 *(SORT_BY_ALIGNMENT(.ARM.extab*) SORT_BY_ALIGNMENT(.gnu.linkonce.armextab.*))
                0x0000880c                __exidx_start = .

.ARM.exidx
 *(SORT_BY_ALIGNMENT(.ARM.exidx*) SORT_BY_ALIGNMENT(.gnu.linkonce.armexidx.*))
                0x0000880c                __exidx_end = .
                0x0000880c                _etext = .

.m_usb_data
 *(SORT_BY_ALIGNMENT(m_usb_bdt))

.mtb_buffer_default
                0x1ffff000       0x80
 *(SORT_BY_ALIGNMENT(.mtb*))
 .mtb.$RAM1     0x1ffff000       0x80 ./source/mtb.o
                0x1ffff000                __mtb_buffer__

.uninit_RESERVED
                0x1ffff080        0x0
                0x1ffff080                _start_uninit_RESERVED = .
 *(SORT_BY_ALIGNMENT(.bss.$RESERVED*))
                0x1ffff080                . = ALIGN (0x4)
                0x1ffff080                _end_uninit_RESERVED = .

.data           0x1ffff080       0x18 load address 0x0000880c
 FILL mask 0xff
                0x1ffff080                _data = .
                [!provide]                PROVIDE (__start_data_RAM = .)
                [!provide]                PROVIDE (__start_data_SRAM = .)
 *(SORT_BY_ALIGNMENT(vtable))
 *(SORT_BY_ALIGNMENT(.ramfunc*))
 *(SORT_BY_ALIGNMENT(CodeQuickAccess))
 *(SORT_BY_ALIGNMENT(DataQuickAccess))
 *(SORT_BY_ALIGNMENT(RamFunction))
 *(SORT_BY_ALIGNMENT(.data*))
 .data.address  0x1ffff080        0x4 ./source/uCUnit_testsuit.o
                0x1ffff080                address
 .data.s_slowIrcFreq
                0x1ffff084        0x4 ./drivers/fsl_clock.o
 .data.SystemCoreClock
                0x1ffff088        0x4 ./CMSIS/system_MKL25Z4.o
                0x1ffff088                SystemCoreClock
 .data.neginf.4414
                0x1ffff08c        0x4 c:/nxp/mcuxpressoide_11.1.0_3209/ide/plugins/com.nxp.mcuxpresso.tools.win32_11.1.0.201909161352/tools/bin/../lib/gcc/arm-none-eabi/8.3.1/../../../../arm-none-eabi/lib/thumb/v6-m/nofp\libcr_c.a(scanf.o)
 .data.posinf.4413
                0x1ffff090        0x4 c:/nxp/mcuxpressoide_11.1.0_3209/ide/plugins/com.nxp.mcuxpresso.tools.win32_11.1.0.201909161352/tools/bin/../lib/gcc/arm-none-eabi/8.3.1/../../../../arm-none-eabi/lib/thumb/v6-m/nofp\libcr_c.a(scanf.o)
 .data.saves1.3899
                0x1ffff094        0x4 c:/nxp/mcuxpressoide_11.1.0_3209/ide/plugins/com.nxp.mcuxpresso.tools.win32_11.1.0.201909161352/tools/bin/../lib/gcc/arm-none-eabi/8.3.1/../../../../arm-none-eabi/lib/thumb/v6-m/nofp\libcr_c.a(strtok.o)
                0x1ffff098                . = ALIGN (0x4)
                0x1ffff098                _edata = .
                [!provide]                PROVIDE (__end_data_RAM = .)
                [!provide]                PROVIDE (__end_data_SRAM = .)

.igot.plt       0x1ffff098        0x0 load address 0x00008824
 .igot.plt      0x1ffff098        0x0 ./utilities/fsl_debug_console.o

.bss            0x1ffff098      0x194
                0x1ffff098                _bss = .
                [!provide]                PROVIDE (__start_bss_RAM = .)
                [!provide]                PROVIDE (__start_bss_SRAM = .)
 *(SORT_BY_ALIGNMENT(.bss*))
 .bss.s_debugConsole
                0x1ffff098       0x10 ./utilities/fsl_debug_console.o
 .bss.ucunit_checks_failed
                0x1ffff0a8        0x4 ./source/uCUnit_testsuit.o
 .bss.ucunit_checks_passed
                0x1ffff0ac        0x4 ./source/uCUnit_testsuit.o
 .bss.ucunit_testcases_failed
                0x1ffff0b0        0x4 ./source/uCUnit_testsuit.o
 .bss.ucunit_testcases_passed
                0x1ffff0b4        0x4 ./source/uCUnit_testsuit.o
 .bss.ucunit_testcases_failed_checks
                0x1ffff0b8        0x4 ./source/uCUnit_testsuit.o
 .bss.ucunit_checklist_failed_checks
                0x1ffff0bc        0x4 ./source/uCUnit_testsuit.o
 .bss.ucunit_action
                0x1ffff0c0        0x4 ./source/uCUnit_testsuit.o
 .bss.g_xtal0Freq
                0x1ffff0c4        0x4 ./drivers/fsl_clock.o
                0x1ffff0c4                g_xtal0Freq
 .bss.s_lpsciHandle
                0x1ffff0c8        0x4 ./drivers/fsl_lpsci.o
 .bss.s_lpsciIsr
                0x1ffff0cc        0x4 ./drivers/fsl_lpsci.o
 .bss.s_uartHandle
                0x1ffff0d0        0xc ./drivers/fsl_uart.o
 .bss.s_uartIsr
                0x1ffff0dc        0x4 ./drivers/fsl_uart.o
 .bss.__Ciob    0x1ffff0e0       0xb4 c:/nxp/mcuxpressoide_11.1.0_3209/ide/plugins/com.nxp.mcuxpresso.tools.win32_11.1.0.201909161352/tools/bin/../lib/gcc/arm-none-eabi/8.3.1/../../../../arm-none-eabi/lib/thumb/v6-m/nofp\libcr_semihost_nf.a(__ciob.o)
                0x1ffff0e0                __Ciob
 .bss._exitvector
                0x1ffff194       0x84 c:/nxp/mcuxpressoide_11.1.0_3209/ide/plugins/com.nxp.mcuxpresso.tools.win32_11.1.0.201909161352/tools/bin/../lib/gcc/arm-none-eabi/8.3.1/../../../../arm-none-eabi/lib/thumb/v6-m/nofp\libcr_c.a(stdlib.o)
                0x1ffff194                _exitvector
 .bss._number_of_exit_functions
                0x1ffff218        0x4 c:/nxp/mcuxpressoide_11.1.0_3209/ide/plugins/com.nxp.mcuxpresso.tools.win32_11.1.0.201909161352/tools/bin/../lib/gcc/arm-none-eabi/8.3.1/../../../../arm-none-eabi/lib/thumb/v6-m/nofp\libcr_c.a(stdlib.o)
                0x1ffff218                _number_of_exit_functions
 .bss.__end_of_heap
                0x1ffff21c        0x4 c:/nxp/mcuxpressoide_11.1.0_3209/ide/plugins/com.nxp.mcuxpresso.tools.win32_11.1.0.201909161352/tools/bin/../lib/gcc/arm-none-eabi/8.3.1/../../../../arm-none-eabi/lib/thumb/v6-m/nofp\libcr_c.a(__init_alloc.o)
                0x1ffff21c                __end_of_heap
 .bss.__heaps   0x1ffff220        0x4 c:/nxp/mcuxpressoide_11.1.0_3209/ide/plugins/com.nxp.mcuxpresso.tools.win32_11.1.0.201909161352/tools/bin/../lib/gcc/arm-none-eabi/8.3.1/../../../../arm-none-eabi/lib/thumb/v6-m/nofp\libcr_c.a(__init_alloc.o)
                0x1ffff220                __heaps
 .bss.errno     0x1ffff224        0x4 c:/nxp/mcuxpressoide_11.1.0_3209/ide/plugins/com.nxp.mcuxpresso.tools.win32_11.1.0.201909161352/tools/bin/../lib/gcc/arm-none-eabi/8.3.1/../../../../arm-none-eabi/lib/thumb/v6-m/nofp\libcr_c.a(errno.o)
                0x1ffff224                errno
 .bss.size      0x1ffff228        0x2 ./source/uCUnit_testsuit.o
                0x1ffff228                size
 .bss.logger    0x1ffff22a        0x1 ./source/logger.o
                0x1ffff22a                logger
 *(SORT_BY_ALIGNMENT(COMMON))
                0x1ffff22c                . = ALIGN (0x4)
 *fill*         0x1ffff22b        0x1 
                0x1ffff22c                _ebss = .
                [!provide]                PROVIDE (__end_bss_RAM = .)
                [!provide]                PROVIDE (__end_bss_SRAM = .)
                [!provide]                PROVIDE (end = .)

.noinit         0x1ffff22c        0x0
                0x1ffff22c                _noinit = .
                [!provide]                PROVIDE (__start_noinit_RAM = .)
                [!provide]                PROVIDE (__start_noinit_SRAM = .)
 *(SORT_BY_ALIGNMENT(.noinit*))
                0x1ffff22c                . = ALIGN (0x4)
                0x1ffff22c                _end_noinit = .
                [!provide]                PROVIDE (__end_noinit_RAM = .)
                [!provide]                PROVIDE (__end_noinit_SRAM = .)
                0x00000400                _HeapSize = 0x400

.heap           0x1ffff22c      0x400
                0x1ffff22c                _pvHeapStart = .
                0x1ffff62c                . = (. + _HeapSize)
 *fill*         0x1ffff22c      0x400 
                0x1ffff62c                . = ALIGN (0x4)
                0x1ffff62c                _pvHeapLimit = .
                0x00000400                _StackSize = 0x400

.heap2stackfill
                0x1ffff62c      0x400
                0x1ffffa2c                . = (. + _StackSize)
 *fill*         0x1ffff62c      0x400 

.stack          0x20002c00        0x0
                0x20002c00                _vStackBase = .
                0x20002c00                . = ALIGN (0x4)
                0x20003000                _vStackTop = (. + _StackSize)
                0x00000000                _image_start = LOADADDR (.text)
                0x00008824                _image_end = (LOADADDR (.data) + SIZEOF (.data))
                0x00008824                _image_size = (_image_end - _image_start)
OUTPUT(Project_3.axf elf32-littlearm)

.debug_info     0x00000000     0xaf64
 .debug_info    0x00000000      0xa38 ./utilities/fsl_debug_console.o
 .debug_info    0x00000a38      0x2aa ./uCUnit/System.o
 .debug_info    0x00000ce2      0x4df ./startup/startup_mkl25z4.o
 .debug_info    0x000011c1      0x3e5 ./source/allocate_mem.o
 .debug_info    0x000015a6      0x491 ./source/command_parser.o
 .debug_info    0x00001a37      0x41a ./source/compare_pattern.o
 .debug_info    0x00001e51      0x465 ./source/display_mem.o
 .debug_info    0x000022b6      0x3c7 ./source/free_mem.o
 .debug_info    0x0000267d      0x406 ./source/invert_mem.o
 .debug_info    0x00002a83      0x2df ./source/logger.o
 .debug_info    0x00002d62      0x978 ./source/main.o
 .debug_info    0x000036da      0x24b ./source/miscellaneous.o
 .debug_info    0x00003925       0x53 ./source/mtb.o
 .debug_info    0x00003978      0x23f ./source/prng.o
 .debug_info    0x00003bb7       0x3c ./source/semihost_hardfault.o
 .debug_info    0x00003bf3      0x7a8 ./source/uCUnit_testsuit.o
 .debug_info    0x0000439b      0x3c7 ./source/verify_mem.o
 .debug_info    0x00004762      0x3f7 ./source/write_mem.o
 .debug_info    0x00004b59      0x3e0 ./source/write_pattern.o
 .debug_info    0x00004f39     0x1a97 ./drivers/fsl_clock.o
 .debug_info    0x000069d0     0x1469 ./drivers/fsl_lpsci.o
 .debug_info    0x00007e39     0x140a ./drivers/fsl_uart.o
 .debug_info    0x00009243      0x80b ./board/board.o
 .debug_info    0x00009a4e      0xafe ./board/clock_config.o
 .debug_info    0x0000a54c       0x3c ./board/peripherals.o
 .debug_info    0x0000a588      0x5a3 ./board/pin_mux.o
 .debug_info    0x0000ab2b      0x439 ./CMSIS/system_MKL25Z4.o

.debug_abbrev   0x00000000     0x2629
 .debug_abbrev  0x00000000      0x22c ./utilities/fsl_debug_console.o
 .debug_abbrev  0x0000022c      0x10c ./uCUnit/System.o
 .debug_abbrev  0x00000338      0x18d ./startup/startup_mkl25z4.o
 .debug_abbrev  0x000004c5      0x105 ./source/allocate_mem.o
 .debug_abbrev  0x000005ca      0x123 ./source/command_parser.o
 .debug_abbrev  0x000006ed      0x131 ./source/compare_pattern.o
 .debug_abbrev  0x0000081e      0x121 ./source/display_mem.o
 .debug_abbrev  0x0000093f      0x105 ./source/free_mem.o
 .debug_abbrev  0x00000a44      0x11f ./source/invert_mem.o
 .debug_abbrev  0x00000b63      0x15d ./source/logger.o
 .debug_abbrev  0x00000cc0      0x187 ./source/main.o
 .debug_abbrev  0x00000e47      0x116 ./source/miscellaneous.o
 .debug_abbrev  0x00000f5d       0x46 ./source/mtb.o
 .debug_abbrev  0x00000fa3      0x113 ./source/prng.o
 .debug_abbrev  0x000010b6       0x31 ./source/semihost_hardfault.o
 .debug_abbrev  0x000010e7      0x17b ./source/uCUnit_testsuit.o
 .debug_abbrev  0x00001262      0x105 ./source/verify_mem.o
 .debug_abbrev  0x00001367      0x11f ./source/write_mem.o
 .debug_abbrev  0x00001486      0x10e ./source/write_pattern.o
 .debug_abbrev  0x00001594      0x36f ./drivers/fsl_clock.o
 .debug_abbrev  0x00001903      0x309 ./drivers/fsl_lpsci.o
 .debug_abbrev  0x00001c0c      0x323 ./drivers/fsl_uart.o
 .debug_abbrev  0x00001f2f      0x1a7 ./board/board.o
 .debug_abbrev  0x000020d6      0x211 ./board/clock_config.o
 .debug_abbrev  0x000022e7       0x31 ./board/peripherals.o
 .debug_abbrev  0x00002318      0x1bb ./board/pin_mux.o
 .debug_abbrev  0x000024d3      0x156 ./CMSIS/system_MKL25Z4.o

.debug_aranges  0x00000000      0x9a8
 .debug_aranges
                0x00000000       0x58 ./utilities/fsl_debug_console.o
 .debug_aranges
                0x00000058       0x50 ./uCUnit/System.o
 .debug_aranges
                0x000000a8      0x160 ./startup/startup_mkl25z4.o
 .debug_aranges
                0x00000208       0x20 ./source/allocate_mem.o
 .debug_aranges
                0x00000228       0x20 ./source/command_parser.o
 .debug_aranges
                0x00000248       0x20 ./source/compare_pattern.o
 .debug_aranges
                0x00000268       0x20 ./source/display_mem.o
 .debug_aranges
                0x00000288       0x20 ./source/free_mem.o
 .debug_aranges
                0x000002a8       0x20 ./source/invert_mem.o
 .debug_aranges
                0x000002c8       0x48 ./source/logger.o
 .debug_aranges
                0x00000310       0x20 ./source/main.o
 .debug_aranges
                0x00000330       0x20 ./source/miscellaneous.o
 .debug_aranges
                0x00000350       0x18 ./source/mtb.o
 .debug_aranges
                0x00000368       0x20 ./source/prng.o
 .debug_aranges
                0x00000388       0x20 ./source/semihost_hardfault.o
 .debug_aranges
                0x000003a8       0x80 ./source/uCUnit_testsuit.o
 .debug_aranges
                0x00000428       0x20 ./source/verify_mem.o
 .debug_aranges
                0x00000448       0x20 ./source/write_mem.o
 .debug_aranges
                0x00000468       0x20 ./source/write_pattern.o
 .debug_aranges
                0x00000488      0x1d8 ./drivers/fsl_clock.o
 .debug_aranges
                0x00000660      0x118 ./drivers/fsl_lpsci.o
 .debug_aranges
                0x00000778      0x130 ./drivers/fsl_uart.o
 .debug_aranges
                0x000008a8       0x28 ./board/board.o
 .debug_aranges
                0x000008d0       0x58 ./board/clock_config.o
 .debug_aranges
                0x00000928       0x20 ./board/peripherals.o
 .debug_aranges
                0x00000948       0x38 ./board/pin_mux.o
 .debug_aranges
                0x00000980       0x28 ./CMSIS/system_MKL25Z4.o

.debug_ranges   0x00000000      0x7f0
 .debug_ranges  0x00000000       0x48 ./utilities/fsl_debug_console.o
 .debug_ranges  0x00000048       0x40 ./uCUnit/System.o
 .debug_ranges  0x00000088      0x150 ./startup/startup_mkl25z4.o
 .debug_ranges  0x000001d8       0x10 ./source/allocate_mem.o
 .debug_ranges  0x000001e8       0x10 ./source/command_parser.o
 .debug_ranges  0x000001f8       0x10 ./source/compare_pattern.o
 .debug_ranges  0x00000208       0x10 ./source/display_mem.o
 .debug_ranges  0x00000218       0x10 ./source/free_mem.o
 .debug_ranges  0x00000228       0x10 ./source/invert_mem.o
 .debug_ranges  0x00000238       0x38 ./source/logger.o
 .debug_ranges  0x00000270       0x10 ./source/main.o
 .debug_ranges  0x00000280       0x10 ./source/miscellaneous.o
 .debug_ranges  0x00000290       0x10 ./source/prng.o
 .debug_ranges  0x000002a0       0x10 ./source/semihost_hardfault.o
 .debug_ranges  0x000002b0       0x70 ./source/uCUnit_testsuit.o
 .debug_ranges  0x00000320       0x10 ./source/verify_mem.o
 .debug_ranges  0x00000330       0x10 ./source/write_mem.o
 .debug_ranges  0x00000340       0x10 ./source/write_pattern.o
 .debug_ranges  0x00000350      0x1c8 ./drivers/fsl_clock.o
 .debug_ranges  0x00000518      0x108 ./drivers/fsl_lpsci.o
 .debug_ranges  0x00000620      0x120 ./drivers/fsl_uart.o
 .debug_ranges  0x00000740       0x18 ./board/board.o
 .debug_ranges  0x00000758       0x48 ./board/clock_config.o
 .debug_ranges  0x000007a0       0x10 ./board/peripherals.o
 .debug_ranges  0x000007b0       0x28 ./board/pin_mux.o
 .debug_ranges  0x000007d8       0x18 ./CMSIS/system_MKL25Z4.o

.debug_macro    0x00000000     0x9f18
 .debug_macro   0x00000000      0x13a ./utilities/fsl_debug_console.o
 .debug_macro   0x0000013a      0xaae ./utilities/fsl_debug_console.o
 .debug_macro   0x00000be8       0x10 ./utilities/fsl_debug_console.o
 .debug_macro   0x00000bf8       0x16 ./utilities/fsl_debug_console.o
 .debug_macro   0x00000c0e       0x10 ./utilities/fsl_debug_console.o
 .debug_macro   0x00000c1e      0x12e ./utilities/fsl_debug_console.o
 .debug_macro   0x00000d4c       0x28 ./utilities/fsl_debug_console.o
 .debug_macro   0x00000d74       0xc4 ./utilities/fsl_debug_console.o
 .debug_macro   0x00000e38       0x16 ./utilities/fsl_debug_console.o
 .debug_macro   0x00000e4e       0x22 ./utilities/fsl_debug_console.o
 .debug_macro   0x00000e70      0x5b3 ./utilities/fsl_debug_console.o
 .debug_macro   0x00001423       0x10 ./utilities/fsl_debug_console.o
 .debug_macro   0x00001433       0x3f ./utilities/fsl_debug_console.o
 .debug_macro   0x00001472       0x3a ./utilities/fsl_debug_console.o
 .debug_macro   0x000014ac       0x26 ./utilities/fsl_debug_console.o
 .debug_macro   0x000014d2      0x329 ./utilities/fsl_debug_console.o
 .debug_macro   0x000017fb       0x30 ./utilities/fsl_debug_console.o
 .debug_macro   0x0000182b     0x51e2 ./utilities/fsl_debug_console.o
 .debug_macro   0x00006a0d     0x1352 ./utilities/fsl_debug_console.o
 .debug_macro   0x00007d5f       0x3a ./utilities/fsl_debug_console.o
 .debug_macro   0x00007d99       0xf4 ./utilities/fsl_debug_console.o
 .debug_macro   0x00007e8d       0x35 ./utilities/fsl_debug_console.o
 .debug_macro   0x00007ec2       0xd2 ./utilities/fsl_debug_console.o
 .debug_macro   0x00007f94       0x2e ./utilities/fsl_debug_console.o
 .debug_macro   0x00007fc2       0x10 ./utilities/fsl_debug_console.o
 .debug_macro   0x00007fd2       0x10 ./utilities/fsl_debug_console.o
 .debug_macro   0x00007fe2      0x11b ./uCUnit/System.o
 .debug_macro   0x000080fd       0xd8 ./uCUnit/System.o
 .debug_macro   0x000081d5       0x22 ./uCUnit/System.o
 .debug_macro   0x000081f7       0x29 ./startup/startup_mkl25z4.o
 .debug_macro   0x00008220      0x160 ./source/allocate_mem.o
 .debug_macro   0x00008380      0x10a ./source/allocate_mem.o
 .debug_macro   0x0000848a      0x16a ./source/command_parser.o
 .debug_macro   0x000085f4      0x160 ./source/compare_pattern.o
 .debug_macro   0x00008754      0x160 ./source/display_mem.o
 .debug_macro   0x000088b4      0x160 ./source/free_mem.o
 .debug_macro   0x00008a14      0x160 ./source/invert_mem.o
 .debug_macro   0x00008b74       0x80 ./source/logger.o
 .debug_macro   0x00008bf4      0x1b2 ./source/main.o
 .debug_macro   0x00008da6       0x1c ./source/main.o
 .debug_macro   0x00008dc2       0x16 ./source/main.o
 .debug_macro   0x00008dd8       0x10 ./source/main.o
 .debug_macro   0x00008de8      0x112 ./source/main.o
 .debug_macro   0x00008efa       0x5e ./source/main.o
 .debug_macro   0x00008f58       0x7a ./source/miscellaneous.o
 .debug_macro   0x00008fd2       0x2f ./source/mtb.o
 .debug_macro   0x00009001       0x82 ./source/mtb.o
 .debug_macro   0x00009083       0x10 ./source/mtb.o
 .debug_macro   0x00009093       0x7a ./source/prng.o
 .debug_macro   0x0000910d       0x11 ./source/semihost_hardfault.o
 .debug_macro   0x0000911e      0x15a ./source/uCUnit_testsuit.o
 .debug_macro   0x00009278      0x111 ./source/uCUnit_testsuit.o
 .debug_macro   0x00009389      0x160 ./source/verify_mem.o
 .debug_macro   0x000094e9      0x160 ./source/write_mem.o
 .debug_macro   0x00009649      0x160 ./source/write_pattern.o
 .debug_macro   0x000097a9      0x196 ./drivers/fsl_clock.o
 .debug_macro   0x0000993f       0xec ./drivers/fsl_lpsci.o
 .debug_macro   0x00009a2b       0xf2 ./drivers/fsl_uart.o
 .debug_macro   0x00009b1d      0x12b ./board/board.o
 .debug_macro   0x00009c48      0x123 ./board/clock_config.o
 .debug_macro   0x00009d6b       0x1b ./board/peripherals.o
 .debug_macro   0x00009d86       0xee ./board/pin_mux.o
 .debug_macro   0x00009e74       0x10 ./board/pin_mux.o
 .debug_macro   0x00009e84       0x94 ./CMSIS/system_MKL25Z4.o

.debug_line     0x00000000     0x86ec
 .debug_line    0x00000000      0x503 ./utilities/fsl_debug_console.o
 .debug_line    0x00000503      0x41a ./uCUnit/System.o
 .debug_line    0x0000091d      0x1e7 ./startup/startup_mkl25z4.o
 .debug_line    0x00000b04      0x457 ./source/allocate_mem.o
 .debug_line    0x00000f5b      0x535 ./source/command_parser.o
 .debug_line    0x00001490      0x47b ./source/compare_pattern.o
 .debug_line    0x0000190b      0x4d1 ./source/display_mem.o
 .debug_line    0x00001ddc      0x428 ./source/free_mem.o
 .debug_line    0x00002204      0x486 ./source/invert_mem.o
 .debug_line    0x0000268a      0x272 ./source/logger.o
 .debug_line    0x000028fc      0x53d ./source/main.o
 .debug_line    0x00002e39      0x218 ./source/miscellaneous.o
 .debug_line    0x00003051       0xd1 ./source/mtb.o
 .debug_line    0x00003122      0x211 ./source/prng.o
 .debug_line    0x00003333       0x5a ./source/semihost_hardfault.o
 .debug_line    0x0000338d      0x997 ./source/uCUnit_testsuit.o
 .debug_line    0x00003d24      0x41e ./source/verify_mem.o
 .debug_line    0x00004142      0x4a3 ./source/write_mem.o
 .debug_line    0x000045e5      0x438 ./source/write_pattern.o
 .debug_line    0x00004a1d     0x12f9 ./drivers/fsl_clock.o
 .debug_line    0x00005d16      0xd7a ./drivers/fsl_lpsci.o
 .debug_line    0x00006a90      0xd69 ./drivers/fsl_uart.o
 .debug_line    0x000077f9      0x3c6 ./board/board.o
 .debug_line    0x00007bbf      0x403 ./board/clock_config.o
 .debug_line    0x00007fc2       0x5c ./board/peripherals.o
 .debug_line    0x0000801e      0x38f ./board/pin_mux.o
 .debug_line    0x000083ad      0x33f ./CMSIS/system_MKL25Z4.o

.debug_str      0x00000000    0x37550
 .debug_str     0x00000000    0x315f7 ./utilities/fsl_debug_console.o
                              0x3185a (size before relaxing)
 .debug_str     0x000315f7       0x89 ./uCUnit/System.o
                              0x30a09 (size before relaxing)
 .debug_str     0x00031680      0x3e1 ./startup/startup_mkl25z4.o
                               0x31ee (size before relaxing)
 .debug_str     0x00031a61     0x12dd ./source/allocate_mem.o
                              0x31c7e (size before relaxing)
 .debug_str     0x00032d3e       0xd1 ./source/command_parser.o
                              0x31d0e (size before relaxing)
 .debug_str     0x00032e0f       0x39 ./source/compare_pattern.o
                              0x31c7c (size before relaxing)
 .debug_str     0x00032e48       0x46 ./source/display_mem.o
                              0x31c8f (size before relaxing)
 .debug_str     0x00032e8e       0x24 ./source/free_mem.o
                              0x31c67 (size before relaxing)
 .debug_str     0x00032eb2       0x2d ./source/invert_mem.o
                              0x31c76 (size before relaxing)
 .debug_str     0x00032edf       0x78 ./source/logger.o
                               0x4947 (size before relaxing)
 .debug_str     0x00032f57      0xff8 ./source/main.o
                              0x330cf (size before relaxing)
 .debug_str     0x00033f4f       0x31 ./source/miscellaneous.o
                               0x4907 (size before relaxing)
 .debug_str     0x00033f80      0x532 ./source/mtb.o
                               0x32fa (size before relaxing)
 .debug_str     0x000344b2       0x1d ./source/prng.o
                               0x48f0 (size before relaxing)
 .debug_str     0x000344cf       0x1f ./source/semihost_hardfault.o
                               0x2de7 (size before relaxing)
 .debug_str     0x000344ee      0x144 ./source/uCUnit_testsuit.o
                              0x32205 (size before relaxing)
 .debug_str     0x00034632       0x25 ./source/verify_mem.o
                              0x31c68 (size before relaxing)
 .debug_str     0x00034657       0x23 ./source/write_mem.o
                              0x31c6c (size before relaxing)
 .debug_str     0x0003467a       0x28 ./source/write_pattern.o
                              0x31c71 (size before relaxing)
 .debug_str     0x000346a2     0x15ad ./drivers/fsl_clock.o
                              0x322f5 (size before relaxing)
 .debug_str     0x00035c4f      0xb5d ./drivers/fsl_lpsci.o
                              0x318fd (size before relaxing)
 .debug_str     0x000367ac      0x832 ./drivers/fsl_uart.o
                              0x31920 (size before relaxing)
 .debug_str     0x00036fde       0x4c ./board/board.o
                              0x3176d (size before relaxing)
 .debug_str     0x0003702a      0x300 ./board/clock_config.o
                              0x31223 (size before relaxing)
 .debug_str     0x0003732a       0x31 ./board/peripherals.o
                               0x2df8 (size before relaxing)
 .debug_str     0x0003735b      0x1a6 ./board/pin_mux.o
                              0x30b1c (size before relaxing)
 .debug_str     0x00037501       0x4f ./CMSIS/system_MKL25Z4.o
                              0x2fc5f (size before relaxing)

.comment        0x00000000       0x76
 .comment       0x00000000       0x76 ./utilities/fsl_debug_console.o
                                 0x77 (size before relaxing)
 .comment       0x00000076       0x77 ./uCUnit/System.o
 .comment       0x00000076       0x77 ./startup/startup_mkl25z4.o
 .comment       0x00000076       0x77 ./source/allocate_mem.o
 .comment       0x00000076       0x77 ./source/command_parser.o
 .comment       0x00000076       0x77 ./source/compare_pattern.o
 .comment       0x00000076       0x77 ./source/display_mem.o
 .comment       0x00000076       0x77 ./source/free_mem.o
 .comment       0x00000076       0x77 ./source/invert_mem.o
 .comment       0x00000076       0x77 ./source/logger.o
 .comment       0x00000076       0x77 ./source/main.o
 .comment       0x00000076       0x77 ./source/miscellaneous.o
 .comment       0x00000076       0x77 ./source/mtb.o
 .comment       0x00000076       0x77 ./source/prng.o
 .comment       0x00000076       0x77 ./source/semihost_hardfault.o
 .comment       0x00000076       0x77 ./source/uCUnit_testsuit.o
 .comment       0x00000076       0x77 ./source/verify_mem.o
 .comment       0x00000076       0x77 ./source/write_mem.o
 .comment       0x00000076       0x77 ./source/write_pattern.o
 .comment       0x00000076       0x77 ./drivers/fsl_clock.o
 .comment       0x00000076       0x77 ./drivers/fsl_lpsci.o
 .comment       0x00000076       0x77 ./drivers/fsl_uart.o
 .comment       0x00000076       0x77 ./board/board.o
 .comment       0x00000076       0x77 ./board/clock_config.o
 .comment       0x00000076       0x77 ./board/peripherals.o
 .comment       0x00000076       0x77 ./board/pin_mux.o
 .comment       0x00000076       0x77 ./CMSIS/system_MKL25Z4.o
 .comment       0x00000076       0x77 c:/nxp/mcuxpressoide_11.1.0_3209/ide/plugins/com.nxp.mcuxpresso.tools.win32_11.1.0.201909161352/tools/bin/../lib/gcc/arm-none-eabi/8.3.1/../../../../arm-none-eabi/lib/thumb/v6-m/nofp\libcr_semihost_nf.a(_cr__main.o)
 .comment       0x00000076       0x77 c:/nxp/mcuxpressoide_11.1.0_3209/ide/plugins/com.nxp.mcuxpresso.tools.win32_11.1.0.201909161352/tools/bin/../lib/gcc/arm-none-eabi/8.3.1/../../../../arm-none-eabi/lib/thumb/v6-m/nofp\libcr_semihost_nf.a(_cr_assert.o)
 .comment       0x00000076       0x77 c:/nxp/mcuxpressoide_11.1.0_3209/ide/plugins/com.nxp.mcuxpresso.tools.win32_11.1.0.201909161352/tools/bin/../lib/gcc/arm-none-eabi/8.3.1/../../../../arm-none-eabi/lib/thumb/v6-m/nofp\libcr_semihost_nf.a(__ciob.o)
 .comment       0x00000076       0x77 c:/nxp/mcuxpressoide_11.1.0_3209/ide/plugins/com.nxp.mcuxpresso.tools.win32_11.1.0.201909161352/tools/bin/../lib/gcc/arm-none-eabi/8.3.1/../../../../arm-none-eabi/lib/thumb/v6-m/nofp\libcr_c.a(memcpy.o)
 .comment       0x00000076       0x77 c:/nxp/mcuxpressoide_11.1.0_3209/ide/plugins/com.nxp.mcuxpresso.tools.win32_11.1.0.201909161352/tools/bin/../lib/gcc/arm-none-eabi/8.3.1/../../../../arm-none-eabi/lib/thumb/v6-m/nofp\libcr_c.a(memset.o)
 .comment       0x00000076       0x77 c:/nxp/mcuxpressoide_11.1.0_3209/ide/plugins/com.nxp.mcuxpresso.tools.win32_11.1.0.201909161352/tools/bin/../lib/gcc/arm-none-eabi/8.3.1/../../../../arm-none-eabi/lib/thumb/v6-m/nofp\libcr_c.a(_deferredlazyseek.o)
 .comment       0x00000076       0x77 c:/nxp/mcuxpressoide_11.1.0_3209/ide/plugins/com.nxp.mcuxpresso.tools.win32_11.1.0.201909161352/tools/bin/../lib/gcc/arm-none-eabi/8.3.1/../../../../arm-none-eabi/lib/thumb/v6-m/nofp\libcr_c.a(_fflush.o)
 .comment       0x00000076       0x77 c:/nxp/mcuxpressoide_11.1.0_3209/ide/plugins/com.nxp.mcuxpresso.tools.win32_11.1.0.201909161352/tools/bin/../lib/gcc/arm-none-eabi/8.3.1/../../../../arm-none-eabi/lib/thumb/v6-m/nofp\libcr_c.a(_writebuf.o)
 .comment       0x00000076       0x77 c:/nxp/mcuxpressoide_11.1.0_3209/ide/plugins/com.nxp.mcuxpresso.tools.win32_11.1.0.201909161352/tools/bin/../lib/gcc/arm-none-eabi/8.3.1/../../../../arm-none-eabi/lib/thumb/v6-m/nofp\libcr_c.a(alloc.o)
 .comment       0x00000076       0x77 c:/nxp/mcuxpressoide_11.1.0_3209/ide/plugins/com.nxp.mcuxpresso.tools.win32_11.1.0.201909161352/tools/bin/../lib/gcc/arm-none-eabi/8.3.1/../../../../arm-none-eabi/lib/thumb/v6-m/nofp\libcr_c.a(fputs.o)
 .comment       0x00000076       0x77 c:/nxp/mcuxpressoide_11.1.0_3209/ide/plugins/com.nxp.mcuxpresso.tools.win32_11.1.0.201909161352/tools/bin/../lib/gcc/arm-none-eabi/8.3.1/../../../../arm-none-eabi/lib/thumb/v6-m/nofp\libcr_c.a(fseek.o)
 .comment       0x00000076       0x77 c:/nxp/mcuxpressoide_11.1.0_3209/ide/plugins/com.nxp.mcuxpresso.tools.win32_11.1.0.201909161352/tools/bin/../lib/gcc/arm-none-eabi/8.3.1/../../../../arm-none-eabi/lib/thumb/v6-m/nofp\libcr_c.a(ftell.o)
 .comment       0x00000076       0x77 c:/nxp/mcuxpressoide_11.1.0_3209/ide/plugins/com.nxp.mcuxpresso.tools.win32_11.1.0.201909161352/tools/bin/../lib/gcc/arm-none-eabi/8.3.1/../../../../arm-none-eabi/lib/thumb/v6-m/nofp\libcr_c.a(initio.o)
 .comment       0x00000076       0x77 c:/nxp/mcuxpressoide_11.1.0_3209/ide/plugins/com.nxp.mcuxpresso.tools.win32_11.1.0.201909161352/tools/bin/../lib/gcc/arm-none-eabi/8.3.1/../../../../arm-none-eabi/lib/thumb/v6-m/nofp\libcr_c.a(printf.o)
 .comment       0x00000076       0x77 c:/nxp/mcuxpressoide_11.1.0_3209/ide/plugins/com.nxp.mcuxpresso.tools.win32_11.1.0.201909161352/tools/bin/../lib/gcc/arm-none-eabi/8.3.1/../../../../arm-none-eabi/lib/thumb/v6-m/nofp\libcr_c.a(scanf.o)
 .comment       0x00000076       0x77 c:/nxp/mcuxpressoide_11.1.0_3209/ide/plugins/com.nxp.mcuxpresso.tools.win32_11.1.0.201909161352/tools/bin/../lib/gcc/arm-none-eabi/8.3.1/../../../../arm-none-eabi/lib/thumb/v6-m/nofp\libcr_c.a(setvbuf.o)
 .comment       0x00000076       0x77 c:/nxp/mcuxpressoide_11.1.0_3209/ide/plugins/com.nxp.mcuxpresso.tools.win32_11.1.0.201909161352/tools/bin/../lib/gcc/arm-none-eabi/8.3.1/../../../../arm-none-eabi/lib/thumb/v6-m/nofp\libcr_c.a(stdlib.o)
 .comment       0x00000076       0x77 c:/nxp/mcuxpressoide_11.1.0_3209/ide/plugins/com.nxp.mcuxpresso.tools.win32_11.1.0.201909161352/tools/bin/../lib/gcc/arm-none-eabi/8.3.1/../../../../arm-none-eabi/lib/thumb/v6-m/nofp\libcr_c.a(strcmp.o)
 .comment       0x00000076       0x77 c:/nxp/mcuxpressoide_11.1.0_3209/ide/plugins/com.nxp.mcuxpresso.tools.win32_11.1.0.201909161352/tools/bin/../lib/gcc/arm-none-eabi/8.3.1/../../../../arm-none-eabi/lib/thumb/v6-m/nofp\libcr_c.a(strcpy.o)
 .comment       0x00000076       0x77 c:/nxp/mcuxpressoide_11.1.0_3209/ide/plugins/com.nxp.mcuxpresso.tools.win32_11.1.0.201909161352/tools/bin/../lib/gcc/arm-none-eabi/8.3.1/../../../../arm-none-eabi/lib/thumb/v6-m/nofp\libcr_c.a(strlen.o)
 .comment       0x00000076       0x77 c:/nxp/mcuxpressoide_11.1.0_3209/ide/plugins/com.nxp.mcuxpresso.tools.win32_11.1.0.201909161352/tools/bin/../lib/gcc/arm-none-eabi/8.3.1/../../../../arm-none-eabi/lib/thumb/v6-m/nofp\libcr_c.a(strtok.o)
 .comment       0x00000076       0x77 c:/nxp/mcuxpressoide_11.1.0_3209/ide/plugins/com.nxp.mcuxpresso.tools.win32_11.1.0.201909161352/tools/bin/../lib/gcc/arm-none-eabi/8.3.1/../../../../arm-none-eabi/lib/thumb/v6-m/nofp\libcr_c.a(ungetc.o)
 .comment       0x00000076       0x77 c:/nxp/mcuxpressoide_11.1.0_3209/ide/plugins/com.nxp.mcuxpresso.tools.win32_11.1.0.201909161352/tools/bin/../lib/gcc/arm-none-eabi/8.3.1/../../../../arm-none-eabi/lib/thumb/v6-m/nofp\libcr_c.a(__fillbuf.o)
 .comment       0x00000076       0x77 c:/nxp/mcuxpressoide_11.1.0_3209/ide/plugins/com.nxp.mcuxpresso.tools.win32_11.1.0.201909161352/tools/bin/../lib/gcc/arm-none-eabi/8.3.1/../../../../arm-none-eabi/lib/thumb/v6-m/nofp\libcr_c.a(__init_alloc.o)
 .comment       0x00000076       0x77 c:/nxp/mcuxpressoide_11.1.0_3209/ide/plugins/com.nxp.mcuxpresso.tools.win32_11.1.0.201909161352/tools/bin/../lib/gcc/arm-none-eabi/8.3.1/../../../../arm-none-eabi/lib/thumb/v6-m/nofp\libcr_c.a(_cr_sbrk.o)
 .comment       0x00000076       0x77 c:/nxp/mcuxpressoide_11.1.0_3209/ide/plugins/com.nxp.mcuxpresso.tools.win32_11.1.0.201909161352/tools/bin/../lib/gcc/arm-none-eabi/8.3.1/../../../../arm-none-eabi/lib/thumb/v6-m/nofp\libcr_c.a(_fdopen.o)
 .comment       0x00000076       0x77 c:/nxp/mcuxpressoide_11.1.0_3209/ide/plugins/com.nxp.mcuxpresso.tools.win32_11.1.0.201909161352/tools/bin/../lib/gcc/arm-none-eabi/8.3.1/../../../../arm-none-eabi/lib/thumb/v6-m/nofp\libcr_c.a(_frexpl.o)
 .comment       0x00000076       0x77 c:/nxp/mcuxpressoide_11.1.0_3209/ide/plugins/com.nxp.mcuxpresso.tools.win32_11.1.0.201909161352/tools/bin/../lib/gcc/arm-none-eabi/8.3.1/../../../../arm-none-eabi/lib/thumb/v6-m/nofp\libcr_c.a(_ldexpl.o)
 .comment       0x00000076       0x77 c:/nxp/mcuxpressoide_11.1.0_3209/ide/plugins/com.nxp.mcuxpresso.tools.win32_11.1.0.201909161352/tools/bin/../lib/gcc/arm-none-eabi/8.3.1/../../../../arm-none-eabi/lib/thumb/v6-m/nofp\libcr_c.a(ctype.o)
 .comment       0x00000076       0x77 c:/nxp/mcuxpressoide_11.1.0_3209/ide/plugins/com.nxp.mcuxpresso.tools.win32_11.1.0.201909161352/tools/bin/../lib/gcc/arm-none-eabi/8.3.1/../../../../arm-none-eabi/lib/thumb/v6-m/nofp\libcr_c.a(errno.o)
 .comment       0x00000076       0x77 c:/nxp/mcuxpressoide_11.1.0_3209/ide/plugins/com.nxp.mcuxpresso.tools.win32_11.1.0.201909161352/tools/bin/../lib/gcc/arm-none-eabi/8.3.1/../../../../arm-none-eabi/lib/thumb/v6-m/nofp\libcr_c.a(fclose.o)
 .comment       0x00000076       0x77 c:/nxp/mcuxpressoide_11.1.0_3209/ide/plugins/com.nxp.mcuxpresso.tools.win32_11.1.0.201909161352/tools/bin/../lib/gcc/arm-none-eabi/8.3.1/../../../../arm-none-eabi/lib/thumb/v6-m/nofp\libcr_c.a(fflush.o)
 .comment       0x00000076       0x77 c:/nxp/mcuxpressoide_11.1.0_3209/ide/plugins/com.nxp.mcuxpresso.tools.win32_11.1.0.201909161352/tools/bin/../lib/gcc/arm-none-eabi/8.3.1/../../../../arm-none-eabi/lib/thumb/v6-m/nofp\libcr_c.a(remove.o)
 .comment       0x00000076       0x77 c:/nxp/mcuxpressoide_11.1.0_3209/ide/plugins/com.nxp.mcuxpresso.tools.win32_11.1.0.201909161352/tools/bin/../lib/gcc/arm-none-eabi/8.3.1/../../../../arm-none-eabi/lib/thumb/v6-m/nofp\libcr_c.a(strcspn.o)
 .comment       0x00000076       0x77 c:/nxp/mcuxpressoide_11.1.0_3209/ide/plugins/com.nxp.mcuxpresso.tools.win32_11.1.0.201909161352/tools/bin/../lib/gcc/arm-none-eabi/8.3.1/../../../../arm-none-eabi/lib/thumb/v6-m/nofp\libcr_c.a(strspn.o)
 .comment       0x00000076       0x77 c:/nxp/mcuxpressoide_11.1.0_3209/ide/plugins/com.nxp.mcuxpresso.tools.win32_11.1.0.201909161352/tools/bin/../lib/gcc/arm-none-eabi/8.3.1/../../../../arm-none-eabi/lib/thumb/v6-m/nofp\libcr_c.a(_cr_check_heap.o)
 .comment       0x00000076       0x77 c:/nxp/mcuxpressoide_11.1.0_3209/ide/plugins/com.nxp.mcuxpresso.tools.win32_11.1.0.201909161352/tools/bin/../lib/gcc/arm-none-eabi/8.3.1/../../../../arm-none-eabi/lib/thumb/v6-m/nofp\libcr_c.a(_do_fflush.o)
 .comment       0x00000076       0x77 c:/nxp/mcuxpressoide_11.1.0_3209/ide/plugins/com.nxp.mcuxpresso.tools.win32_11.1.0.201909161352/tools/bin/../lib/gcc/arm-none-eabi/8.3.1/thumb/v6-m/nofp\libcr_eabihelpers.a(double.o)

.ARM.attributes
                0x00000000       0x2a
 .ARM.attributes
                0x00000000       0x2c ./utilities/fsl_debug_console.o
 .ARM.attributes
                0x0000002c       0x2c ./uCUnit/System.o
 .ARM.attributes
                0x00000058       0x2c ./startup/startup_mkl25z4.o
 .ARM.attributes
                0x00000084       0x2c ./source/allocate_mem.o
 .ARM.attributes
                0x000000b0       0x2c ./source/command_parser.o
 .ARM.attributes
                0x000000dc       0x2c ./source/compare_pattern.o
 .ARM.attributes
                0x00000108       0x2c ./source/display_mem.o
 .ARM.attributes
                0x00000134       0x2c ./source/free_mem.o
 .ARM.attributes
                0x00000160       0x2c ./source/invert_mem.o
 .ARM.attributes
                0x0000018c       0x2c ./source/logger.o
 .ARM.attributes
                0x000001b8       0x2c ./source/main.o
 .ARM.attributes
                0x000001e4       0x2c ./source/miscellaneous.o
 .ARM.attributes
                0x00000210       0x32 ./source/mtb.o
 .ARM.attributes
                0x00000242       0x2c ./source/prng.o
 .ARM.attributes
                0x0000026e       0x2c ./source/semihost_hardfault.o
 .ARM.attributes
                0x0000029a       0x2c ./source/uCUnit_testsuit.o
 .ARM.attributes
                0x000002c6       0x2c ./source/verify_mem.o
 .ARM.attributes
                0x000002f2       0x2c ./source/write_mem.o
 .ARM.attributes
                0x0000031e       0x2c ./source/write_pattern.o
 .ARM.attributes
                0x0000034a       0x2c ./drivers/fsl_clock.o
 .ARM.attributes
                0x00000376       0x2c ./drivers/fsl_lpsci.o
 .ARM.attributes
                0x000003a2       0x2c ./drivers/fsl_uart.o
 .ARM.attributes
                0x000003ce       0x2c ./board/board.o
 .ARM.attributes
                0x000003fa       0x2c ./board/clock_config.o
 .ARM.attributes
                0x00000426       0x2c ./board/peripherals.o
 .ARM.attributes
                0x00000452       0x2c ./board/pin_mux.o
 .ARM.attributes
                0x0000047e       0x2c ./CMSIS/system_MKL25Z4.o
 .ARM.attributes
                0x000004aa       0x2c c:/nxp/mcuxpressoide_11.1.0_3209/ide/plugins/com.nxp.mcuxpresso.tools.win32_11.1.0.201909161352/tools/bin/../lib/gcc/arm-none-eabi/8.3.1/../../../../arm-none-eabi/lib/thumb/v6-m/nofp\libcr_semihost_nf.a(_cr__main.o)
 .ARM.attributes
                0x000004d6       0x2c c:/nxp/mcuxpressoide_11.1.0_3209/ide/plugins/com.nxp.mcuxpresso.tools.win32_11.1.0.201909161352/tools/bin/../lib/gcc/arm-none-eabi/8.3.1/../../../../arm-none-eabi/lib/thumb/v6-m/nofp\libcr_semihost_nf.a(_cr_assert.o)
 .ARM.attributes
                0x00000502       0x31 c:/nxp/mcuxpressoide_11.1.0_3209/ide/plugins/com.nxp.mcuxpresso.tools.win32_11.1.0.201909161352/tools/bin/../lib/gcc/arm-none-eabi/8.3.1/../../../../arm-none-eabi/lib/thumb/v6-m/nofp\libcr_semihost_nf.a(__ciob.o)
 .ARM.attributes
                0x00000533       0x1c c:/nxp/mcuxpressoide_11.1.0_3209/ide/plugins/com.nxp.mcuxpresso.tools.win32_11.1.0.201909161352/tools/bin/../lib/gcc/arm-none-eabi/8.3.1/../../../../arm-none-eabi/lib/thumb/v6-m/nofp\libcr_semihost_nf.a(__sys_appexit.o)
 .ARM.attributes
                0x0000054f       0x2c c:/nxp/mcuxpressoide_11.1.0_3209/ide/plugins/com.nxp.mcuxpresso.tools.win32_11.1.0.201909161352/tools/bin/../lib/gcc/arm-none-eabi/8.3.1/../../../../arm-none-eabi/lib/thumb/v6-m/nofp\libcr_c.a(memcpy.o)
 .ARM.attributes
                0x0000057b       0x2c c:/nxp/mcuxpressoide_11.1.0_3209/ide/plugins/com.nxp.mcuxpresso.tools.win32_11.1.0.201909161352/tools/bin/../lib/gcc/arm-none-eabi/8.3.1/../../../../arm-none-eabi/lib/thumb/v6-m/nofp\libcr_c.a(memset.o)
 .ARM.attributes
                0x000005a7       0x2c c:/nxp/mcuxpressoide_11.1.0_3209/ide/plugins/com.nxp.mcuxpresso.tools.win32_11.1.0.201909161352/tools/bin/../lib/gcc/arm-none-eabi/8.3.1/../../../../arm-none-eabi/lib/thumb/v6-m/nofp\libcr_c.a(_deferredlazyseek.o)
 .ARM.attributes
                0x000005d3       0x2c c:/nxp/mcuxpressoide_11.1.0_3209/ide/plugins/com.nxp.mcuxpresso.tools.win32_11.1.0.201909161352/tools/bin/../lib/gcc/arm-none-eabi/8.3.1/../../../../arm-none-eabi/lib/thumb/v6-m/nofp\libcr_c.a(_fflush.o)
 .ARM.attributes
                0x000005ff       0x2c c:/nxp/mcuxpressoide_11.1.0_3209/ide/plugins/com.nxp.mcuxpresso.tools.win32_11.1.0.201909161352/tools/bin/../lib/gcc/arm-none-eabi/8.3.1/../../../../arm-none-eabi/lib/thumb/v6-m/nofp\libcr_c.a(_writebuf.o)
 .ARM.attributes
                0x0000062b       0x2c c:/nxp/mcuxpressoide_11.1.0_3209/ide/plugins/com.nxp.mcuxpresso.tools.win32_11.1.0.201909161352/tools/bin/../lib/gcc/arm-none-eabi/8.3.1/../../../../arm-none-eabi/lib/thumb/v6-m/nofp\libcr_c.a(alloc.o)
 .ARM.attributes
                0x00000657       0x2c c:/nxp/mcuxpressoide_11.1.0_3209/ide/plugins/com.nxp.mcuxpresso.tools.win32_11.1.0.201909161352/tools/bin/../lib/gcc/arm-none-eabi/8.3.1/../../../../arm-none-eabi/lib/thumb/v6-m/nofp\libcr_c.a(fputs.o)
 .ARM.attributes
                0x00000683       0x2c c:/nxp/mcuxpressoide_11.1.0_3209/ide/plugins/com.nxp.mcuxpresso.tools.win32_11.1.0.201909161352/tools/bin/../lib/gcc/arm-none-eabi/8.3.1/../../../../arm-none-eabi/lib/thumb/v6-m/nofp\libcr_c.a(fseek.o)
 .ARM.attributes
                0x000006af       0x2c c:/nxp/mcuxpressoide_11.1.0_3209/ide/plugins/com.nxp.mcuxpresso.tools.win32_11.1.0.201909161352/tools/bin/../lib/gcc/arm-none-eabi/8.3.1/../../../../arm-none-eabi/lib/thumb/v6-m/nofp\libcr_c.a(ftell.o)
 .ARM.attributes
                0x000006db       0x2c c:/nxp/mcuxpressoide_11.1.0_3209/ide/plugins/com.nxp.mcuxpresso.tools.win32_11.1.0.201909161352/tools/bin/../lib/gcc/arm-none-eabi/8.3.1/../../../../arm-none-eabi/lib/thumb/v6-m/nofp\libcr_c.a(initio.o)
 .ARM.attributes
                0x00000707       0x2c c:/nxp/mcuxpressoide_11.1.0_3209/ide/plugins/com.nxp.mcuxpresso.tools.win32_11.1.0.201909161352/tools/bin/../lib/gcc/arm-none-eabi/8.3.1/../../../../arm-none-eabi/lib/thumb/v6-m/nofp\libcr_c.a(printf.o)
 .ARM.attributes
                0x00000733       0x2c c:/nxp/mcuxpressoide_11.1.0_3209/ide/plugins/com.nxp.mcuxpresso.tools.win32_11.1.0.201909161352/tools/bin/../lib/gcc/arm-none-eabi/8.3.1/../../../../arm-none-eabi/lib/thumb/v6-m/nofp\libcr_c.a(scanf.o)
 .ARM.attributes
                0x0000075f       0x2c c:/nxp/mcuxpressoide_11.1.0_3209/ide/plugins/com.nxp.mcuxpresso.tools.win32_11.1.0.201909161352/tools/bin/../lib/gcc/arm-none-eabi/8.3.1/../../../../arm-none-eabi/lib/thumb/v6-m/nofp\libcr_c.a(setvbuf.o)
 .ARM.attributes
                0x0000078b       0x2c c:/nxp/mcuxpressoide_11.1.0_3209/ide/plugins/com.nxp.mcuxpresso.tools.win32_11.1.0.201909161352/tools/bin/../lib/gcc/arm-none-eabi/8.3.1/../../../../arm-none-eabi/lib/thumb/v6-m/nofp\libcr_c.a(stdlib.o)
 .ARM.attributes
                0x000007b7       0x2c c:/nxp/mcuxpressoide_11.1.0_3209/ide/plugins/com.nxp.mcuxpresso.tools.win32_11.1.0.201909161352/tools/bin/../lib/gcc/arm-none-eabi/8.3.1/../../../../arm-none-eabi/lib/thumb/v6-m/nofp\libcr_c.a(strcmp.o)
 .ARM.attributes
                0x000007e3       0x2c c:/nxp/mcuxpressoide_11.1.0_3209/ide/plugins/com.nxp.mcuxpresso.tools.win32_11.1.0.201909161352/tools/bin/../lib/gcc/arm-none-eabi/8.3.1/../../../../arm-none-eabi/lib/thumb/v6-m/nofp\libcr_c.a(strcpy.o)
 .ARM.attributes