Archive member included to satisfy reference by file (symbol)

c:/nxp/mcuxpressoide_11.1.0_3209/ide/plugins/com.nxp.mcuxpresso.tools.win32_11.1.0.201909161352/tools/bin/../lib/gcc/arm-none-eabi/8.3.1/../../../../arm-none-eabi/lib/thumb/v6-m/nofp\libcr_semihost_nf.a(_cr__main.o)
                              ./startup/startup_mkl25z4.o (__main)
c:/nxp/mcuxpressoide_11.1.0_3209/ide/plugins/com.nxp.mcuxpresso.tools.win32_11.1.0.201909161352/tools/bin/../lib/gcc/arm-none-eabi/8.3.1/../../../../arm-none-eabi/lib/thumb/v6-m/nofp\libcr_semihost_nf.a(_cr_assert.o)
                              ./drivers/fsl_adc16.o (__assertion_failed)
c:/nxp/mcuxpressoide_11.1.0_3209/ide/plugins/com.nxp.mcuxpresso.tools.win32_11.1.0.201909161352/tools/bin/../lib/gcc/arm-none-eabi/8.3.1/../../../../arm-none-eabi/lib/thumb/v6-m/nofp\libcr_semihost_nf.a(__ciob.o)
                              c:/nxp/mcuxpressoide_11.1.0_3209/ide/plugins/com.nxp.mcuxpresso.tools.win32_11.1.0.201909161352/tools/bin/../lib/gcc/arm-none-eabi/8.3.1/../../../../arm-none-eabi/lib/thumb/v6-m/nofp\libcr_semihost_nf.a(_cr_assert.o) (__Ciob)
c:/nxp/mcuxpressoide_11.1.0_3209/ide/plugins/com.nxp.mcuxpresso.tools.win32_11.1.0.201909161352/tools/bin/../lib/gcc/arm-none-eabi/8.3.1/../../../../arm-none-eabi/lib/thumb/v6-m/nofp\libcr_semihost_nf.a(__sys_appexit.o)
                              c:/nxp/mcuxpressoide_11.1.0_3209/ide/plugins/com.nxp.mcuxpresso.tools.win32_11.1.0.201909161352/tools/bin/../lib/gcc/arm-none-eabi/8.3.1/../../../../arm-none-eabi/lib/thumb/v6-m/nofp\libcr_semihost_nf.a(_cr_assert.o) (__sys_appexit)
c:/nxp/mcuxpressoide_11.1.0_3209/ide/plugins/com.nxp.mcuxpresso.tools.win32_11.1.0.201909161352/tools/bin/../lib/gcc/arm-none-eabi/8.3.1/../../../../arm-none-eabi/lib/thumb/v6-m/nofp\libcr_c.a(sinf.o)
                              ./source/Project_5_Program1.o (sinf)
c:/nxp/mcuxpressoide_11.1.0_3209/ide/plugins/com.nxp.mcuxpresso.tools.win32_11.1.0.201909161352/tools/bin/../lib/gcc/arm-none-eabi/8.3.1/../../../../arm-none-eabi/lib/thumb/v6-m/nofp\libcr_c.a(memcpy.o)
                              ./drivers/fsl_flash.o (memcpy)
c:/nxp/mcuxpressoide_11.1.0_3209/ide/plugins/com.nxp.mcuxpresso.tools.win32_11.1.0.201909161352/tools/bin/../lib/gcc/arm-none-eabi/8.3.1/../../../../arm-none-eabi/lib/thumb/v6-m/nofp\libcr_c.a(memset.o)
                              ./drivers/fsl_dma.o (memset)
c:/nxp/mcuxpressoide_11.1.0_3209/ide/plugins/com.nxp.mcuxpresso.tools.win32_11.1.0.201909161352/tools/bin/../lib/gcc/arm-none-eabi/8.3.1/../../../../arm-none-eabi/lib/thumb/v6-m/nofp\libcr_c.a(_deferredlazyseek.o)
                              c:/nxp/mcuxpressoide_11.1.0_3209/ide/plugins/com.nxp.mcuxpresso.tools.win32_11.1.0.201909161352/tools/bin/../lib/gcc/arm-none-eabi/8.3.1/../../../../arm-none-eabi/lib/thumb/v6-m/nofp\libcr_semihost_nf.a(_cr_assert.o) (__flsbuf)
c:/nxp/mcuxpressoide_11.1.0_3209/ide/plugins/com.nxp.mcuxpresso.tools.win32_11.1.0.201909161352/tools/bin/../lib/gcc/arm-none-eabi/8.3.1/../../../../arm-none-eabi/lib/thumb/v6-m/nofp\libcr_c.a(_fflush.o)
                              c:/nxp/mcuxpressoide_11.1.0_3209/ide/plugins/com.nxp.mcuxpresso.tools.win32_11.1.0.201909161352/tools/bin/../lib/gcc/arm-none-eabi/8.3.1/../../../../arm-none-eabi/lib/thumb/v6-m/nofp\libcr_c.a(_deferredlazyseek.o) (_fflush)
c:/nxp/mcuxpressoide_11.1.0_3209/ide/plugins/com.nxp.mcuxpresso.tools.win32_11.1.0.201909161352/tools/bin/../lib/gcc/arm-none-eabi/8.3.1/../../../../arm-none-eabi/lib/thumb/v6-m/nofp\libcr_c.a(_writebuf.o)
                              c:/nxp/mcuxpressoide_11.1.0_3209/ide/plugins/com.nxp.mcuxpresso.tools.win32_11.1.0.201909161352/tools/bin/../lib/gcc/arm-none-eabi/8.3.1/../../../../arm-none-eabi/lib/thumb/v6-m/nofp\libcr_c.a(_deferredlazyseek.o) (_Cwritebuf)
c:/nxp/mcuxpressoide_11.1.0_3209/ide/plugins/com.nxp.mcuxpresso.tools.win32_11.1.0.201909161352/tools/bin/../lib/gcc/arm-none-eabi/8.3.1/../../../../arm-none-eabi/lib/thumb/v6-m/nofp\libcr_c.a(alloc.o)
                              c:/nxp/mcuxpressoide_11.1.0_3209/ide/plugins/com.nxp.mcuxpresso.tools.win32_11.1.0.201909161352/tools/bin/../lib/gcc/arm-none-eabi/8.3.1/../../../../arm-none-eabi/lib/thumb/v6-m/nofp\libcr_c.a(_deferredlazyseek.o) (_Csys_alloc)
c:/nxp/mcuxpressoide_11.1.0_3209/ide/plugins/com.nxp.mcuxpresso.tools.win32_11.1.0.201909161352/tools/bin/../lib/gcc/arm-none-eabi/8.3.1/../../../../arm-none-eabi/lib/thumb/v6-m/nofp\libcr_c.a(fputs.o)
                              c:/nxp/mcuxpressoide_11.1.0_3209/ide/plugins/com.nxp.mcuxpresso.tools.win32_11.1.0.201909161352/tools/bin/../lib/gcc/arm-none-eabi/8.3.1/../../../../arm-none-eabi/lib/thumb/v6-m/nofp\libcr_semihost_nf.a(_cr_assert.o) (fputs)
c:/nxp/mcuxpressoide_11.1.0_3209/ide/plugins/com.nxp.mcuxpresso.tools.win32_11.1.0.201909161352/tools/bin/../lib/gcc/arm-none-eabi/8.3.1/../../../../arm-none-eabi/lib/thumb/v6-m/nofp\libcr_c.a(fseek.o)
[...]
Memory Configuration

Name             Origin             Length             Attributes
PROGRAM_FLASH    0x00000000         0x00020000         xr
SRAM             0x1ffff000         0x00004000         xrw
*default*        0x00000000         0xffffffff

Linker script and memory map

LOAD ./utilities/fsl_debug_console.o
LOAD ./startup/startup_mkl25z4.o
LOAD ./source/Project_5_Program1.o
LOAD ./source/mtb.o
LOAD ./source/semihost_hardfault.o
LOAD ./drivers/fsl_adc16.o
LOAD ./drivers/fsl_clock.o
LOAD ./drivers/fsl_common.o
LOAD ./drivers/fsl_dac.o
LOAD ./drivers/fsl_dma.o
LOAD ./drivers/fsl_dmamux.o
LOAD ./drivers/fsl_flash.o
LOAD ./drivers/fsl_gpio.o
LOAD ./drivers/fsl_lpsci.o
LOAD ./drivers/fsl_lpsci_dma.o
LOAD ./drivers/fsl_smc.o
LOAD ./drivers/fsl_uart.o
LOAD ./drivers/fsl_uart_dma.o
LOAD ./board/board.o
LOAD ./board/clock_config.o
LOAD ./board/peripherals.o
LOAD ./board/pin_mux.o
LOAD ./CMSIS/system_MKL25Z4.o
START GROUP
LOAD c:/nxp/mcuxpressoide_11.1.0_3209/ide/plugins/com.nxp.mcuxpresso.tools.win32_11.1.0.201909161352/tools/bin/../lib/gcc/arm-none-eabi/8.3.1/../../../../arm-none-eabi/lib/thumb/v6-m/nofp\libcr_semihost_nf.a
LOAD c:/nxp/mcuxpressoide_11.1.0_3209/ide/plugins/com.nxp.mcuxpresso.tools.win32_11.1.0.201909161352/tools/bin/../lib/gcc/arm-none-eabi/8.3.1/../../../../arm-none-eabi/lib/thumb/v6-m/nofp\libcr_c.a
LOAD c:/nxp/mcuxpressoide_11.1.0_3209/ide/plugins/com.nxp.mcuxpresso.tools.win32_11.1.0.201909161352/tools/bin/../lib/gcc/arm-none-eabi/8.3.1/thumb/v6-m/nofp\libcr_eabihelpers.a
LOAD c:/nxp/mcuxpressoide_11.1.0_3209/ide/plugins/com.nxp.mcuxpresso.tools.win32_11.1.0.201909161352/tools/bin/../lib/gcc/arm-none-eabi/8.3.1/thumb/v6-m/nofp\libgcc.a
END GROUP
                0x00000000                __base_PROGRAM_FLASH = 0x0
                0x00000000                __base_Flash = 0x0
                0x00020000                __top_PROGRAM_FLASH = 0x20000
                0x00020000                __top_Flash = 0x20000
                0x1ffff000                __base_SRAM = 0x1ffff000
                0x1ffff000                __base_RAM = 0x1ffff000
                0x20003000                __top_SRAM = 0x20003000
                0x20003000                __top_RAM = 0x20003000

.text           0x00000000     0x34a4
 FILL mask 0xff
                0x00000000                __vectors_start__ = ABSOLUTE (.)
 *(SORT_BY_ALIGNMENT(.isr_vector))
 .isr_vector    0x00000000       0xc0 ./startup/startup_mkl25z4.o
                0x00000000                g_pfnVectors
                0x00000000                __Vectors
                0x000000c0                . = ALIGN (0x4)
                0x000000c0                __section_table_start = .
                0x000000c0                __data_section_table = .
                0x000000c0        0x4 LONG 0x34a4 LOADADDR (.data)
                0x000000c4        0x4 LONG 0x1ffff080 ADDR (.data)
                0x000000c8        0x4 LONG 0x8 SIZEOF (.data)
                0x000000cc                __data_section_table_end = .
                0x000000cc                __bss_section_table = .
                0x000000cc        0x4 LONG 0x1ffff088 ADDR (.bss)
                0x000000d0        0x4 LONG 0x1c4 SIZEOF (.bss)
                0x000000d4                __bss_section_table_end = .
                0x000000d4                __section_table_end = .
 *(SORT_BY_ALIGNMENT(.after_vectors*))
 .after_vectors.reset
                0x000000d4       0x4c ./startup/startup_mkl25z4.o
                0x000000d4                ResetISR
 .after_vectors.init_data
                0x00000120       0x12 ./startup/startup_mkl25z4.o
                0x00000120                data_init
 .after_vectors.init_bss
                0x00000132       0x10 ./startup/startup_mkl25z4.o
                0x00000132                bss_init
 .after_vectors
                0x00000142      0x10c ./startup/startup_mkl25z4.o
                0x00000142                NMI_Handler
                0x00000146                SVC_Handler
                0x00000148                PendSV_Handler
                0x0000014a                SysTick_Handler
                0x0000014c                LPTMR0_DriverIRQHandler
                0x0000014c                SPI1_DriverIRQHandler
                0x0000014c                I2C0_DriverIRQHandler
                0x0000014c                Reserved39_DriverIRQHandler
                0x0000014c                PORTD_DriverIRQHandler
                0x0000014c                CMP0_DriverIRQHandler
                0x0000014c                ADC0_DriverIRQHandler
                0x0000014c                TPM2_DriverIRQHandler
                0x0000014c                SPI0_DriverIRQHandler
                0x0000014c                I2C1_DriverIRQHandler
                0x0000014c                TSI0_DriverIRQHandler
                0x0000014c                RTC_Seconds_DriverIRQHandler
                0x0000014c                TPM0_DriverIRQHandler
                0x0000014c                PIT_DriverIRQHandler
                0x0000014c                LLWU_DriverIRQHandler
                0x0000014c                MCG_DriverIRQHandler
                0x0000014c                RTC_DriverIRQHandler
                0x0000014c                TPM1_DriverIRQHandler
                0x0000014c                PORTA_DriverIRQHandler
                0x0000014c                FTFA_DriverIRQHandler
                0x0000014c                IntDefaultHandler
                0x0000014c                USB0_DriverIRQHandler
                0x0000014c                DAC0_DriverIRQHandler
                0x0000014c                Reserved45_DriverIRQHandler
                0x0000014c                LVD_LVW_DriverIRQHandler
                0x0000014c                Reserved20_DriverIRQHandler
                0x0000014e                DMA0_IRQHandler
                0x00000156                DMA1_IRQHandler
                0x0000015e                DMA2_IRQHandler
                0x00000166                DMA3_IRQHandler
                0x0000016e                Reserved20_IRQHandler
                0x00000176                FTFA_IRQHandler
                0x0000017e                LVD_LVW_IRQHandler
                0x00000186                LLWU_IRQHandler
                0x0000018e                I2C0_IRQHandler
                0x00000196                I2C1_IRQHandler
                0x0000019e                SPI0_IRQHandler
                0x000001a6                SPI1_IRQHandler
                0x000001ae                UART0_IRQHandler
                0x000001b6                UART1_IRQHandler
                0x000001be                UART2_IRQHandler
                0x000001c6                ADC0_IRQHandler
                0x000001ce                CMP0_IRQHandler
                0x000001d6                TPM0_IRQHandler
                0x000001de                TPM1_IRQHandler
                0x000001e6                TPM2_IRQHandler
                0x000001ee                RTC_IRQHandler
                0x000001f6                RTC_Seconds_IRQHandler
                0x000001fe                PIT_IRQHandler
                0x00000206                Reserved39_IRQHandler
                0x0000020e                USB0_IRQHandler
                0x00000216                DAC0_IRQHandler
                0x0000021e                TSI0_IRQHandler
                0x00000226                MCG_IRQHandler
                0x0000022e                LPTMR0_IRQHandler
                0x00000236                Reserved45_IRQHandler
                0x0000023e                PORTA_IRQHandler
                0x00000246                PORTD_IRQHandler
                0x00000400                . = 0x400
 *fill*         0x0000024e      0x1b2 ff
                0x00000400                PROVIDE (__FLASH_CONFIG_START__ = .)
 *(SORT_BY_ALIGNMENT(.FlashConfig))
 .FlashConfig   0x00000400       0x10 ./startup/startup_mkl25z4.o
                0x00000400                Flash_Config
                0x00000410                PROVIDE (__FLASH_CONFIG_END__ = .)
                0x00000001                ASSERT (! ((__FLASH_CONFIG_START__ == __FLASH_CONFIG_END__)), Linker Flash Config Support Enabled, but no .FlashConfig section provided within application)
 *(SORT_BY_ALIGNMENT(.text*))
 .text.DbgConsole_Init
                0x00000410       0xf0 ./utilities/fsl_debug_console.o
                0x00000410                DbgConsole_Init
 .text.__sys_write
                0x00000500       0x58 ./utilities/fsl_debug_console.o
                0x00000500                __sys_write
 .text.main     0x00000558       0xe8 ./source/Project_5_Program1.o
                0x00000558                main
 .text.DAC0_init
                0x00000640       0x38 ./source/Project_5_Program1.o
                0x00000640                DAC0_init
 .text.delayMs  0x00000678       0x3c ./source/Project_5_Program1.o
                0x00000678                delayMs
 .text.HardFault_Handler
                0x000006b4       0x30 ./source/semihost_hardfault.o
                0x000006b4                HardFault_Handler
 .text.CLOCK_SetEr32kClock
                0x000006e4       0x34 ./drivers/fsl_clock.o
 .text.CLOCK_SetPllFllSelClock
                0x00000718       0x38 ./drivers/fsl_clock.o
 .text.CLOCK_GetMcgExtClkFreq
                0x00000750       0x28 ./drivers/fsl_clock.o
 .text.CLOCK_GetFllExtRefClkFreq
                0x00000778       0xa4 ./drivers/fsl_clock.o
 .text.CLOCK_GetFllRefClkFreq
                0x0000081c       0x2c ./drivers/fsl_clock.o
 .text.CLOCK_GetOscRangeFromFreq
                0x00000848       0x4c ./drivers/fsl_clock.o
 .text.CLOCK_GetPllFllSelClkFreq
                0x00000894       0x4c ./drivers/fsl_clock.o
                0x00000894                CLOCK_GetPllFllSelClkFreq
 .text.CLOCK_SetSimConfig
                0x000008e0       0x38 ./drivers/fsl_clock.o
                0x000008e0                CLOCK_SetSimConfig
 .text.CLOCK_GetFllFreq
                0x00000918       0x84 ./drivers/fsl_clock.o
                0x00000918                CLOCK_GetFllFreq
 .text.CLOCK_GetPll0Freq
                0x0000099c       0x70 ./drivers/fsl_clock.o
                0x0000099c                CLOCK_GetPll0Freq
 .text.CLOCK_SetInternalRefClkConfig
                0x00000a0c      0x124 ./drivers/fsl_clock.o
                0x00000a0c                CLOCK_SetInternalRefClkConfig
 .text.CLOCK_EnablePll0
                0x00000b30       0x90 ./drivers/fsl_clock.o
                0x00000b30                CLOCK_EnablePll0
 .text.CLOCK_InitOsc0
                0x00000bc0       0x94 ./drivers/fsl_clock.o
                0x00000bc0                CLOCK_InitOsc0
 .text.CLOCK_SetPbeMode
                0x00000c54       0xb0 ./drivers/fsl_clock.o
                0x00000c54                CLOCK_SetPbeMode
 .text.CLOCK_BootToPeeMode
                0x00000d04       0x70 ./drivers/fsl_clock.o
                0x00000d04                CLOCK_BootToPeeMode
 .text.DMA_ClearChannelStatusFlags
                0x00000d74       0x54 ./drivers/fsl_dma.o
 .text.DMA_HandleIRQ
                0x00000dc8       0x4c ./drivers/fsl_dma.o
                0x00000dc8                DMA_HandleIRQ
 .text.DMA0_DriverIRQHandler
                0x00000e14       0x18 ./drivers/fsl_dma.o
                0x00000e14                DMA0_DriverIRQHandler
 .text.DMA1_DriverIRQHandler
                0x00000e2c       0x18 ./drivers/fsl_dma.o
                0x00000e2c                DMA1_DriverIRQHandler
 .text.DMA2_DriverIRQHandler
                0x00000e44       0x18 ./drivers/fsl_dma.o
                0x00000e44                DMA2_DriverIRQHandler
 .text.DMA3_DriverIRQHandler
                0x00000e5c       0x18 ./drivers/fsl_dma.o
                0x00000e5c                DMA3_DriverIRQHandler
 .text.CLOCK_EnableClock
                0x00000e74       0x34 ./drivers/fsl_lpsci.o
 .text.LPSCI_GetInstance
                0x00000ea8       0x48 ./drivers/fsl_lpsci.o
                0x00000ea8                LPSCI_GetInstance
 .text.LPSCI_Init
                0x00000ef0      0x258 ./drivers/fsl_lpsci.o
                0x00000ef0                LPSCI_Init
 .text.LPSCI_GetDefaultConfig
                0x00001148       0x44 ./drivers/fsl_lpsci.o
                0x00001148                LPSCI_GetDefaultConfig
 .text.LPSCI_ClearStatusFlags
                0x0000118c       0x94 ./drivers/fsl_lpsci.o
                0x0000118c                LPSCI_ClearStatusFlags
 .text.LPSCI_WriteBlocking
                0x00001220       0x4c ./drivers/fsl_lpsci.o
                0x00001220                LPSCI_WriteBlocking
 .text.LPSCI_ReadBlocking
                0x0000126c       0xc0 ./drivers/fsl_lpsci.o
                0x0000126c                LPSCI_ReadBlocking
 .text.UART0_DriverIRQHandler
                0x0000132c       0x24 ./drivers/fsl_lpsci.o
                0x0000132c                UART0_DriverIRQHandler
 .text.CLOCK_EnableClock
                0x00001350       0x34 ./drivers/fsl_uart.o
 .text.UART_GetInstance
                0x00001384       0x54 ./drivers/fsl_uart.o
                0x00001384                UART_GetInstance
 .text.UART_Init
                0x000013d8      0x1e0 ./drivers/fsl_uart.o
                0x000013d8                UART_Init
 .text.UART_GetDefaultConfig
                0x000015b8       0x44 ./drivers/fsl_uart.o
                0x000015b8                UART_GetDefaultConfig
 .text.UART_ReadBlocking
                0x000015fc       0x98 ./drivers/fsl_uart.o
                0x000015fc                UART_ReadBlocking
 .text.UART1_DriverIRQHandler
                0x00001694       0x24 ./drivers/fsl_uart.o
                0x00001694                UART1_DriverIRQHandler
 .text.UART2_DriverIRQHandler
                0x000016b8       0x24 ./drivers/fsl_uart.o
                0x000016b8                UART2_DriverIRQHandler
 .text.CLOCK_SetLpsci0Clock
                0x000016dc       0x38 ./board/board.o
 .text.BOARD_InitDebugConsole
                0x00001714       0x30 ./board/board.o
                0x00001714                BOARD_InitDebugConsole
 .text.CLOCK_SetSimSafeDivs
                0x00001744       0x20 ./board/clock_config.o
 .text.CLOCK_SetXtal0Freq
                0x00001764       0x1c ./board/clock_config.o
 .text.CLOCK_CONFIG_SetFllExtRefDiv
                0x00001780       0x3c ./board/clock_config.o
 .text.BOARD_BootClockRUN
                0x000017bc       0x64 ./board/clock_config.o
                0x000017bc                BOARD_BootClockRUN
 .text.CLOCK_EnableClock
                0x00001820       0x34 ./board/pin_mux.o
 .text.PORT_SetPinMux
                0x00001854       0x40 ./board/pin_mux.o
 .text.BOARD_InitPins
                0x00001894       0xac ./board/pin_mux.o
                0x00001894                BOARD_InitPins
 .text.SystemInit
                0x00001940       0x18 ./CMSIS/system_MKL25Z4.o
                0x00001940                SystemInit
 .text.__assertion_failed
                0x00001958       0x4c c:/nxp/mcuxpressoide_11.1.0_3209/ide/plugins/com.nxp.mcuxpresso.tools.win32_11.1.0.201909161352/tools/bin/../lib/gcc/arm-none-eabi/8.3.1/../../../../arm-none-eabi/lib/thumb/v6-m/nofp\libcr_semihost_nf.a(_cr_assert.o)
                0x00001958                __assertion_failed
 .text.__sys_appexit
                0x000019a4        0xc c:/nxp/mcuxpressoide_11.1.0_3209/ide/plugins/com.nxp.mcuxpresso.tools.win32_11.1.0.201909161352/tools/bin/../lib/gcc/arm-none-eabi/8.3.1/../../../../arm-none-eabi/lib/thumb/v6-m/nofp\libcr_semihost_nf.a(__sys_appexit.o)
                0x000019a4                __sys_appexit
                0x000019a4                __exit
 .text._deferredlazyseek
                0x000019b0       0x40 c:/nxp/mcuxpressoide_11.1.0_3209/ide/plugins/com.nxp.mcuxpresso.tools.win32_11.1.0.201909161352/tools/bin/../lib/gcc/arm-none-eabi/8.3.1/../../../../arm-none-eabi/lib/thumb/v6-m/nofp\libcr_c.a(_deferredlazyseek.o)
                0x000019b0                _deferredlazyseek
 .text.__flsbuf
                0x000019f0      0x14c c:/nxp/mcuxpressoide_11.1.0_3209/ide/plugins/com.nxp.mcuxpresso.tools.win32_11.1.0.201909161352/tools/bin/../lib/gcc/arm-none-eabi/8.3.1/../../../../arm-none-eabi/lib/thumb/v6-m/nofp\libcr_c.a(_deferredlazyseek.o)
                0x000019f0                __flsbuf
 .text._fflush  0x00001b3c       0x5c c:/nxp/mcuxpressoide_11.1.0_3209/ide/plugins/com.nxp.mcuxpresso.tools.win32_11.1.0.201909161352/tools/bin/../lib/gcc/arm-none-eabi/8.3.1/../../../../arm-none-eabi/lib/thumb/v6-m/nofp\libcr_c.a(_fflush.o)
                0x00001b3c                _fflush
 .text._Cwritebuf
                0x00001b98       0x68 c:/nxp/mcuxpressoide_11.1.0_3209/ide/plugins/com.nxp.mcuxpresso.tools.win32_11.1.0.201909161352/tools/bin/../lib/gcc/arm-none-eabi/8.3.1/../../../../arm-none-eabi/lib/thumb/v6-m/nofp\libcr_c.a(_writebuf.o)
                0x00001b98                _Cwritebuf
 .text.malloc   0x00001c00       0xcc c:/nxp/mcuxpressoide_11.1.0_3209/ide/plugins/com.nxp.mcuxpresso.tools.win32_11.1.0.201909161352/tools/bin/../lib/gcc/arm-none-eabi/8.3.1/../../../../arm-none-eabi/lib/thumb/v6-m/nofp\libcr_c.a(alloc.o)
                0x00001c00                malloc
 .text._Csys_alloc
                0x00001ccc       0x20 c:/nxp/mcuxpressoide_11.1.0_3209/ide/plugins/com.nxp.mcuxpresso.tools.win32_11.1.0.201909161352/tools/bin/../lib/gcc/arm-none-eabi/8.3.1/../../../../arm-none-eabi/lib/thumb/v6-m/nofp\libcr_c.a(alloc.o)
                0x00001ccc                _Csys_alloc
 .text.fseek    0x00001cec       0xf0 c:/nxp/mcuxpressoide_11.1.0_3209/ide/plugins/com.nxp.mcuxpresso.tools.win32_11.1.0.201909161352/tools/bin/../lib/gcc/arm-none-eabi/8.3.1/../../../../arm-none-eabi/lib/thumb/v6-m/nofp\libcr_c.a(fseek.o)
                0x00001cec                fseek
 .text.ftell    0x00001ddc       0x48 c:/nxp/mcuxpressoide_11.1.0_3209/ide/plugins/com.nxp.mcuxpresso.tools.win32_11.1.0.201909161352/tools/bin/../lib/gcc/arm-none-eabi/8.3.1/../../../../arm-none-eabi/lib/thumb/v6-m/nofp\libcr_c.a(ftell.o)
                0x00001ddc                ftell
 .text._initio  0x00001e24       0x7c c:/nxp/mcuxpressoide_11.1.0_3209/ide/plugins/com.nxp.mcuxpresso.tools.win32_11.1.0.201909161352/tools/bin/../lib/gcc/arm-none-eabi/8.3.1/../../../../arm-none-eabi/lib/thumb/v6-m/nofp\libcr_c.a(initio.o)
                0x00001e24                _initio
 .text.setvbuf  0x00001ea0       0x4c c:/nxp/mcuxpressoide_11.1.0_3209/ide/plugins/com.nxp.mcuxpresso.tools.win32_11.1.0.201909161352/tools/bin/../lib/gcc/arm-none-eabi/8.3.1/../../../../arm-none-eabi/lib/thumb/v6-m/nofp\libcr_c.a(setvbuf.o)
                0x00001ea0                setvbuf
 .text._sincosf
                0x00001eec      0x150 c:/nxp/mcuxpressoide_11.1.0_3209/ide/plugins/com.nxp.mcuxpresso.tools.win32_11.1.0.201909161352/tools/bin/../lib/gcc/arm-none-eabi/8.3.1/../../../../arm-none-eabi/lib/thumb/v6-m/nofp\libcr_c.a(_sincosf.o)
                0x00001eec                _sincosf
 .text._sbrk    0x0000203c       0x40 c:/nxp/mcuxpressoide_11.1.0_3209/ide/plugins/com.nxp.mcuxpresso.tools.win32_11.1.0.201909161352/tools/bin/../lib/gcc/arm-none-eabi/8.3.1/../../../../arm-none-eabi/lib/thumb/v6-m/nofp\libcr_c.a(_cr_sbrk.o)
                0x0000203c                _sbrk
 .text._fdopen  0x0000207c       0x74 c:/nxp/mcuxpressoide_11.1.0_3209/ide/plugins/com.nxp.mcuxpresso.tools.win32_11.1.0.201909161352/tools/bin/../lib/gcc/arm-none-eabi/8.3.1/../../../../arm-none-eabi/lib/thumb/v6-m/nofp\libcr_c.a(_fdopen.o)
                0x0000207c                _fdopen
 .text.fclose   0x000020f0       0x5c c:/nxp/mcuxpressoide_11.1.0_3209/ide/plugins/com.nxp.mcuxpresso.tools.win32_11.1.0.201909161352/tools/bin/../lib/gcc/arm-none-eabi/8.3.1/../../../../arm-none-eabi/lib/thumb/v6-m/nofp\libcr_c.a(fclose.o)
                0x000020f0                fclose
 .text.fflush   0x0000214c       0x44 c:/nxp/mcuxpressoide_11.1.0_3209/ide/plugins/com.nxp.mcuxpresso.tools.win32_11.1.0.201909161352/tools/bin/../lib/gcc/arm-none-eabi/8.3.1/../../../../arm-none-eabi/lib/thumb/v6-m/nofp\libcr_c.a(fflush.o)
                0x0000214c                fflush
 .text.strlen   0x00002190       0x58 c:/nxp/mcuxpressoide_11.1.0_3209/ide/plugins/com.nxp.mcuxpresso.tools.win32_11.1.0.201909161352/tools/bin/../lib/gcc/arm-none-eabi/8.3.1/../../../../arm-none-eabi/lib/thumb/v6-m/nofp\libcr_c.a(strlen.o)
                0x00002190                strlen
 .text.__check_heap_overflow
                0x000021e8       0x14 c:/nxp/mcuxpressoide_11.1.0_3209/ide/plugins/com.nxp.mcuxpresso.tools.win32_11.1.0.201909161352/tools/bin/../lib/gcc/arm-none-eabi/8.3.1/../../../../arm-none-eabi/lib/thumb/v6-m/nofp\libcr_c.a(_cr_check_heap.o)
                0x000021e8                __check_heap_overflow
 .text._do_fflush
                0x000021fc       0x44 c:/nxp/mcuxpressoide_11.1.0_3209/ide/plugins/com.nxp.mcuxpresso.tools.win32_11.1.0.201909161352/tools/bin/../lib/gcc/arm-none-eabi/8.3.1/../../../../arm-none-eabi/lib/thumb/v6-m/nofp\libcr_c.a(_do_fflush.o)
                0x000021fc                _do_fflush
 .text.__aeabi_dmul
                0x00002240      0x188 c:/nxp/mcuxpressoide_11.1.0_3209/ide/plugins/com.nxp.mcuxpresso.tools.win32_11.1.0.201909161352/tools/bin/../lib/gcc/arm-none-eabi/8.3.1/thumb/v6-m/nofp\libcr_eabihelpers.a(double.o)
                0x00002240                __aeabi_dmul
 .text.__aeabi_ddiv
                0x000023c8      0x148 c:/nxp/mcuxpressoide_11.1.0_3209/ide/plugins/com.nxp.mcuxpresso.tools.win32_11.1.0.201909161352/tools/bin/../lib/gcc/arm-none-eabi/8.3.1/thumb/v6-m/nofp\libcr_eabihelpers.a(double.o)
                0x000023c8                __aeabi_ddiv
 .text.__aeabi_dsub
                0x00002510      0x1c4 c:/nxp/mcuxpressoide_11.1.0_3209/ide/plugins/com.nxp.mcuxpresso.tools.win32_11.1.0.201909161352/tools/bin/../lib/gcc/arm-none-eabi/8.3.1/thumb/v6-m/nofp\libcr_eabihelpers.a(double.o)
                0x00002510                __aeabi_dsub
 .text.__aeabi_dadd
                0x000026d4      0x12c c:/nxp/mcuxpressoide_11.1.0_3209/ide/plugins/com.nxp.mcuxpresso.tools.win32_11.1.0.201909161352/tools/bin/../lib/gcc/arm-none-eabi/8.3.1/thumb/v6-m/nofp\libcr_eabihelpers.a(double.o)
                0x000026d4                __aeabi_dadd
 .text.__aeabi_d2f
                0x00002800       0x60 c:/nxp/mcuxpressoide_11.1.0_3209/ide/plugins/com.nxp.mcuxpresso.tools.win32_11.1.0.201909161352/tools/bin/../lib/gcc/arm-none-eabi/8.3.1/thumb/v6-m/nofp\libcr_eabihelpers.a(double.o)
                0x00002800                __aeabi_d2f
 .text.__aeabi_d2iz
                0x00002860       0x4c c:/nxp/mcuxpressoide_11.1.0_3209/ide/plugins/com.nxp.mcuxpresso.tools.win32_11.1.0.201909161352/tools/bin/../lib/gcc/arm-none-eabi/8.3.1/thumb/v6-m/nofp\libcr_eabihelpers.a(double.o)
                0x00002860                __aeabi_d2iz
 .text.__aeabi_fmul
                0x000028ac       0xc4 c:/nxp/mcuxpressoide_11.1.0_3209/ide/plugins/com.nxp.mcuxpresso.tools.win32_11.1.0.201909161352/tools/bin/../lib/gcc/arm-none-eabi/8.3.1/thumb/v6-m/nofp\libcr_eabihelpers.a(float.o)
                0x000028ac                __aeabi_fmul
 .text.__aeabi_fdiv
                0x00002970       0xdc c:/nxp/mcuxpressoide_11.1.0_3209/ide/plugins/com.nxp.mcuxpresso.tools.win32_11.1.0.201909161352/tools/bin/../lib/gcc/arm-none-eabi/8.3.1/thumb/v6-m/nofp\libcr_eabihelpers.a(float.o)
                0x00002970                __aeabi_fdiv
 .text.__aeabi_fsub
                0x00002a4c      0x128 c:/nxp/mcuxpressoide_11.1.0_3209/ide/plugins/com.nxp.mcuxpresso.tools.win32_11.1.0.201909161352/tools/bin/../lib/gcc/arm-none-eabi/8.3.1/thumb/v6-m/nofp\libcr_eabihelpers.a(float.o)
                0x00002a4c                __aeabi_fsub
 .text.__aeabi_fadd
                0x00002b74       0xac c:/nxp/mcuxpressoide_11.1.0_3209/ide/plugins/com.nxp.mcuxpresso.tools.win32_11.1.0.201909161352/tools/bin/../lib/gcc/arm-none-eabi/8.3.1/thumb/v6-m/nofp\libcr_eabihelpers.a(float.o)
                0x00002b74                __aeabi_fadd
 .text.__aeabi_f2iz
                0x00002c20       0x3c c:/nxp/mcuxpressoide_11.1.0_3209/ide/plugins/com.nxp.mcuxpresso.tools.win32_11.1.0.201909161352/tools/bin/../lib/gcc/arm-none-eabi/8.3.1/thumb/v6-m/nofp\libcr_eabihelpers.a(float.o)
                0x00002c20                __aeabi_f2iz
 .text.__aeabi_f2d
                0x00002c5c       0x3c c:/nxp/mcuxpressoide_11.1.0_3209/ide/plugins/com.nxp.mcuxpresso.tools.win32_11.1.0.201909161352/tools/bin/../lib/gcc/arm-none-eabi/8.3.1/thumb/v6-m/nofp\libcr_eabihelpers.a(float.o)
                0x00002c5c                __aeabi_f2d
 .text.UART_EnableTx
                0x00002c98       0x40 ./utilities/fsl_debug_console.o
 .text.UART_EnableRx
                0x00002cd8       0x40 ./utilities/fsl_debug_console.o
 .text.LPSCI_EnableTx
                0x00002d18       0x40 ./utilities/fsl_debug_console.o
 .text.LPSCI_EnableRx
                0x00002d58       0x40 ./utilities/fsl_debug_console.o
 .text.OSC_SetExtRefClkConfig
                0x00002d98       0x3e ./drivers/fsl_clock.o
 .text.OSC_SetCapLoad
                0x00002dd6       0x42 ./drivers/fsl_clock.o
 .text.CLOCK_GetPll0RefFreq
                0x00002e18       0x10 ./drivers/fsl_clock.o
 .text.CLOCK_SetExternalRefClkConfig
                0x00002e28       0x16 ./drivers/fsl_clock.o
                0x00002e28                CLOCK_SetExternalRefClkConfig
 .text.LPSCI_GetStatusFlags
                0x00002e3e       0x26 ./drivers/fsl_lpsci.o
                0x00002e3e                LPSCI_GetStatusFlags
 .text.UART_GetStatusFlags
                0x00002e64       0x26 ./drivers/fsl_uart.o
                0x00002e64                UART_GetStatusFlags
 .text.UART_WriteBlocking
                0x00002e8a       0x3a ./drivers/fsl_uart.o
                0x00002e8a                UART_WriteBlocking
 .text.BOARD_InitBootClocks
                0x00002ec4        0xe ./board/clock_config.o
                0x00002ec4                BOARD_InitBootClocks
 .text.BOARD_InitBootPeripherals
                0x00002ed2        0xa ./board/peripherals.o
                0x00002ed2                BOARD_InitBootPeripherals
 .text.BOARD_InitBootPins
                0x00002edc        0xe ./board/pin_mux.o
                0x00002edc                BOARD_InitBootPins
 .text.__main   0x00002eea        0xc c:/nxp/mcuxpressoide_11.1.0_3209/ide/plugins/com.nxp.mcuxpresso.tools.win32_11.1.0.201909161352/tools/bin/../lib/gcc/arm-none-eabi/8.3.1/../../../../arm-none-eabi/lib/thumb/v6-m/nofp\libcr_semihost_nf.a(_cr__main.o)
                0x00002eea                __CR_SEMIHOST
                0x00002eea                __main
 .text.sinf     0x00002ef6       0x2a c:/nxp/mcuxpressoide_11.1.0_3209/ide/plugins/com.nxp.mcuxpresso.tools.win32_11.1.0.201909161352/tools/bin/../lib/gcc/arm-none-eabi/8.3.1/../../../../arm-none-eabi/lib/thumb/v6-m/nofp\libcr_c.a(sinf.o)
                0x00002ef6                sinf
 .text.memset   0x00002f20        0x8 c:/nxp/mcuxpressoide_11.1.0_3209/ide/plugins/com.nxp.mcuxpresso.tools.win32_11.1.0.201909161352/tools/bin/../lib/gcc/arm-none-eabi/8.3.1/../../../../arm-none-eabi/lib/thumb/v6-m/nofp\libcr_c.a(memset.o)
                0x00002f20                memset
 .text.free     0x00002f28       0x2c c:/nxp/mcuxpressoide_11.1.0_3209/ide/plugins/com.nxp.mcuxpresso.tools.win32_11.1.0.201909161352/tools/bin/../lib/gcc/arm-none-eabi/8.3.1/../../../../arm-none-eabi/lib/thumb/v6-m/nofp\libcr_c.a(alloc.o)
                0x00002f28                free
 .text.fputs    0x00002f54       0x2e c:/nxp/mcuxpressoide_11.1.0_3209/ide/plugins/com.nxp.mcuxpresso.tools.win32_11.1.0.201909161352/tools/bin/../lib/gcc/arm-none-eabi/8.3.1/../../../../arm-none-eabi/lib/thumb/v6-m/nofp\libcr_c.a(fputs.o)
                0x00002f54                fputs
 .text.fabsf    0x00002f82       0x18 c:/nxp/mcuxpressoide_11.1.0_3209/ide/plugins/com.nxp.mcuxpresso.tools.win32_11.1.0.201909161352/tools/bin/../lib/gcc/arm-none-eabi/8.3.1/../../../../arm-none-eabi/lib/thumb/v6-m/nofp\libcr_c.a(fabsf.o)
                0x00002f82                fabsf
 .text.remove   0x00002f9a       0x12 c:/nxp/mcuxpressoide_11.1.0_3209/ide/plugins/com.nxp.mcuxpresso.tools.win32_11.1.0.201909161352/tools/bin/../lib/gcc/arm-none-eabi/8.3.1/../../../../arm-none-eabi/lib/thumb/v6-m/nofp\libcr_c.a(remove.o)
                0x00002f9a                remove
 .text.__aeabi_division_idivmod
                0x00002fac       0x78 c:/nxp/mcuxpressoide_11.1.0_3209/ide/plugins/com.nxp.mcuxpresso.tools.win32_11.1.0.201909161352/tools/bin/../lib/gcc/arm-none-eabi/8.3.1/thumb/v6-m/nofp\libcr_eabihelpers.a(division_32.o)
                0x00002fac                __aeabi_idivmod
                0x00002fac                __aeabi_idiv
                0x00002fb2                __aeabi_uidivmod
                0x00002fb2                __aeabi_uidiv
 .text.__aeabi_division_idiv0
                0x00003024        0x2 c:/nxp/mcuxpressoide_11.1.0_3209/ide/plugins/com.nxp.mcuxpresso.tools.win32_11.1.0.201909161352/tools/bin/../lib/gcc/arm-none-eabi/8.3.1/thumb/v6-m/nofp\libcr_eabihelpers.a(division_idiv0.o)
                0x00003024                __aeabi_idiv0
 .text.__bhs_ui2f
                0x00003026       0x62 c:/nxp/mcuxpressoide_11.1.0_3209/ide/plugins/com.nxp.mcuxpresso.tools.win32_11.1.0.201909161352/tools/bin/../lib/gcc/arm-none-eabi/8.3.1/thumb/v6-m/nofp\libcr_eabihelpers.a(float.o)
                0x00003026                __bhs_ui2f
 .text.__aeabi_i2f
                0x00003088       0x18 c:/nxp/mcuxpressoide_11.1.0_3209/ide/plugins/com.nxp.mcuxpresso.tools.win32_11.1.0.201909161352/tools/bin/../lib/gcc/arm-none-eabi/8.3.1/thumb/v6-m/nofp\libcr_eabihelpers.a(float.o)
                0x00003088                __aeabi_i2f
 .text.__aeabi_fcmplt
                0x000030a0       0x44 c:/nxp/mcuxpressoide_11.1.0_3209/ide/plugins/com.nxp.mcuxpresso.tools.win32_11.1.0.201909161352/tools/bin/../lib/gcc/arm-none-eabi/8.3.1/thumb/v6-m/nofp\libcr_eabihelpers.a(float.o)
                0x000030a0                __aeabi_fcmplt
 .text.__aeabi_fcmpge
                0x000030e4       0x42 c:/nxp/mcuxpressoide_11.1.0_3209/ide/plugins/com.nxp.mcuxpresso.tools.win32_11.1.0.201909161352/tools/bin/../lib/gcc/arm-none-eabi/8.3.1/thumb/v6-m/nofp\libcr_eabihelpers.a(float.o)
                0x000030e4                __aeabi_fcmpge
 .text.__aeabi_llong_lmul
                0x00003126       0x2e c:/nxp/mcuxpressoide_11.1.0_3209/ide/plugins/com.nxp.mcuxpresso.tools.win32_11.1.0.201909161352/tools/bin/../lib/gcc/arm-none-eabi/8.3.1/thumb/v6-m/nofp\libcr_eabihelpers.a(llong.o)
                0x00003126                __aeabi_lmul
 .text.__aeabi_memset_lowlevel
                0x00003154       0x2a c:/nxp/mcuxpressoide_11.1.0_3209/ide/plugins/com.nxp.mcuxpresso.tools.win32_11.1.0.201909161352/tools/bin/../lib/gcc/arm-none-eabi/8.3.1/thumb/v6-m/nofp\libcr_eabihelpers.a(memcpy.o)
                0x00003154                __aeabi_lowlevel_memset
 .text.__sys_close
                0x0000317e        0xc c:/nxp/mcuxpressoide_11.1.0_3209/ide/plugins/com.nxp.mcuxpresso.tools.win32_11.1.0.201909161352/tools/bin/../lib/gcc/arm-none-eabi/8.3.1/../../../../arm-none-eabi/lib/thumb/v6-m/nofp\libcr_semihost_nf.a(__sys_close.o)
                0x0000317e                __sys_close
 .text.__sys_flen
                0x0000318a        0xc c:/nxp/mcuxpressoide_11.1.0_3209/ide/plugins/com.nxp.mcuxpresso.tools.win32_11.1.0.201909161352/tools/bin/../lib/gcc/arm-none-eabi/8.3.1/../../../../arm-none-eabi/lib/thumb/v6-m/nofp\libcr_semihost_nf.a(__sys_flen.o)
                0x0000318a                __sys_flen
 .text.__sys_istty
                0x00003196        0xc c:/nxp/mcuxpressoide_11.1.0_3209/ide/plugins/com.nxp.mcuxpresso.tools.win32_11.1.0.201909161352/tools/bin/../lib/gcc/arm-none-eabi/8.3.1/../../../../arm-none-eabi/lib/thumb/v6-m/nofp\libcr_semihost_nf.a(__sys_istty.o)
                0x00003196                __sys_istty
 .text.__sys_remove
                0x000031a2        0xc c:/nxp/mcuxpressoide_11.1.0_3209/ide/plugins/com.nxp.mcuxpresso.tools.win32_11.1.0.201909161352/tools/bin/../lib/gcc/arm-none-eabi/8.3.1/../../../../arm-none-eabi/lib/thumb/v6-m/nofp\libcr_semihost_nf.a(__sys_remove.o)
                0x000031a2                __sys_remove
 .text.__sys_seek
                0x000031ae        0xc c:/nxp/mcuxpressoide_11.1.0_3209/ide/plugins/com.nxp.mcuxpresso.tools.win32_11.1.0.201909161352/tools/bin/../lib/gcc/arm-none-eabi/8.3.1/../../../../arm-none-eabi/lib/thumb/v6-m/nofp\libcr_semihost_nf.a(__sys_seek.o)
                0x000031ae                __sys_seek
 .text.__sys_tmpnam
                0x000031ba        0xc c:/nxp/mcuxpressoide_11.1.0_3209/ide/plugins/com.nxp.mcuxpresso.tools.win32_11.1.0.201909161352/tools/bin/../lib/gcc/arm-none-eabi/8.3.1/../../../../arm-none-eabi/lib/thumb/v6-m/nofp\libcr_semihost_nf.a(__sys_tmpnam.o)
                0x000031ba                __sys_tmpnam
 *(SORT_BY_ALIGNMENT(.rodata) SORT_BY_ALIGNMENT(.rodata.*) SORT_BY_ALIGNMENT(.constdata) SORT_BY_ALIGNMENT(.constdata.*))
 *fill*         0x000031c6        0x2 ff
 .rodata.CLOCK_GetMcgExtClkFreq.str1.4
                0x000031c8       0x1f ./drivers/fsl_clock.o
 *fill*         0x000031e7        0x1 ff
 .rodata.CLOCK_GetPll0Freq.str1.4
                0x000031e8       0x1e ./drivers/fsl_clock.o
 *fill*         0x00003206        0x2 ff
 .rodata.CLOCK_EnablePll0.str1.4
                0x00003208       0x1a ./drivers/fsl_clock.o
 *fill*         0x00003222        0x2 ff
 .rodata.CLOCK_SetPbeMode.str1.4
                0x00003224       0x1b ./drivers/fsl_clock.o
 *fill*         0x0000323f        0x1 ff
 .rodata.CLOCK_BootToPeeMode.str1.4
                0x00003240       0x1b ./drivers/fsl_clock.o
 *fill*         0x0000325b        0x1 ff
 .rodata.fllFactorTable.5230
                0x0000325c       0x10 ./drivers/fsl_clock.o
 .rodata.DMA_ClearChannelStatusFlags.str1.4
                0x0000326c       0x3d ./drivers/fsl_dma.o
 *fill*         0x000032a9        0x3 ff
 .rodata.DMA_HandleIRQ.str1.4
                0x000032ac       0x20 ./drivers/fsl_dma.o
 .rodata.LPSCI_GetInstance.str1.4
                0x000032cc       0x37 ./drivers/fsl_lpsci.o
 *fill*         0x00003303        0x1 ff
 .rodata.LPSCI_Init.str1.4
                0x00003304       0x44 ./drivers/fsl_lpsci.o
 .rodata.LPSCI_GetDefaultConfig.str1.4
                0x00003348       0x1a ./drivers/fsl_lpsci.o
 *fill*         0x00003362        0x2 ff
 .rodata.LPSCI_WriteBlocking.str1.4
                0x00003364       0x18 ./drivers/fsl_lpsci.o
 .rodata.LPSCI_ReadBlocking.str1.4
                0x0000337c       0x18 ./drivers/fsl_lpsci.o
 .rodata.s_uartBases
                0x00003394        0xc ./drivers/fsl_uart.o
 .rodata.s_uartClock
                0x000033a0        0xc ./drivers/fsl_uart.o
 .rodata.UART_GetInstance.str1.4
                0x000033ac       0x2c ./drivers/fsl_uart.o
 .rodata.UART_Init.str1.4
                0x000033d8       0x43 ./drivers/fsl_uart.o
 *fill*         0x0000341b        0x1 ff
 .rodata.UART_GetDefaultConfig.str1.4
                0x0000341c       0x19 ./drivers/fsl_uart.o
 *fill*         0x00003435        0x3 ff
 .rodata.UART_ReadBlocking.str1.4
                0x00003438       0x18 ./drivers/fsl_uart.o
                                 0x17 (size before relaxing)
 .rodata.mcgConfig_BOARD_BootClockRUN
                0x00003450        0xa ./board/clock_config.o
                0x00003450                mcgConfig_BOARD_BootClockRUN
 *fill*         0x0000345a        0x2 ff
 .rodata.simConfig_BOARD_BootClockRUN
                0x0000345c        0x8 ./board/clock_config.o
                0x0000345c                simConfig_BOARD_BootClockRUN
 .rodata.oscConfig_BOARD_BootClockRUN
                0x00003464        0x8 ./board/clock_config.o
                0x00003464                oscConfig_BOARD_BootClockRUN
 .rodata.__num_Ciob_streams
                0x0000346c        0x4 c:/nxp/mcuxpressoide_11.1.0_3209/ide/plugins/com.nxp.mcuxpresso.tools.win32_11.1.0.201909161352/tools/bin/../lib/gcc/arm-none-eabi/8.3.1/../../../../arm-none-eabi/lib/thumb/v6-m/nofp\libcr_semihost_nf.a(__ciob.o)
                0x0000346c                __num_Ciob_streams
 .rodata.__assertion_failed.str1.1
                0x00003470       0x15 c:/nxp/mcuxpressoide_11.1.0_3209/ide/plugins/com.nxp.mcuxpresso.tools.win32_11.1.0.201909161352/tools/bin/../lib/gcc/arm-none-eabi/8.3.1/../../../../arm-none-eabi/lib/thumb/v6-m/nofp\libcr_semihost_nf.a(_cr_assert.o)
 .rodata._Csys_alloc.str1.1
                0x00003485       0x18 c:/nxp/mcuxpressoide_11.1.0_3209/ide/plugins/com.nxp.mcuxpresso.tools.win32_11.1.0.201909161352/tools/bin/../lib/gcc/arm-none-eabi/8.3.1/../../../../arm-none-eabi/lib/thumb/v6-m/nofp\libcr_c.a(alloc.o)
 .rodata._initio.str1.1
                0x0000349d        0x4 c:/nxp/mcuxpressoide_11.1.0_3209/ide/plugins/com.nxp.mcuxpresso.tools.win32_11.1.0.201909161352/tools/bin/../lib/gcc/arm-none-eabi/8.3.1/../../../../arm-none-eabi/lib/thumb/v6-m/nofp\libcr_c.a(initio.o)
                0x000034a4                . = ALIGN (0x4)
 *fill*         0x000034a1        0x3 ff

.glue_7         0x000034a4        0x0
 .glue_7        0x000034a4        0x0 linker stubs

.glue_7t        0x000034a4        0x0
 .glue_7t       0x000034a4        0x0 linker stubs

.vfp11_veneer   0x000034a4        0x0
 .vfp11_veneer  0x000034a4        0x0 linker stubs

.v4_bx          0x000034a4        0x0
 .v4_bx         0x000034a4        0x0 linker stubs

.iplt           0x000034a4        0x0
 .iplt          0x000034a4        0x0 ./utilities/fsl_debug_console.o

.rel.dyn        0x000034a4        0x0
 .rel.iplt      0x000034a4        0x0 ./utilities/fsl_debug_console.o

.ARM.extab
 *(SORT_BY_ALIGNMENT(.ARM.extab*) SORT_BY_ALIGNMENT(.gnu.linkonce.armextab.*))
                0x000034a4                __exidx_start = .

.ARM.exidx
 *(SORT_BY_ALIGNMENT(.ARM.exidx*) SORT_BY_ALIGNMENT(.gnu.linkonce.armexidx.*))
                0x000034a4                __exidx_end = .
                0x000034a4                _etext = .

.m_usb_data
 *(SORT_BY_ALIGNMENT(m_usb_bdt))

.mtb_buffer_default
                0x1ffff000       0x80
 *(SORT_BY_ALIGNMENT(.mtb*))
 .mtb.$RAM1     0x1ffff000       0x80 ./source/mtb.o
                0x1ffff000                __mtb_buffer__

.uninit_RESERVED
                0x1ffff080        0x0
                0x1ffff080                _start_uninit_RESERVED = .
 *(SORT_BY_ALIGNMENT(.bss.$RESERVED*))
                0x1ffff080                . = ALIGN (0x4)
                0x1ffff080                _end_uninit_RESERVED = .

.data           0x1ffff080        0x8 load address 0x000034a4
 FILL mask 0xff
                0x1ffff080                _data = .
                [!provide]                PROVIDE (__start_data_RAM = .)
                [!provide]                PROVIDE (__start_data_SRAM = .)
 *(SORT_BY_ALIGNMENT(vtable))
 *(SORT_BY_ALIGNMENT(.ramfunc*))
 *(SORT_BY_ALIGNMENT(CodeQuickAccess))
 *(SORT_BY_ALIGNMENT(DataQuickAccess))
 *(SORT_BY_ALIGNMENT(RamFunction))
 *(SORT_BY_ALIGNMENT(.data*))
 .data.s_slowIrcFreq
                0x1ffff080        0x4 ./drivers/fsl_clock.o
 .data.SystemCoreClock
                0x1ffff084        0x4 ./CMSIS/system_MKL25Z4.o
                0x1ffff084                SystemCoreClock
                0x1ffff088                . = ALIGN (0x4)
                0x1ffff088                _edata = .
                [!provide]                PROVIDE (__end_data_RAM = .)
                [!provide]                PROVIDE (__end_data_SRAM = .)

.igot.plt       0x1ffff088        0x0 load address 0x000034ac
 .igot.plt      0x1ffff088        0x0 ./utilities/fsl_debug_console.o

.bss            0x1ffff088      0x1c4
                0x1ffff088                _bss = .
                [!provide]                PROVIDE (__start_bss_RAM = .)
                [!provide]                PROVIDE (__start_bss_SRAM = .)
 *(SORT_BY_ALIGNMENT(.bss*))
 .bss.s_debugConsole
                0x1ffff088       0x10 ./utilities/fsl_debug_console.o
 .bss.sinewave  0x1ffff098       0xc8 ./source/Project_5_Program1.o
                0x1ffff098                sinewave
 .bss.g_xtal0Freq
                0x1ffff160        0x4 ./drivers/fsl_clock.o
                0x1ffff160                g_xtal0Freq
 .bss.s_DMAHandle
                0x1ffff164       0x10 ./drivers/fsl_dma.o
 .bss.s_lpsciHandle
                0x1ffff174        0x4 ./drivers/fsl_lpsci.o
 .bss.s_lpsciIsr
                0x1ffff178        0x4 ./drivers/fsl_lpsci.o
 .bss.s_uartHandle
                0x1ffff17c        0xc ./drivers/fsl_uart.o
 .bss.s_uartIsr
                0x1ffff188        0x4 ./drivers/fsl_uart.o
 .bss.__Ciob    0x1ffff18c       0xb4 c:/nxp/mcuxpressoide_11.1.0_3209/ide/plugins/com.nxp.mcuxpresso.tools.win32_11.1.0.201909161352/tools/bin/../lib/gcc/arm-none-eabi/8.3.1/../../../../arm-none-eabi/lib/thumb/v6-m/nofp\libcr_semihost_nf.a(__ciob.o)
                0x1ffff18c                __Ciob
 .bss.__end_of_heap
                0x1ffff240        0x4 c:/nxp/mcuxpressoide_11.1.0_3209/ide/plugins/com.nxp.mcuxpresso.tools.win32_11.1.0.201909161352/tools/bin/../lib/gcc/arm-none-eabi/8.3.1/../../../../arm-none-eabi/lib/thumb/v6-m/nofp\libcr_c.a(__init_alloc.o)
                0x1ffff240                __end_of_heap
 .bss.__heaps   0x1ffff244        0x4 c:/nxp/mcuxpressoide_11.1.0_3209/ide/plugins/com.nxp.mcuxpresso.tools.win32_11.1.0.201909161352/tools/bin/../lib/gcc/arm-none-eabi/8.3.1/../../../../arm-none-eabi/lib/thumb/v6-m/nofp\libcr_c.a(__init_alloc.o)
                0x1ffff244                __heaps
 .bss.errno     0x1ffff248        0x4 c:/nxp/mcuxpressoide_11.1.0_3209/ide/plugins/com.nxp.mcuxpresso.tools.win32_11.1.0.201909161352/tools/bin/../lib/gcc/arm-none-eabi/8.3.1/../../../../arm-none-eabi/lib/thumb/v6-m/nofp\libcr_c.a(errno.o)
                0x1ffff248                errno
 *(SORT_BY_ALIGNMENT(COMMON))
                0x1ffff24c                . = ALIGN (0x4)
                0x1ffff24c                _ebss = .
                [!provide]                PROVIDE (__end_bss_RAM = .)
                [!provide]                PROVIDE (__end_bss_SRAM = .)
                [!provide]                PROVIDE (end = .)

.noinit         0x1ffff24c        0x0
                0x1ffff24c                _noinit = .
                [!provide]                PROVIDE (__start_noinit_RAM = .)
                [!provide]                PROVIDE (__start_noinit_SRAM = .)
 *(SORT_BY_ALIGNMENT(.noinit*))
                0x1ffff24c                . = ALIGN (0x4)
                0x1ffff24c                _end_noinit = .
                [!provide]                PROVIDE (__end_noinit_RAM = .)
                [!provide]                PROVIDE (__end_noinit_SRAM = .)
                0x00000400                _HeapSize = 0x400

.heap           0x1ffff24c      0x400
                0x1ffff24c                _pvHeapStart = .
                0x1ffff64c                . = (. + _HeapSize)
 *fill*         0x1ffff24c      0x400 
                0x1ffff64c                . = ALIGN (0x4)
                0x1ffff64c                _pvHeapLimit = .
                0x00000400                _StackSize = 0x400

.heap2stackfill
                0x1ffff64c      0x400
                0x1ffffa4c                . = (. + _StackSize)
 *fill*         0x1ffff64c      0x400 

.stack          0x20002c00        0x0
                0x20002c00                _vStackBase = .
                0x20002c00                . = ALIGN (0x4)
                0x20003000                _vStackTop = (. + _StackSize)
                0x00000000                _image_start = LOADADDR (.text)
                0x000034ac                _image_end = (LOADADDR (.data) + SIZEOF (.data))
                0x000034ac                _image_size = (_image_end - _image_start)
OUTPUT(Project_5_Program1.axf elf32-littlearm)

.debug_info     0x00000000     0x88fb
 .debug_info    0x00000000      0xa38 ./utilities/fsl_debug_console.o
 .debug_info    0x00000a38      0x4df ./startup/startup_mkl25z4.o
 .debug_info    0x00000f17      0x9dc ./source/Project_5_Program1.o
 .debug_info    0x000018f3       0x53 ./source/mtb.o
 .debug_info    0x00001946       0x3c ./source/semihost_hardfault.o
 .debug_info    0x00001982     0x1a97 ./drivers/fsl_clock.o
 .debug_info    0x00003419      0xf4e ./drivers/fsl_dma.o
 .debug_info    0x00004367     0x1469 ./drivers/fsl_lpsci.o
 .debug_info    0x000057d0     0x140a ./drivers/fsl_uart.o
 .debug_info    0x00006bda      0x80b ./board/board.o
 .debug_info    0x000073e5      0xafe ./board/clock_config.o
 .debug_info    0x00007ee3       0x3c ./board/peripherals.o
 .debug_info    0x00007f1f      0x5a3 ./board/pin_mux.o
 .debug_info    0x000084c2      0x439 ./CMSIS/system_MKL25Z4.o

.debug_abbrev   0x00000000     0x19af
 .debug_abbrev  0x00000000      0x22c ./utilities/fsl_debug_console.o
 .debug_abbrev  0x0000022c      0x18d ./startup/startup_mkl25z4.o
 .debug_abbrev  0x000003b9      0x1fe ./source/Project_5_Program1.o
 .debug_abbrev  0x000005b7       0x46 ./source/mtb.o
 .debug_abbrev  0x000005fd       0x31 ./source/semihost_hardfault.o
 .debug_abbrev  0x0000062e      0x36f ./drivers/fsl_clock.o
 .debug_abbrev  0x0000099d      0x2ec ./drivers/fsl_dma.o
 .debug_abbrev  0x00000c89      0x309 ./drivers/fsl_lpsci.o
 .debug_abbrev  0x00000f92      0x323 ./drivers/fsl_uart.o
 .debug_abbrev  0x000012b5      0x1a7 ./board/board.o
 .debug_abbrev  0x0000145c      0x211 ./board/clock_config.o
 .debug_abbrev  0x0000166d       0x31 ./board/peripherals.o
 .debug_abbrev  0x0000169e      0x1bb ./board/pin_mux.o
 .debug_abbrev  0x00001859      0x156 ./CMSIS/system_MKL25Z4.o

.debug_aranges  0x00000000      0x810
 .debug_aranges
                0x00000000       0x58 ./utilities/fsl_debug_console.o
 .debug_aranges
                0x00000058      0x160 ./startup/startup_mkl25z4.o
 .debug_aranges
                0x000001b8       0x30 ./source/Project_5_Program1.o
 .debug_aranges
                0x000001e8       0x18 ./source/mtb.o
 .debug_aranges
                0x00000200       0x20 ./source/semihost_hardfault.o
 .debug_aranges
                0x00000220      0x1d8 ./drivers/fsl_clock.o
 .debug_aranges
                0x000003f8       0xd0 ./drivers/fsl_dma.o
 .debug_aranges
                0x000004c8      0x118 ./drivers/fsl_lpsci.o
 .debug_aranges
                0x000005e0      0x130 ./drivers/fsl_uart.o
 .debug_aranges
                0x00000710       0x28 ./board/board.o
 .debug_aranges
                0x00000738       0x58 ./board/clock_config.o
 .debug_aranges
                0x00000790       0x20 ./board/peripherals.o
 .debug_aranges
                0x000007b0       0x38 ./board/pin_mux.o
 .debug_aranges
                0x000007e8       0x28 ./CMSIS/system_MKL25Z4.o

.debug_ranges   0x00000000      0x728
 .debug_ranges  0x00000000       0x48 ./utilities/fsl_debug_console.o
 .debug_ranges  0x00000048      0x150 ./startup/startup_mkl25z4.o
 .debug_ranges  0x00000198       0x20 ./source/Project_5_Program1.o
 .debug_ranges  0x000001b8       0x10 ./source/semihost_hardfault.o
 .debug_ranges  0x000001c8      0x1c8 ./drivers/fsl_clock.o
 .debug_ranges  0x00000390       0xc0 ./drivers/fsl_dma.o
 .debug_ranges  0x00000450      0x108 ./drivers/fsl_lpsci.o
 .debug_ranges  0x00000558      0x120 ./drivers/fsl_uart.o
 .debug_ranges  0x00000678       0x18 ./board/board.o
 .debug_ranges  0x00000690       0x48 ./board/clock_config.o
 .debug_ranges  0x000006d8       0x10 ./board/peripherals.o
 .debug_ranges  0x000006e8       0x28 ./board/pin_mux.o
 .debug_ranges  0x00000710       0x18 ./CMSIS/system_MKL25Z4.o

.debug_macro    0x00000000     0x8d3b
 .debug_macro   0x00000000      0x13a ./utilities/fsl_debug_console.o
 .debug_macro   0x0000013a      0xaae ./utilities/fsl_debug_console.o
 .debug_macro   0x00000be8       0x10 ./utilities/fsl_debug_console.o
 .debug_macro   0x00000bf8       0x16 ./utilities/fsl_debug_console.o
 .debug_macro   0x00000c0e       0x10 ./utilities/fsl_debug_console.o
 .debug_macro   0x00000c1e      0x12e ./utilities/fsl_debug_console.o
 .debug_macro   0x00000d4c       0x28 ./utilities/fsl_debug_console.o
 .debug_macro   0x00000d74       0xc4 ./utilities/fsl_debug_console.o
 .debug_macro   0x00000e38       0x16 ./utilities/fsl_debug_console.o
 .debug_macro   0x00000e4e       0x22 ./utilities/fsl_debug_console.o
 .debug_macro   0x00000e70      0x5b3 ./utilities/fsl_debug_console.o
 .debug_macro   0x00001423       0x10 ./utilities/fsl_debug_console.o
 .debug_macro   0x00001433       0x3f ./utilities/fsl_debug_console.o
 .debug_macro   0x00001472       0x3a ./utilities/fsl_debug_console.o
 .debug_macro   0x000014ac       0x26 ./utilities/fsl_debug_console.o
 .debug_macro   0x000014d2      0x329 ./utilities/fsl_debug_console.o
 .debug_macro   0x000017fb       0x30 ./utilities/fsl_debug_console.o
 .debug_macro   0x0000182b     0x51e2 ./utilities/fsl_debug_console.o
 .debug_macro   0x00006a0d     0x1352 ./utilities/fsl_debug_console.o
 .debug_macro   0x00007d5f       0x3a ./utilities/fsl_debug_console.o
 .debug_macro   0x00007d99       0xf4 ./utilities/fsl_debug_console.o
 .debug_macro   0x00007e8d       0x35 ./utilities/fsl_debug_console.o
 .debug_macro   0x00007ec2       0xd2 ./utilities/fsl_debug_console.o
 .debug_macro   0x00007f94       0x2e ./utilities/fsl_debug_console.o
 .debug_macro   0x00007fc2       0x10 ./utilities/fsl_debug_console.o
 .debug_macro   0x00007fd2       0x10 ./utilities/fsl_debug_console.o
 .debug_macro   0x00007fe2       0x29 ./startup/startup_mkl25z4.o
 .debug_macro   0x0000800b      0x149 ./source/Project_5_Program1.o
 .debug_macro   0x00008154       0xd8 ./source/Project_5_Program1.o
 .debug_macro   0x0000822c       0x16 ./source/Project_5_Program1.o
 .debug_macro   0x00008242       0x10 ./source/Project_5_Program1.o
 .debug_macro   0x00008252      0x112 ./source/Project_5_Program1.o
 .debug_macro   0x00008364       0x76 ./source/Project_5_Program1.o
 .debug_macro   0x000083da       0x34 ./source/Project_5_Program1.o
 .debug_macro   0x0000840e       0x2f ./source/mtb.o
 .debug_macro   0x0000843d       0x82 ./source/mtb.o
 .debug_macro   0x000084bf       0x10 ./source/mtb.o
 .debug_macro   0x000084cf       0x11 ./source/semihost_hardfault.o
 .debug_macro   0x000084e0      0x196 ./drivers/fsl_clock.o
 .debug_macro   0x00008676       0xec ./drivers/fsl_dma.o
 .debug_macro   0x00008762       0xec ./drivers/fsl_lpsci.o
 .debug_macro   0x0000884e       0xf2 ./drivers/fsl_uart.o
 .debug_macro   0x00008940      0x12b ./board/board.o
 .debug_macro   0x00008a6b      0x123 ./board/clock_config.o
 .debug_macro   0x00008b8e       0x1b ./board/peripherals.o
 .debug_macro   0x00008ba9       0xee ./board/pin_mux.o
 .debug_macro   0x00008c97       0x10 ./board/pin_mux.o
 .debug_macro   0x00008ca7       0x94 ./CMSIS/system_MKL25Z4.o

.debug_line     0x00000000     0x51e2
 .debug_line    0x00000000      0x515 ./utilities/fsl_debug_console.o
 .debug_line    0x00000515      0x1e7 ./startup/startup_mkl25z4.o
 .debug_line    0x000006fc      0x53a ./source/Project_5_Program1.o
 .debug_line    0x00000c36       0xd1 ./source/mtb.o
 .debug_line    0x00000d07       0x5a ./source/semihost_hardfault.o
 .debug_line    0x00000d61     0x1302 ./drivers/fsl_clock.o
 .debug_line    0x00002063      0x754 ./drivers/fsl_dma.o
 .debug_line    0x000027b7      0xd83 ./drivers/fsl_lpsci.o
 .debug_line    0x0000353a      0xd72 ./drivers/fsl_uart.o
 .debug_line    0x000042ac      0x3e1 ./board/board.o
 .debug_line    0x0000468d      0x415 ./board/clock_config.o
 .debug_line    0x00004aa2       0x5c ./board/peripherals.o
 .debug_line    0x00004afe      0x3a5 ./board/pin_mux.o
 .debug_line    0x00004ea3      0x33f ./CMSIS/system_MKL25Z4.o

.debug_str      0x00000000    0x36576
 .debug_str     0x00000000    0x315f9 ./utilities/fsl_debug_console.o
                              0x31863 (size before relaxing)
 .debug_str     0x000315f9      0x3e1 ./startup/startup_mkl25z4.o
                               0x31f7 (size before relaxing)
 .debug_str     0x000319da     0x1103 ./source/Project_5_Program1.o
                              0x323ad (size before relaxing)
 .debug_str     0x00032add      0x532 ./source/mtb.o
                               0x3303 (size before relaxing)
 .debug_str     0x0003300f       0x1f ./source/semihost_hardfault.o
                               0x2df0 (size before relaxing)
 .debug_str     0x0003302e     0x14e0 ./drivers/fsl_clock.o
                              0x322fe (size before relaxing)
 .debug_str     0x0003450e      0x979 ./drivers/fsl_dma.o
                              0x315cc (size before relaxing)
 .debug_str     0x00034e87      0x94b ./drivers/fsl_lpsci.o
                              0x31906 (size before relaxing)
 .debug_str     0x000357d2      0x832 ./drivers/fsl_uart.o
                              0x31929 (size before relaxing)
 .debug_str     0x00036004       0x4c ./board/board.o
                              0x31776 (size before relaxing)
 .debug_str     0x00036050      0x300 ./board/clock_config.o
                              0x3122c (size before relaxing)
 .debug_str     0x00036350       0x31 ./board/peripherals.o
                               0x2e01 (size before relaxing)
 .debug_str     0x00036381      0x1a6 ./board/pin_mux.o
                              0x30baf (size before relaxing)
 .debug_str     0x00036527       0x4f ./CMSIS/system_MKL25Z4.o
                              0x2fc68 (size before relaxing)

.comment        0x00000000       0x76
 .comment       0x00000000       0x76 ./utilities/fsl_debug_console.o
                                 0x77 (size before relaxing)
 .comment       0x00000076       0x77 ./startup/startup_mkl25z4.o
 .comment       0x00000076       0x77 ./source/Project_5_Program1.o
 .comment       0x00000076       0x77 ./source/mtb.o
 .comment       0x00000076       0x77 ./source/semihost_hardfault.o
 .comment       0x00000076       0x77 ./drivers/fsl_clock.o
 .comment       0x00000076       0x77 ./drivers/fsl_dma.o
 .comment       0x00000076       0x77 ./drivers/fsl_lpsci.o
 .comment       0x00000076       0x77 ./drivers/fsl_uart.o
 .comment       0x00000076       0x77 ./board/board.o
 .comment       0x00000076       0x77 ./board/clock_config.o
 .comment       0x00000076       0x77 ./board/peripherals.o
 .comment       0x00000076       0x77 ./board/pin_mux.o
 .comment       0x00000076       0x77 ./CMSIS/system_MKL25Z4.o
 .comment       0x00000076       0x77 c:/nxp/mcuxpressoide_11.1.0_3209/ide/plugins/com.nxp.mcuxpresso.tools.win32_11.1.0.201909161352/tools/bin/../lib/gcc/arm-none-eabi/8.3.1/../../../../arm-none-eabi/lib/thumb/v6-m/nofp\libcr_semihost_nf.a(_cr__main.o)
 .comment       0x00000076       0x77 c:/nxp/mcuxpressoide_11.1.0_3209/ide/plugins/com.nxp.mcuxpresso.tools.win32_11.1.0.201909161352/tools/bin/../lib/gcc/arm-none-eabi/8.3.1/../../../../arm-none-eabi/lib/thumb/v6-m/nofp\libcr_semihost_nf.a(_cr_assert.o)
 .comment       0x00000076       0x77 c:/nxp/mcuxpressoide_11.1.0_3209/ide/plugins/com.nxp.mcuxpresso.tools.win32_11.1.0.201909161352/tools/bin/../lib/gcc/arm-none-eabi/8.3.1/../../../../arm-none-eabi/lib/thumb/v6-m/nofp\libcr_semihost_nf.a(__ciob.o)
 .comment       0x00000076       0x77 c:/nxp/mcuxpressoide_11.1.0_3209/ide/plugins/com.nxp.mcuxpresso.tools.win32_11.1.0.201909161352/tools/bin/../lib/gcc/arm-none-eabi/8.3.1/../../../../arm-none-eabi/lib/thumb/v6-m/nofp\libcr_c.a(sinf.o)
 .comment       0x00000076       0x77 c:/nxp/mcuxpressoide_11.1.0_3209/ide/plugins/com.nxp.mcuxpresso.tools.win32_11.1.0.201909161352/tools/bin/../lib/gcc/arm-none-eabi/8.3.1/../../../../arm-none-eabi/lib/thumb/v6-m/nofp\libcr_c.a(memset.o)
 .comment       0x00000076       0x77 c:/nxp/mcuxpressoide_11.1.0_3209/ide/plugins/com.nxp.mcuxpresso.tools.win32_11.1.0.201909161352/tools/bin/../lib/gcc/arm-none-eabi/8.3.1/../../../../arm-none-eabi/lib/thumb/v6-m/nofp\libcr_c.a(_deferredlazyseek.o)
 .comment       0x00000076       0x77 c:/nxp/mcuxpressoide_11.1.0_3209/ide/plugins/com.nxp.mcuxpresso.tools.win32_11.1.0.201909161352/tools/bin/../lib/gcc/arm-none-eabi/8.3.1/../../../../arm-none-eabi/lib/thumb/v6-m/nofp\libcr_c.a(_fflush.o)
 .comment       0x00000076       0x77 c:/nxp/mcuxpressoide_11.1.0_3209/ide/plugins/com.nxp.mcuxpresso.tools.win32_11.1.0.201909161352/tools/bin/../lib/gcc/arm-none-eabi/8.3.1/../../../../arm-none-eabi/lib/thumb/v6-m/nofp\libcr_c.a(_writebuf.o)
 .comment       0x00000076       0x77 c:/nxp/mcuxpressoide_11.1.0_3209/ide/plugins/com.nxp.mcuxpresso.tools.win32_11.1.0.201909161352/tools/bin/../lib/gcc/arm-none-eabi/8.3.1/../../../../arm-none-eabi/lib/thumb/v6-m/nofp\libcr_c.a(alloc.o)
 .comment       0x00000076       0x77 c:/nxp/mcuxpressoide_11.1.0_3209/ide/plugins/com.nxp.mcuxpresso.tools.win32_11.1.0.201909161352/tools/bin/../lib/gcc/arm-none-eabi/8.3.1/../../../../arm-none-eabi/lib/thumb/v6-m/nofp\libcr_c.a(fputs.o)
 .comment       0x00000076       0x77 c:/nxp/mcuxpressoide_11.1.0_3209/ide/plugins/com.nxp.mcuxpresso.tools.win32_11.1.0.201909161352/tools/bin/../lib/gcc/arm-none-eabi/8.3.1/../../../../arm-none-eabi/lib/thumb/v6-m/nofp\libcr_c.a(fseek.o)
 .comment       0x00000076       0x77 c:/nxp/mcuxpressoide_11.1.0_3209/ide/plugins/com.nxp.mcuxpresso.tools.win32_11.1.0.201909161352/tools/bin/../lib/gcc/arm-none-eabi/8.3.1/../../../../arm-none-eabi/lib/thumb/v6-m/nofp\libcr_c.a(ftell.o)
 .comment       0x00000076       0x77 c:/nxp/mcuxpressoide_11.1.0_3209/ide/plugins/com.nxp.mcuxpresso.tools.win32_11.1.0.201909161352/tools/bin/../lib/gcc/arm-none-eabi/8.3.1/../../../../arm-none-eabi/lib/thumb/v6-m/nofp\libcr_c.a(initio.o)
 .comment       0x00000076       0x77 c:/nxp/mcuxpressoide_11.1.0_3209/ide/plugins/com.nxp.mcuxpresso.tools.win32_11.1.0.201909161352/tools/bin/../lib/gcc/arm-none-eabi/8.3.1/../../../../arm-none-eabi/lib/thumb/v6-m/nofp\libcr_c.a(setvbuf.o)
 .comment       0x00000076       0x77 c:/nxp/mcuxpressoide_11.1.0_3209/ide/plugins/com.nxp.mcuxpresso.tools.win32_11.1.0.201909161352/tools/bin/../lib/gcc/arm-none-eabi/8.3.1/../../../../arm-none-eabi/lib/thumb/v6-m/nofp\libcr_c.a(_sincosf.o)
 .comment       0x00000076       0x77 c:/nxp/mcuxpressoide_11.1.0_3209/ide/plugins/com.nxp.mcuxpresso.tools.win32_11.1.0.201909161352/tools/bin/../lib/gcc/arm-none-eabi/8.3.1/../../../../arm-none-eabi/lib/thumb/v6-m/nofp\libcr_c.a(fabsf.o)
 .comment       0x00000076       0x77 c:/nxp/mcuxpressoide_11.1.0_3209/ide/plugins/com.nxp.mcuxpresso.tools.win32_11.1.0.201909161352/tools/bin/../lib/gcc/arm-none-eabi/8.3.1/../../../../arm-none-eabi/lib/thumb/v6-m/nofp\libcr_c.a(__init_alloc.o)
 .comment       0x00000076       0x77 c:/nxp/mcuxpressoide_11.1.0_3209/ide/plugins/com.nxp.mcuxpresso.tools.win32_11.1.0.201909161352/tools/bin/../lib/gcc/arm-none-eabi/8.3.1/../../../../arm-none-eabi/lib/thumb/v6-m/nofp\libcr_c.a(_cr_sbrk.o)
 .comment       0x00000076       0x77 c:/nxp/mcuxpressoide_11.1.0_3209/ide/plugins/com.nxp.mcuxpresso.tools.win32_11.1.0.201909161352/tools/bin/../lib/gcc/arm-none-eabi/8.3.1/../../../../arm-none-eabi/lib/thumb/v6-m/nofp\libcr_c.a(_fdopen.o)
 .comment       0x00000076       0x77 c:/nxp/mcuxpressoide_11.1.0_3209/ide/plugins/com.nxp.mcuxpresso.tools.win32_11.1.0.201909161352/tools/bin/../lib/gcc/arm-none-eabi/8.3.1/../../../../arm-none-eabi/lib/thumb/v6-m/nofp\libcr_c.a(errno.o)
 .comment       0x00000076       0x77 c:/nxp/mcuxpressoide_11.1.0_3209/ide/plugins/com.nxp.mcuxpresso.tools.win32_11.1.0.201909161352/tools/bin/../lib/gcc/arm-none-eabi/8.3.1/../../../../arm-none-eabi/lib/thumb/v6-m/nofp\libcr_c.a(fclose.o)
 .comment       0x00000076       0x77 c:/nxp/mcuxpressoide_11.1.0_3209/ide/plugins/com.nxp.mcuxpresso.tools.win32_11.1.0.201909161352/tools/bin/../lib/gcc/arm-none-eabi/8.3.1/../../../../arm-none-eabi/lib/thumb/v6-m/nofp\libcr_c.a(fflush.o)
 .comment       0x00000076       0x77 c:/nxp/mcuxpressoide_11.1.0_3209/ide/plugins/com.nxp.mcuxpresso.tools.win32_11.1.0.201909161352/tools/bin/../lib/gcc/arm-none-eabi/8.3.1/../../../../arm-none-eabi/lib/thumb/v6-m/nofp\libcr_c.a(remove.o)
 .comment       0x00000076       0x77 c:/nxp/mcuxpressoide_11.1.0_3209/ide/plugins/com.nxp.mcuxpresso.tools.win32_11.1.0.201909161352/tools/bin/../lib/gcc/arm-none-eabi/8.3.1/../../../../arm-none-eabi/lib/thumb/v6-m/nofp\libcr_c.a(strlen.o)
 .comment       0x00000076       0x77 c:/nxp/mcuxpressoide_11.1.0_3209/ide/plugins/com.nxp.mcuxpresso.tools.win32_11.1.0.201909161352/tools/bin/../lib/gcc/arm-none-eabi/8.3.1/../../../../arm-none-eabi/lib/thumb/v6-m/nofp\libcr_c.a(_cr_check_heap.o)
 .comment       0x00000076       0x77 c:/nxp/mcuxpressoide_11.1.0_3209/ide/plugins/com.nxp.mcuxpresso.tools.win32_11.1.0.201909161352/tools/bin/../lib/gcc/arm-none-eabi/8.3.1/../../../../arm-none-eabi/lib/thumb/v6-m/nofp\libcr_c.a(_do_fflush.o)
 .comment       0x00000076       0x77 c:/nxp/mcuxpressoide_11.1.0_3209/ide/plugins/com.nxp.mcuxpresso.tools.win32_11.1.0.201909161352/tools/bin/../lib/gcc/arm-none-eabi/8.3.1/thumb/v6-m/nofp\libcr_eabihelpers.a(double.o)
 .comment       0x00000076       0x77 c:/nxp/mcuxpressoide_11.1.0_3209/ide/plugins/com.nxp.mcuxpresso.tools.win32_11.1.0.201909161352/tools/bin/../lib/gcc/arm-none-eabi/8.3.1/thumb/v6-m/nofp\libcr_eabihelpers.a(float.o)

.ARM.attributes
                0x00000000       0x2a
 .ARM.attributes
                0x00000000       0x2c ./utilities/fsl_debug_console.o
 .ARM.attributes
                0x0000002c       0x2c ./startup/startup_mkl25z4.o
 .ARM.attributes
                0x00000058       0x2c ./source/Project_5_Program1.o
 .ARM.attributes
                0x00000084       0x32 ./source/mtb.o
 .ARM.attributes
                0x000000b6       0x2c ./source/semihost_hardfault.o
 .ARM.attributes
                0x000000e2       0x2c ./drivers/fsl_clock.o
 .ARM.attributes
                0x0000010e       0x2c ./drivers/fsl_dma.o
 .ARM.attributes
                0x0000013a       0x2c ./drivers/fsl_lpsci.o
 .ARM.attributes
                0x00000166       0x2c ./drivers/fsl_uart.o
 .ARM.attributes
                0x00000192       0x2c ./board/board.o
 .ARM.attributes
                0x000001be       0x2c ./board/clock_config.o
 .ARM.attributes
                0x000001ea       0x2c ./board/peripherals.o
 .ARM.attributes
                0x00000216       0x2c ./board/pin_mux.o
 .ARM.attributes
                0x00000242       0x2c ./CMSIS/system_MKL25Z4.o
 .ARM.attributes
                0x0000026e       0x2c c:/nxp/mcuxpressoide_11.1.0_3209/ide/plugins/com.nxp.mcuxpresso.tools.win32_11.1.0.201909161352/tools/bin/../lib/gcc/arm-none-eabi/8.3.1/../../../../arm-none-eabi/lib/thumb/v6-m/nofp\libcr_semihost_nf.a(_cr__main.o)
 .ARM.attributes
                0x0000029a       0x2c c:/nxp/mcuxpressoide_11.1.0_3209/ide/plugins/com.nxp.mcuxpresso.tools.win32_11.1.0.201909161352/tools/bin/../lib/gcc/arm-none-eabi/8.3.1/../../../../arm-none-eabi/lib/thumb/v6-m/nofp\libcr_semihost_nf.a(_cr_assert.o)
 .ARM.attributes
                0x000002c6       0x31 c:/nxp/mcuxpressoide_11.1.0_3209/ide/plugins/com.nxp.mcuxpresso.tools.win32_11.1.0.201909161352/tools/bin/../lib/gcc/arm-none-eabi/8.3.1/../../../../arm-none-eabi/lib/thumb/v6-m/nofp\libcr_semihost_nf.a(__ciob.o)
 .ARM.attributes
                0x000002f7       0x1c c:/nxp/mcuxpressoide_11.1.0_3209/ide/plugins/com.nxp.mcuxpresso.tools.win32_11.1.0.201909161352/tools/bin/../lib/gcc/arm-none-eabi/8.3.1/../../../../arm-none-eabi/lib/thumb/v6-m/nofp\libcr_semihost_nf.a(__sys_appexit.o)
 .ARM.attributes
                0x00000313       0x2c c:/nxp/mcuxpressoide_11.1.0_3209/ide/plugins/com.nxp.mcuxpresso.tools.win32_11.1.0.201909161352/tools/bin/../lib/gcc/arm-none-eabi/8.3.1/../../../../arm-none-eabi/lib/thumb/v6-m/nofp\libcr_c.a(sinf.o)
 .ARM.attributes
                0x0000033f       0x2c c:/nxp/mcuxpressoide_11.1.0_3209/ide/plugins/com.nxp.mcuxpresso.tools.win32_11.1.0.201909161352/tools/bin/../lib/gcc/arm-none-eabi/8.3.1/../../../../arm-none-eabi/lib/thumb/v6-m/nofp\libcr_c.a(memset.o)
 .ARM.attributes
                0x0000036b       0x2c c:/nxp/mcuxpressoide_11.1.0_3209/ide/plugins/com.nxp.mcuxpresso.tools.win32_11.1.0.201909161352/tools/bin/../lib/gcc/arm-none-eabi/8.3.1/../../../../arm-none-eabi/lib/thumb/v6-m/nofp\libcr_c.a(_deferredlazyseek.o)
 .ARM.attributes
                0x00000397       0x2c c:/nxp/mcuxpressoide_11.1.0_3209/ide/plugins/com.nxp.mcuxpresso.tools.win32_11.1.0.201909161352/tools/bin/../lib/gcc/arm-none-eabi/8.3.1/../../../../arm-none-eabi/lib/thumb/v6-m/nofp\libcr_c.a(_fflush.o)
 .ARM.attributes
                0x000003c3       0x2c c:/nxp/mcuxpressoide_11.1.0_3209/ide/plugins/com.nxp.mcuxpresso.tools.win32_11.1.0.201909161352/tools/bin/../lib/gcc/arm-none-eabi/8.3.1/../../../../arm-none-eabi/lib/thumb/v6-m/nofp\libcr_c.a(_writebuf.o)
 .ARM.attributes
                0x000003ef       0x2c c:/nxp/mcuxpressoide_11.1.0_3209/ide/plugins/com.nxp.mcuxpresso.tools.win32_11.1.0.201909161352/tools/bin/../lib/gcc/arm-none-eabi/8.3.1/../../../../arm-none-eabi/lib/thumb/v6-m/nofp\libcr_c.a(alloc.o)
 .ARM.attributes
                0x0000041b       0x2c c:/nxp/mcuxpressoide_11.1.0_3209/ide/plugins/com.nxp.mcuxpresso.tools.win32_11.1.0.201909161352/tools/bin/../lib/gcc/arm-none-eabi/8.3.1/../../../../arm-none-eabi/lib/thumb/v6-m/nofp\libcr_c.a(fputs.o)
 .ARM.attributes
                0x00000447       0x2c c:/nxp/mcuxpressoide_11.1.0_3209/ide/plugins/com.nxp.mcuxpresso.tools.win32_11.1.0.201909161352/tools/bin/../lib/gcc/arm-none-eabi/8.3.1/../../../../arm-none-eabi/lib/thumb/v6-m/nofp\libcr_c.a(fseek.o)
 .ARM.attributes
                0x00000473       0x2c c:/nxp/mcuxpressoide_11.1.0_3209/ide/plugins/com.nxp.mcuxpresso.tools.win32_11.1.0.201909161352/tools/bin/../lib/gcc/arm-none-eabi/8.3.1/../../../../arm-none-eabi/lib/thumb/v6-m/nofp\libcr_c.a(ftell.o)
 .ARM.attributes
                0x0000049f       0x2c c:/nxp/mcuxpressoide_11.1.0_3209/ide/plugins/com.nxp.mcuxpresso.tools.win32_11.1.0.201909161352/tools/bin/../lib/gcc/arm-none-eabi/8.3.1/../../../../arm-none-eabi/lib/thumb/v6-m/nofp\libcr_c.a(initio.o)
 .ARM.attributes
                0x000004cb       0x2c c:/nxp/mcuxpressoide_11.1.0_3209/ide/plugins/com.nxp.mcuxpresso.tools.win32_11.1.0.201909161352/tools/bin/../lib/gcc/arm-none-eabi/8.3.1/../../../../arm-none-eabi/lib/thumb/v6-m/nofp\libcr_c.a(setvbuf.o)
 .ARM.attributes
                0x000004f7       0x2c c:/nxp/mcuxpressoide_11.1.0_3209/ide/plugins/com.nxp.mcuxpresso.tools.win32_11.1.0.201909161352/tools/bin/../lib/gcc/arm-none-eabi/8.3.1/../../../../arm-none-eabi/lib/thumb/v6-m/nofp\libcr_c.a(_sincosf.o)
 .ARM.attributes
                0x00000523       0x2c c:/nxp/mcuxpressoide_11.1.0_3209/ide/plugins/com.nxp.mcuxpresso.tools.win32_11.1.0.201909161352/tools/bin/../lib/gcc/arm-none-eabi/8.3.1/../../../../arm-none-eabi/lib/thumb/v6-m/nofp\libcr_c.a(fabsf.o)
 .ARM.attributes
                0x0000054f       0x2c c:/nxp/mcuxpressoide_11.1.0_3209/ide/plugins/com.nxp.mcuxpresso.tools.win32_11.1.0.201909161352/tools/bin/../lib/gcc/arm-none-eabi/8.3.1/../../../../arm-none-eabi/lib/thumb/v6-m/nofp\libcr_c.a(__init_alloc.o)
 .ARM.attributes
                0x0000057b       0x2c c:/nxp/mcuxpressoide_11.1.0_3209/ide/plugins/com.nxp.mcuxpresso.tools.win32_11.1.0.201909161352/tools/bin/../lib/gcc/arm-none-eabi/8.3.1/../../../../arm-none-eabi/lib/thumb/v6-m/nofp\libcr_c.a(_cr_sbrk.o)
 .ARM.attributes
                0x000005a7       0x2c c:/nxp/mcuxpressoide_11.1.0_3209/ide/plugins/com.nxp.mcuxpresso.tools.win32_11.1.0.201909161352/tools/bin/../lib/gcc/arm-none-eabi/8.3.1/../../../../arm-none-eabi/lib/thumb/v6-m/nofp\libcr_c.a(_fdopen.o)
 .ARM.attributes
                0x000005d3       0x31 c:/nxp/mcuxpressoide_11.1.0_3209/ide/plugins/com.nxp.mcuxpresso.tools.win32_11.1.0.201909161352/tools/bin/../lib/gcc/arm-none-eabi/8.3.1/../../../../arm-none-eabi/lib/thumb/v6-m/nofp\libcr_c.a(errno.o)
 .ARM.attributes
                0x00000604       0x2c c:/nxp/mcuxpressoide_11.1.0_3209/ide/plugins/com.nxp.mcuxpresso.tools.win32_11.1.0.201909161352/tools/bin/../lib/gcc/arm-none-eabi/8.3.1/../../../../arm-none-eabi/lib/thumb/v6-m/nofp\libcr_c.a(fclose.o)
 .ARM.attributes
                0x00000630       0x2c c:/nxp/mcuxpressoide_11.1.0_3209/ide/plugins/com.nxp.mcuxpresso.tools.win32_11.1.0.201909161352/tools/bin/../lib/gcc/arm-none-eabi/8.3.1/../../../../arm-none-eabi/lib/thumb/v6-m/nofp\libcr_c.a(fflush.o)
 .ARM.attributes
                0x0000065c       0x2c c:/nxp/mcuxpressoide_11.1.0_3209/ide/plugins/com.nxp.mcuxpresso.tools.win32_11.1.0.201909161352/tools/bin/../lib/gcc/arm-none-eabi/8.3.1/../../../../arm-none-eabi/lib/thumb/v6-m/nofp\libcr_c.a(remove.o)
 .ARM.attributes
                0x00000688       0x2c c:/nxp/mcuxpressoide_11.1.0_3209/ide/plugins/com.nxp.mcuxpresso.tools.win32_11.1.0.201909161352/tools/bin/../lib/gcc/arm-none-eabi/8.3.1/../../../../arm-none-eabi/lib/thumb/v6-m/nofp\libcr_c.a(strlen.o)
 .ARM.attributes
                0x000006b4       0x2c c:/nxp/mcuxpressoide_11.1.0_3209/ide/plugins/com.nxp.mcuxpresso.tools.win32_11.1.0.201909161352/tools/bin/../lib/gcc/arm-none-eabi/8.3.1/../../../../arm-none-eabi/lib/thumb/v6-m/nofp\libcr_c.a(_cr_check_heap.o)
 .ARM.attributes
                0x000006e0       0x2c c:/nxp/mcuxpressoide_11.1.0_3209/ide/plugins/com.nxp.mcuxpresso.tools.win32_11.1.0.201909161352/tools/bin/../lib/gcc/arm-none-eabi/8.3.1/../../../../arm-none-eabi/lib/thumb/v6-m/nofp\libcr_c.a(_do_fflush.o)
 .ARM.attributes
                0x0000070c       0x1c c:/nxp/mcuxpressoide_11.1.0_3209/ide/plugins/com.nxp.mcuxpresso.tools.win32_11.1.0.201909161352/tools/bin/../lib/gcc/arm-none-eabi/8.3.1/thumb/v6-m/nofp\libcr_eabihelpers.a(division_32.o)
 .ARM.attributes
                0x00000728       0x1c c:/nxp/mcuxpressoide_11.1.0_3209/ide/plugins/com.nxp.mcuxpresso.tools.win32_11.1.0.201909161352/tools/bin/../lib/gcc/arm-none-eabi/8.3.1/thumb/v6-m/nofp\libcr_eabihelpers.a(division_idiv0.o)
 .ARM.attributes
                0x00000744       0x2c c:/nxp/mcuxpressoide_11.1.0_3209/ide/plugins/com.nxp.mcuxpresso.tools.win32_11.1.0.201909161352/tools/bin/../lib/gcc/arm-none-eabi/8.3.1/thumb/v6-m/nofp\libcr_eabihelpers.a(double.o)
 .ARM.attributes
                0x00000770       0x2c c:/nxp/mcuxpressoide_11.1.0_3209/ide/plugins/com.nxp.mcuxpresso.tools.win32_11.1.0.201909161352/tools/bin/../lib/gcc/arm-none-eabi/8.3.1/thumb/v6-m/nofp\libcr_eabihelpers.a(float.o)
 .ARM.attributes
                0x0000079c       0x1c c:/nxp/mcuxpressoide_11.1.0_3209/ide/plugins/com.nxp.mcuxpresso.tools.win32_11.1.0.201909161352/tools/bin/../lib/gcc/arm-none-eabi/8.3.1/thumb/v6-m/nofp\libcr_eabihelpers.a(llong.o)
 .ARM.attributes
                0x000007b8       0x1c c:/nxp/mcuxpressoide_11.1.0_3209/ide/plugins/com.nxp.mcuxpresso.tools.win32_11.1.0.201909161352/tools/bin/../lib/gcc/arm-none-eabi/8.3.1/thumb/v6-m/nofp\libcr_eabihelpers.a(memcpy.o)
 .ARM.attributes
                0x000007d4       0x1c c:/nxp/mcuxpressoide_11.1.0_3209/ide/plugins/com.nxp.mcuxpresso.tools.win32_11.1.0.201909161352/tools/bin/../lib/gcc/arm-none-eabi/8.3.1/../../../../arm-none-eabi/lib/thumb/v6-m/nofp\libcr_semihost_nf.a(__sys_close.o)
 .ARM.attributes
                0x000007f0       0x1c c:/nxp/mcuxpressoide_11.1.0_3209/ide/plugins/com.nxp.mcuxpresso.tools.win32_11.1.0.201909161352/tools/bin/../lib/gcc/arm-none-eabi/8.3.1/../../../../arm-none-eabi/lib/thumb/v6-m/nofp\libcr_semihost_nf.a(__sys_flen.o)
 .ARM.attributes
                0x0000080c       0x1c c:/nxp/mcuxpressoide_11.1.0_3209/ide/plugins/com.nxp.mcuxpresso.tools.win32_11.1.0.201909161352/tools/bin/../lib/gcc/arm-none-eabi/8.3.1/../../../../arm-none-eabi/lib/thumb/v6-m/nofp\libcr_semihost_nf.a(__sys_istty.o)
 .ARM.attributes
                0x00000828       0x1c c:/nxp/mcuxpressoide_11.1.0_3209/ide/plugins/com.nxp.mcuxpresso.tools.win32_11.1.0.201909161352/tools/bin/../lib/gcc/arm-none-eabi/8.3.1/../../../../arm-none-eabi/lib/thumb/v6-m/nofp\libcr_semihost_nf.a(__sys_remove.o)
 .ARM.attributes
                0x00000844       0x1c c:/nxp/mcuxpressoide_11.1.0_3209/ide/plugins/com.nxp.mcuxpresso.tools.win32_11.1.0.201909161352/tools/bin/../lib/gcc/arm-none-eabi/8.3.1/../../../../arm-none-eabi/lib/thumb/v6-m/nofp\libcr_semihost_nf.a(__sys_seek.o)
 .ARM.attributes
                0x00000860       0x1c c:/nxp/mcuxpressoide_11.1.0_3209/ide/plugins/com.nxp.mcuxpresso.tools.win32_11.1.0.201909161352/tools/bin/../lib/gcc/arm-none-eabi/8.3.1/../../../../arm-none-eabi/lib/thumb/v6-m/nofp\libcr_semihost_nf.a(__sys_tmpnam.o)

.debug_frame    0x00000000     0x19d8
 .debug_frame   0x00000000      0x10c ./utilities/fsl_debug_console.o
 .debug_frame   0x0000010c      0x3b0 ./startup/startup_mkl25z4.o
 .debug_frame   0x000004bc       0x6c ./source/Project_5_Program1.o
 .debug_frame   0x00000528       0x20 ./source/semihost_hardfault.o
 .debug_frame   0x00000548      0x6e0 ./drivers/fsl_clock.o
 .debug_frame   0x00000c28      0x2e0 ./drivers/fsl_dma.o
 .debug_frame   0x00000f08      0x418 ./drivers/fsl_lpsci.o
 .debug_frame   0x00001320      0x468 ./drivers/fsl_uart.o
 .debug_frame   0x00001788       0x50 ./board/board.o
 .debug_frame   0x000017d8      0x100 ./board/clock_config.o
 .debug_frame   0x000018d8       0x2c ./board/peripherals.o
 .debug_frame   0x00001904       0x88 ./board/pin_mux.o
 .debug_frame   0x0000198c       0x4c ./CMSIS/system_MKL25Z4.o

Cross Reference Table

Symbol                                            File
ADC0_DriverIRQHandler                             ./startup/startup_mkl25z4.o
ADC0_IRQHandler                                   ./startup/startup_mkl25z4.o
ADC16_ClearStatusFlags                            ./drivers/fsl_adc16.o
ADC16_Deinit                                      ./drivers/fsl_adc16.o
ADC16_DoAutoCalibration                           ./drivers/fsl_adc16.o
ADC16_GetChannelStatusFlags                       ./drivers/fsl_adc16.o
ADC16_GetDefaultConfig                            ./drivers/fsl_adc16.o
ADC16_GetStatusFlags                              ./drivers/fsl_adc16.o
ADC16_Init                                        ./drivers/fsl_adc16.o
ADC16_SetChannelConfig                            ./drivers/fsl_adc16.o
ADC16_SetChannelMuxMode                           ./drivers/fsl_adc16.o
ADC16_SetHardwareAverage                          ./drivers/fsl_adc16.o
ADC16_SetHardwareCompareConfig                    ./drivers/fsl_adc16.o
BOARD_BootClockRUN                                ./board/clock_config.o
BOARD_BootClockVLPR                               ./board/clock_config.o
BOARD_InitBootClocks                              ./board/clock_config.o
                                                  ./source/Project_5_Program1.o
BOARD_InitBootPeripherals                         ./board/peripherals.o
                                                  ./source/Project_5_Program1.o
BOARD_InitBootPins                                ./board/pin_mux.o
                                                  ./source/Project_5_Program1.o
BOARD_InitDebugConsole                            ./board/board.o
                                                  ./source/Project_5_Program1.o
BOARD_InitPins                                    ./board/pin_mux.o
CLOCK_BootToBlpeMode                              ./drivers/fsl_clock.o
CLOCK_BootToBlpiMode                              ./drivers/fsl_clock.o
                                                  ./board/clock_config.o
CLOCK_BootToFeeMode                               ./drivers/fsl_clock.o
CLOCK_BootToFeiMode                               ./drivers/fsl_clock.o
CLOCK_BootToPeeMode                               ./drivers/fsl_clock.o
                                                  ./board/clock_config.o
CLOCK_CalcPllDiv                                  ./drivers/fsl_clock.o
CLOCK_ClearStatusFlags                            ./drivers/fsl_clock.o
CLOCK_DeinitOsc0                                  ./drivers/fsl_clock.o
CLOCK_EnablePll0                                  ./drivers/fsl_clock.o
CLOCK_EnableUsbfs0Clock                           ./drivers/fsl_clock.o
CLOCK_ExternalModeToFbeModeQuick                  ./drivers/fsl_clock.o
CLOCK_FllStableDelay                              ./drivers/fsl_clock.o
CLOCK_GetBusClkFreq                               ./drivers/fsl_clock.o
CLOCK_GetCoreSysClkFreq                           ./drivers/fsl_clock.o
CLOCK_GetEr32kClkFreq                             ./drivers/fsl_clock.o
CLOCK_GetFixedFreqClkFreq                         ./drivers/fsl_clock.o
CLOCK_GetFlashClkFreq                             ./drivers/fsl_clock.o
CLOCK_GetFllFreq                                  ./drivers/fsl_clock.o
CLOCK_GetFreq                                     ./drivers/fsl_clock.o
CLOCK_GetInternalRefClkFreq                       ./drivers/fsl_clock.o
CLOCK_GetMode                                     ./drivers/fsl_clock.o
CLOCK_GetOsc0ErClkFreq                            ./drivers/fsl_clock.o
CLOCK_GetOutClkFreq                               ./drivers/fsl_clock.o
CLOCK_GetPlatClkFreq                              ./drivers/fsl_clock.o
CLOCK_GetPll0Freq                                 ./drivers/fsl_clock.o
CLOCK_GetPllFllSelClkFreq                         ./drivers/fsl_clock.o
                                                  ./board/board.o
CLOCK_GetStatusFlags                              ./drivers/fsl_clock.o
CLOCK_InitOsc0                                    ./drivers/fsl_clock.o
                                                  ./board/clock_config.o
CLOCK_InternalModeToFbiModeQuick                  ./drivers/fsl_clock.o
CLOCK_SetBlpeMode                                 ./drivers/fsl_clock.o
CLOCK_SetBlpiMode                                 ./drivers/fsl_clock.o
CLOCK_SetExternalRefClkConfig                     ./drivers/fsl_clock.o
CLOCK_SetFbeMode                                  ./drivers/fsl_clock.o
CLOCK_SetFbiMode                                  ./drivers/fsl_clock.o
CLOCK_SetFeeMode                                  ./drivers/fsl_clock.o
CLOCK_SetFeiMode                                  ./drivers/fsl_clock.o
CLOCK_SetInternalRefClkConfig                     ./drivers/fsl_clock.o
                                                  ./board/clock_config.o
CLOCK_SetMcgConfig                                ./drivers/fsl_clock.o
CLOCK_SetOsc0MonitorMode                          ./drivers/fsl_clock.o
CLOCK_SetPbeMode                                  ./drivers/fsl_clock.o
CLOCK_SetPeeMode                                  ./drivers/fsl_clock.o
CLOCK_SetPll0MonitorMode                          ./drivers/fsl_clock.o
CLOCK_SetSimConfig                                ./drivers/fsl_clock.o
                                                  ./board/clock_config.o
CLOCK_TrimInternalRefClk                          ./drivers/fsl_clock.o
CMP0_DriverIRQHandler                             ./startup/startup_mkl25z4.o
CMP0_IRQHandler                                   ./startup/startup_mkl25z4.o
DAC0_DriverIRQHandler                             ./startup/startup_mkl25z4.o
DAC0_IRQHandler                                   ./startup/startup_mkl25z4.o
DAC0_init                                         ./source/Project_5_Program1.o
DAC_ClearBufferStatusFlags                        ./drivers/fsl_dac.o
DAC_Deinit                                        ./drivers/fsl_dac.o
DAC_DisableBufferInterrupts                       ./drivers/fsl_dac.o
DAC_EnableBufferInterrupts                        ./drivers/fsl_dac.o
DAC_GetBufferStatusFlags                          ./drivers/fsl_dac.o
DAC_GetDefaultBufferConfig                        ./drivers/fsl_dac.o
DAC_GetDefaultConfig                              ./drivers/fsl_dac.o
DAC_Init                                          ./drivers/fsl_dac.o
DAC_SetBufferConfig                               ./drivers/fsl_dac.o
DAC_SetBufferReadPointer                          ./drivers/fsl_dac.o
DAC_SetBufferValue                                ./drivers/fsl_dac.o
DMA0_DriverIRQHandler                             ./drivers/fsl_dma.o
                                                  ./startup/startup_mkl25z4.o
DMA0_IRQHandler                                   ./startup/startup_mkl25z4.o
DMA1_DriverIRQHandler                             ./drivers/fsl_dma.o
                                                  ./startup/startup_mkl25z4.o
DMA1_IRQHandler                                   ./startup/startup_mkl25z4.o
DMA2_DriverIRQHandler                             ./drivers/fsl_dma.o
                                                  ./startup/startup_mkl25z4.o
DMA2_IRQHandler                                   ./startup/startup_mkl25z4.o
DMA3_DriverIRQHandler                             ./drivers/fsl_dma.o
                                                  ./startup/startup_mkl25z4.o
DMA3_IRQHandler                                   ./startup/startup_mkl25z4.o
DMAMUX_Deinit                                     ./drivers/fsl_dmamux.o
DMAMUX_Init                                       ./drivers/fsl_dmamux.o
DMA_AbortTransfer                                 ./drivers/fsl_dma.o
                                                  ./drivers/fsl_uart_dma.o
                                                  ./drivers/fsl_lpsci_dma.o
DMA_CreateHandle                                  ./drivers/fsl_dma.o
DMA_Deinit                                        ./drivers/fsl_dma.o
DMA_HandleIRQ                                     ./drivers/fsl_dma.o
DMA_Init                                          ./drivers/fsl_dma.o
DMA_PrepareTransfer                               ./drivers/fsl_dma.o
                                                  ./drivers/fsl_uart_dma.o
                                                  ./drivers/fsl_lpsci_dma.o
DMA_ResetChannel                                  ./drivers/fsl_dma.o
DMA_SetCallback                                   ./drivers/fsl_dma.o
                                                  ./drivers/fsl_uart_dma.o
                                                  ./drivers/fsl_lpsci_dma.o
DMA_SetChannelLinkConfig                          ./drivers/fsl_dma.o
DMA_SetModulo                                     ./drivers/fsl_dma.o
DMA_SetTransferConfig                             ./drivers/fsl_dma.o
DMA_SubmitTransfer                                ./drivers/fsl_dma.o
                                                  ./drivers/fsl_uart_dma.o
                                                  ./drivers/fsl_lpsci_dma.o
DbgConsole_Deinit                                 ./utilities/fsl_debug_console.o
DbgConsole_Init                                   ./utilities/fsl_debug_console.o
                                                  ./board/board.o
FLASH_Erase                                       ./drivers/fsl_flash.o
FLASH_EraseAll                                    ./drivers/fsl_flash.o
FLASH_EraseAllExecuteOnlySegments                 ./drivers/fsl_flash.o
FLASH_GetProperty                                 ./drivers/fsl_flash.o
FLASH_GetSecurityState                            ./drivers/fsl_flash.o
FLASH_Init                                        ./drivers/fsl_flash.o
FLASH_IsExecuteOnly                               ./drivers/fsl_flash.o
FLASH_IsProtected                                 ./drivers/fsl_flash.o
FLASH_PflashGetPrefetchSpeculation                ./drivers/fsl_flash.o
FLASH_PflashGetProtection                         ./drivers/fsl_flash.o
FLASH_PflashSetPrefetchSpeculation                ./drivers/fsl_flash.o
                                                  ./drivers/fsl_smc.o
FLASH_PflashSetProtection                         ./drivers/fsl_flash.o
FLASH_PrepareExecuteInRamFunctions                ./drivers/fsl_flash.o
FLASH_Program                                     ./drivers/fsl_flash.o
FLASH_ProgramOnce                                 ./drivers/fsl_flash.o
FLASH_ReadOnce                                    ./drivers/fsl_flash.o
FLASH_ReadResource                                ./drivers/fsl_flash.o
FLASH_SecurityBypass                              ./drivers/fsl_flash.o
FLASH_SetCallback                                 ./drivers/fsl_flash.o
FLASH_SetProperty                                 ./drivers/fsl_flash.o
FLASH_VerifyErase                                 ./drivers/fsl_flash.o
FLASH_VerifyEraseAll                              ./drivers/fsl_flash.o
FLASH_VerifyEraseAllExecuteOnlySegments           ./drivers/fsl_flash.o
FLASH_VerifyProgram                               ./drivers/fsl_flash.o
FTFA_DriverIRQHandler                             ./startup/startup_mkl25z4.o
FTFA_IRQHandler                                   ./startup/startup_mkl25z4.o
Flash_Config                                      ./startup/startup_mkl25z4.o
GPIO_ClearPinsInterruptFlags                      ./drivers/fsl_gpio.o
GPIO_GetPinsInterruptFlags                        ./drivers/fsl_gpio.o
GPIO_PinInit                                      ./drivers/fsl_gpio.o
HardFault_Handler                                 ./source/semihost_hardfault.o
                                                  ./startup/startup_mkl25z4.o
I2C0_DriverIRQHandler                             ./startup/startup_mkl25z4.o
I2C0_IRQHandler                                   ./startup/startup_mkl25z4.o
I2C1_DriverIRQHandler                             ./startup/startup_mkl25z4.o
I2C1_IRQHandler                                   ./startup/startup_mkl25z4.o
InstallIRQHandler                                 ./drivers/fsl_common.o
IntDefaultHandler                                 ./startup/startup_mkl25z4.o
LLWU_DriverIRQHandler                             ./startup/startup_mkl25z4.o
LLWU_IRQHandler                                   ./startup/startup_mkl25z4.o
LPSCI_ClearStatusFlags                            ./drivers/fsl_lpsci.o
LPSCI_Deinit                                      ./drivers/fsl_lpsci.o
                                                  ./utilities/fsl_debug_console.o
LPSCI_DisableInterrupts                           ./drivers/fsl_lpsci.o
LPSCI_EnableInterrupts                            ./drivers/fsl_lpsci.o
LPSCI_GetDefaultConfig                            ./drivers/fsl_lpsci.o
                                                  ./utilities/fsl_debug_console.o
LPSCI_GetEnabledInterrupts                        ./drivers/fsl_lpsci.o
LPSCI_GetInstance                                 ./drivers/fsl_lpsci.o
                                                  ./drivers/fsl_lpsci_dma.o
LPSCI_GetStatusFlags                              ./drivers/fsl_lpsci.o
LPSCI_Init                                        ./drivers/fsl_lpsci.o
                                                  ./utilities/fsl_debug_console.o
LPSCI_ReadBlocking                                ./drivers/fsl_lpsci.o
                                                  ./utilities/fsl_debug_console.o
LPSCI_SetBaudRate                                 ./drivers/fsl_lpsci.o
LPSCI_TransferAbortReceive                        ./drivers/fsl_lpsci.o
LPSCI_TransferAbortReceiveDMA                     ./drivers/fsl_lpsci_dma.o
LPSCI_TransferAbortSend                           ./drivers/fsl_lpsci.o
LPSCI_TransferAbortSendDMA                        ./drivers/fsl_lpsci_dma.o
LPSCI_TransferCreateHandle                        ./drivers/fsl_lpsci.o
LPSCI_TransferCreateHandleDMA                     ./drivers/fsl_lpsci_dma.o
LPSCI_TransferGetReceiveCount                     ./drivers/fsl_lpsci.o
LPSCI_TransferGetReceiveCountDMA                  ./drivers/fsl_lpsci_dma.o
LPSCI_TransferGetSendCount                        ./drivers/fsl_lpsci.o
LPSCI_TransferGetSendCountDMA                     ./drivers/fsl_lpsci_dma.o
LPSCI_TransferHandleErrorIRQ                      ./drivers/fsl_lpsci.o
LPSCI_TransferHandleIRQ                           ./drivers/fsl_lpsci.o
LPSCI_TransferReceiveDMA                          ./drivers/fsl_lpsci_dma.o
LPSCI_TransferReceiveNonBlocking                  ./drivers/fsl_lpsci.o
LPSCI_TransferSendDMA                             ./drivers/fsl_lpsci_dma.o
LPSCI_TransferSendNonBlocking                     ./drivers/fsl_lpsci.o
LPSCI_TransferStartRingBuffer                     ./drivers/fsl_lpsci.o
LPSCI_TransferStopRingBuffer                      ./drivers/fsl_lpsci.o
LPSCI_WriteBlocking                               ./drivers/fsl_lpsci.o
                                                  ./utilities/fsl_debug_console.o
LPTMR0_DriverIRQHandler                           ./startup/startup_mkl25z4.o
LPTMR0_IRQHandler                                 ./startup/startup_mkl25z4.o
LVD_LVW_DriverIRQHandler                          ./startup/startup_mkl25z4.o
LVD_LVW_IRQHandler                                ./startup/startup_mkl25z4.o
MCG_DriverIRQHandler                              ./startup/startup_mkl25z4.o
MCG_IRQHandler                                    ./startup/startup_mkl25z4.o
NMI_Handler                                       ./startup/startup_mkl25z4.o
PIT_DriverIRQHandler                              ./startup/startup_mkl25z4.o
PIT_IRQHandler                                    ./startup/startup_mkl25z4.o
PORTA_DriverIRQHandler                            ./startup/startup_mkl25z4.o
PORTA_IRQHandler                                  ./startup/startup_mkl25z4.o
PORTD_DriverIRQHandler                            ./startup/startup_mkl25z4.o
PORTD_IRQHandler                                  ./startup/startup_mkl25z4.o
PendSV_Handler                                    ./startup/startup_mkl25z4.o
RTC_DriverIRQHandler                              ./startup/startup_mkl25z4.o
RTC_IRQHandler                                    ./startup/startup_mkl25z4.o
RTC_Seconds_DriverIRQHandler                      ./startup/startup_mkl25z4.o
RTC_Seconds_IRQHandler                            ./startup/startup_mkl25z4.o
Reserved20_DriverIRQHandler                       ./startup/startup_mkl25z4.o
Reserved20_IRQHandler                             ./startup/startup_mkl25z4.o
Reserved39_DriverIRQHandler                       ./startup/startup_mkl25z4.o
Reserved39_IRQHandler                             ./startup/startup_mkl25z4.o
Reserved45_DriverIRQHandler                       ./startup/startup_mkl25z4.o
Reserved45_IRQHandler                             ./startup/startup_mkl25z4.o
ResetISR                                          ./startup/startup_mkl25z4.o
SMC_PostExitStopModes                             ./drivers/fsl_smc.o
SMC_PreEnterStopModes                             ./drivers/fsl_smc.o
SMC_SetPowerModeLls                               ./drivers/fsl_smc.o
SMC_SetPowerModeRun                               ./drivers/fsl_smc.o
SMC_SetPowerModeStop                              ./drivers/fsl_smc.o
SMC_SetPowerModeVlls                              ./drivers/fsl_smc.o
SMC_SetPowerModeVlpr                              ./drivers/fsl_smc.o
                                                  ./board/clock_config.o
SMC_SetPowerModeVlps                              ./drivers/fsl_smc.o
SMC_SetPowerModeVlpw                              ./drivers/fsl_smc.o
SMC_SetPowerModeWait                              ./drivers/fsl_smc.o
SPI0_DriverIRQHandler                             ./startup/startup_mkl25z4.o
SPI0_IRQHandler                                   ./startup/startup_mkl25z4.o
SPI1_DriverIRQHandler                             ./startup/startup_mkl25z4.o
SPI1_IRQHandler                                   ./startup/startup_mkl25z4.o
SVC_Handler                                       ./startup/startup_mkl25z4.o
SysTick_Handler                                   ./startup/startup_mkl25z4.o
SystemCoreClock                                   ./CMSIS/system_MKL25Z4.o
                                                  ./board/clock_config.o
SystemCoreClockUpdate                             ./CMSIS/system_MKL25Z4.o
SystemInit                                        ./CMSIS/system_MKL25Z4.o
                                                  ./startup/startup_mkl25z4.o
TPM0_DriverIRQHandler                             ./startup/startup_mkl25z4.o
TPM0_IRQHandler                                   ./startup/startup_mkl25z4.o
TPM1_DriverIRQHandler                             ./startup/startup_mkl25z4.o
TPM1_IRQHandler                                   ./startup/startup_mkl25z4.o
TPM2_DriverIRQHandler                             ./startup/startup_mkl25z4.o
TPM2_IRQHandler                                   ./startup/startup_mkl25z4.o
TSI0_DriverIRQHandler                             ./startup/startup_mkl25z4.o
TSI0_IRQHandler                                   ./startup/startup_mkl25z4.o
UART0_DriverIRQHandler                            ./drivers/fsl_lpsci.o
                                                  ./startup/startup_mkl25z4.o
UART0_IRQHandler                                  ./startup/startup_mkl25z4.o
UART1_DriverIRQHandler                            ./drivers/fsl_uart.o
                                                  ./startup/startup_mkl25z4.o
UART1_IRQHandler                                  ./startup/startup_mkl25z4.o
UART1_RX_TX_DriverIRQHandler                      ./drivers/fsl_uart.o
UART2_DriverIRQHandler                            ./drivers/fsl_uart.o
                                                  ./startup/startup_mkl25z4.o
UART2_IRQHandler                                  ./startup/startup_mkl25z4.o
UART2_RX_TX_DriverIRQHandler                      ./drivers/fsl_uart.o
UART_ClearStatusFlags                             ./drivers/fsl_uart.o
UART_Deinit                                       ./drivers/fsl_uart.o
                                                  ./utilities/fsl_debug_console.o
UART_DisableInterrupts                            ./drivers/fsl_uart.o
UART_EnableInterrupts                             ./drivers/fsl_uart.o
UART_GetDefaultConfig                             ./drivers/fsl_uart.o
                                                  ./utilities/fsl_debug_console.o
UART_GetEnabledInterrupts                         ./drivers/fsl_uart.o
UART_GetInstance                                  ./drivers/fsl_uart.o
                                                  ./drivers/fsl_uart_dma.o
UART_GetStatusFlags                               ./drivers/fsl_uart.o
UART_Init                                         ./drivers/fsl_uart.o
                                                  ./utilities/fsl_debug_console.o
UART_ReadBlocking                                 ./drivers/fsl_uart.o
                                                  ./utilities/fsl_debug_console.o
UART_SetBaudRate                                  ./drivers/fsl_uart.o
UART_TransferAbortReceive                         ./drivers/fsl_uart.o
UART_TransferAbortReceiveDMA                      ./drivers/fsl_uart_dma.o
UART_TransferAbortSend                            ./drivers/fsl_uart.o