core_cm0plus.h:745:22:NVIC_EnableIRQ	16	static
core_cm0plus.h:756:22:NVIC_DisableIRQ	16	static
core_cm0plus.h:791:22:NVIC_ClearPendingIRQ	16	static
I2C.c:26:6:I2C_init	8	static
I2C.c:57:6:i2c_start	8	static
I2C.c:65:6:i2c_read_setup	16	static
I2C.c:85:9:i2c_repeated_read	24	static
I2C.c:113:9:i2c_read_byte	32	static
I2C.c:146:6:i2c_write_byte	24	static
I2C.c:165:6:i2c_busy	8	static
I2C.c:210:6:i2c_wait	16	static
I2C.c:234:5:read_i2c_lock	8	static
I2C.c:240:6:Enable_irq	8	static
I2C.c:254:6:Disable_irq	8	static
I2C.c:266:6:I2C0_IRQHandler	8	static
