uCUnit_testsuit.c:22:6:Run_Testcases	8	static
uCUnit_testsuit.c:43:6:Testsuite_RunTests	8	static
uCUnit_testsuit.c:62:6:Test_AccSelftest	16	static
uCUnit_testsuit.c:85:6:Test_SliderTimeout	24	static
uCUnit_testsuit.c:101:6:Test_SliderLefttouch	24	static
uCUnit_testsuit.c:120:6:Test_SliderRighttouch	24	static
uCUnit_testsuit.c:140:6:Test_AccPositiveX	16	static
uCUnit_testsuit.c:164:6:Test_AccPositiveY	16	static
uCUnit_testsuit.c:188:6:Test_AccPositiveZ	16	static
uCUnit_testsuit.c:212:6:Test_AccNegativeX	16	static
uCUnit_testsuit.c:236:6:Test_AccNegativeY	16	static
uCUnit_testsuit.c:260:6:Test_AccNegativeZ	16	static
uCUnit_testsuit.c:280:6:LED_Blink	8	static
