core_cm0plus.h:745:22:NVIC_EnableIRQ	16	static
core_cm0plus.h:756:22:NVIC_DisableIRQ	16	static
core_cm0plus.h:791:22:NVIC_ClearPendingIRQ	16	static
I2C.c:15:6:i2c_init	8	static
I2C.c:43:6:i2c_start	8	static
I2C.c:50:6:i2c_read_setup	16	static
I2C.c:68:9:i2c_repeated_read	24	static
I2C.c:94:9:i2c_read_byte	32	static
I2C.c:125:6:i2c_write_byte	24	static
I2C.c:142:6:i2c_busy	8	static
I2C.c:186:6:i2c_wait	16	static
I2C.c:206:5:read_i2c_lock	8	static
I2C.c:211:6:Enable_irq	8	static
I2C.c:229:6:Disable_irq	8	static
I2C.c:238:6:I2C0_IRQHandler	8	static
