Archive member included to satisfy reference by file (symbol)

c:/nxp/mcuxpressoide_11.1.0_3209/ide/plugins/com.nxp.mcuxpresso.tools.win32_11.1.0.201909161352/tools/bin/../lib/gcc/arm-none-eabi/8.3.1/../../../../arm-none-eabi/lib/thumb/v6-m/nofp\libcr_semihost_nf.a(_cr__main.o)
                              ./startup/startup_mkl25z4.o (__main)
c:/nxp/mcuxpressoide_11.1.0_3209/ide/plugins/com.nxp.mcuxpresso.tools.win32_11.1.0.201909161352/tools/bin/../lib/gcc/arm-none-eabi/8.3.1/../../../../arm-none-eabi/lib/thumb/v6-m/nofp\libcr_semihost_nf.a(_cr_assert.o)
                              ./source/led_control.o (__assertion_failed)
c:/nxp/mcuxpressoide_11.1.0_3209/ide/plugins/com.nxp.mcuxpresso.tools.win32_11.1.0.201909161352/tools/bin/../lib/gcc/arm-none-eabi/8.3.1/../../../../arm-none-eabi/lib/thumb/v6-m/nofp\libcr_semihost_nf.a(__ciob.o)
                              c:/nxp/mcuxpressoide_11.1.0_3209/ide/plugins/com.nxp.mcuxpresso.tools.win32_11.1.0.201909161352/tools/bin/../lib/gcc/arm-none-eabi/8.3.1/../../../../arm-none-eabi/lib/thumb/v6-m/nofp\libcr_semihost_nf.a(_cr_assert.o) (__Ciob)
c:/nxp/mcuxpressoide_11.1.0_3209/ide/plugins/com.nxp.mcuxpresso.tools.win32_11.1.0.201909161352/tools/bin/../lib/gcc/arm-none-eabi/8.3.1/../../../../arm-none-eabi/lib/thumb/v6-m/nofp\libcr_semihost_nf.a(__sys_appexit.o)
                              c:/nxp/mcuxpressoide_11.1.0_3209/ide/plugins/com.nxp.mcuxpresso.tools.win32_11.1.0.201909161352/tools/bin/../lib/gcc/arm-none-eabi/8.3.1/../../../../arm-none-eabi/lib/thumb/v6-m/nofp\libcr_semihost_nf.a(_cr_assert.o) (__sys_appexit)
c:/nxp/mcuxpressoide_11.1.0_3209/ide/plugins/com.nxp.mcuxpresso.tools.win32_11.1.0.201909161352/tools/bin/../lib/gcc/arm-none-eabi/8.3.1/../../../../arm-none-eabi/lib/thumb/v6-m/nofp\libcr_c.a(memcpy.o)
                              ./source/main.o (memcpy)
c:/nxp/mcuxpressoide_11.1.0_3209/ide/plugins/com.nxp.mcuxpresso.tools.win32_11.1.0.201909161352/tools/bin/../lib/gcc/arm-none-eabi/8.3.1/../../../../arm-none-eabi/lib/thumb/v6-m/nofp\libcr_c.a(memset.o)
                              ./drivers/fsl_flash.o (memset)
c:/nxp/mcuxpressoide_11.1.0_3209/ide/plugins/com.nxp.mcuxpresso.tools.win32_11.1.0.201909161352/tools/bin/../lib/gcc/arm-none-eabi/8.3.1/../../../../arm-none-eabi/lib/thumb/v6-m/nofp\libcr_c.a(_deferredlazyseek.o)
                              c:/nxp/mcuxpressoide_11.1.0_3209/ide/plugins/com.nxp.mcuxpresso.tools.win32_11.1.0.201909161352/tools/bin/../lib/gcc/arm-none-eabi/8.3.1/../../../../arm-none-eabi/lib/thumb/v6-m/nofp\libcr_semihost_nf.a(_cr_assert.o) (__flsbuf)
c:/nxp/mcuxpressoide_11.1.0_3209/ide/plugins/com.nxp.mcuxpresso.tools.win32_11.1.0.201909161352/tools/bin/../lib/gcc/arm-none-eabi/8.3.1/../../../../arm-none-eabi/lib/thumb/v6-m/nofp\libcr_c.a(_fflush.o)
                              c:/nxp/mcuxpressoide_11.1.0_3209/ide/plugins/com.nxp.mcuxpresso.tools.win32_11.1.0.201909161352/tools/bin/../lib/gcc/arm-none-eabi/8.3.1/../../../../arm-none-eabi/lib/thumb/v6-m/nofp\libcr_c.a(_deferredlazyseek.o) (_fflush)
c:/nxp/mcuxpressoide_11.1.0_3209/ide/plugins/com.nxp.mcuxpresso.tools.win32_11.1.0.201909161352/tools/bin/../lib/gcc/arm-none-eabi/8.3.1/../../../../arm-none-eabi/lib/thumb/v6-m/nofp\libcr_c.a(_writebuf.o)
                              c:/nxp/mcuxpressoide_11.1.0_3209/ide/plugins/com.nxp.mcuxpresso.tools.win32_11.1.0.201909161352/tools/bin/../lib/gcc/arm-none-eabi/8.3.1/../../../../arm-none-eabi/lib/thumb/v6-m/nofp\libcr_c.a(_deferredlazyseek.o) (_Cwritebuf)
c:/nxp/mcuxpressoide_11.1.0_3209/ide/plugins/com.nxp.mcuxpresso.tools.win32_11.1.0.201909161352/tools/bin/../lib/gcc/arm-none-eabi/8.3.1/../../../../arm-none-eabi/lib/thumb/v6-m/nofp\libcr_c.a(alloc.o)
                              c:/nxp/mcuxpressoide_11.1.0_3209/ide/plugins/com.nxp.mcuxpresso.tools.win32_11.1.0.201909161352/tools/bin/../lib/gcc/arm-none-eabi/8.3.1/../../../../arm-none-eabi/lib/thumb/v6-m/nofp\libcr_c.a(_deferredlazyseek.o) (_Csys_alloc)
c:/nxp/mcuxpressoide_11.1.0_3209/ide/plugins/com.nxp.mcuxpresso.tools.win32_11.1.0.201909161352/tools/bin/../lib/gcc/arm-none-eabi/8.3.1/../../../../arm-none-eabi/lib/thumb/v6-m/nofp\libcr_c.a(fputs.o)
                              c:/nxp/mcuxpressoide_11.1.0_3209/ide/plugins/com.nxp.mcuxpresso.tools.win32_11.1.0.201909161352/tools/bin/../lib/gcc/arm-none-eabi/8.3.1/../../../../arm-none-eabi/lib/thumb/v6-m/nofp\libcr_semihost_nf.a(_cr_assert.o) (fputs)
c:/nxp/mcuxpressoide_11.1.0_3209/ide/plugins/com.nxp.mcuxpresso.tools.win32_11.1.0.201909161352/tools/bin/../lib/gcc/arm-none-eabi/8.3.1/../../../../arm-none-eabi/lib/thumb/v6-m/nofp\libcr_c.a(fseek.o)
                              c:/nxp/mcuxpressoide_11.1.0_3209/ide/plugins/com.nxp.mcuxpresso.tools.win32_11.1.0.201909161352/tools/bin/../lib/gcc/arm-none-eabi/8.3.1/../../../../arm-none-eabi/lib/thumb/v6-m/nofp\libcr_c.a(_deferredlazyseek.o) (fseek)
[...]
Memory Configuration

Name             Origin             Length             Attributes
PROGRAM_FLASH    0x00000000         0x00020000         xr
SRAM             0x1ffff000         0x00004000         xrw
*default*        0x00000000         0xffffffff

Linker script and memory map

LOAD ./utilities/fsl_debug_console.o
LOAD ./startup/startup_mkl25z4.o
LOAD ./source/Accelerometer.o
LOAD ./source/I2C.o
LOAD ./source/MMA8451Q.o
LOAD ./source/SPI.o
LOAD ./source/SysTick.o
LOAD ./source/System.o
LOAD ./source/led_control.o
LOAD ./source/logger.o
LOAD ./source/loopback.o
LOAD ./source/main.o
LOAD ./source/mtb.o
LOAD ./source/semihost_hardfault.o
LOAD ./source/slider.o
LOAD ./source/uCUnit_testsuit.o
LOAD ./drivers/fsl_clock.o
LOAD ./drivers/fsl_common.o
LOAD ./drivers/fsl_flash.o
LOAD ./drivers/fsl_gpio.o
LOAD ./drivers/fsl_lpsci.o
LOAD ./drivers/fsl_smc.o
LOAD ./drivers/fsl_uart.o
LOAD ./board/board.o
LOAD ./board/clock_config.o
LOAD ./board/peripherals.o
LOAD ./board/pin_mux.o
LOAD ./CMSIS/system_MKL25Z4.o
START GROUP
LOAD c:/nxp/mcuxpressoide_11.1.0_3209/ide/plugins/com.nxp.mcuxpresso.tools.win32_11.1.0.201909161352/tools/bin/../lib/gcc/arm-none-eabi/8.3.1/../../../../arm-none-eabi/lib/thumb/v6-m/nofp\libcr_semihost_nf.a
LOAD c:/nxp/mcuxpressoide_11.1.0_3209/ide/plugins/com.nxp.mcuxpresso.tools.win32_11.1.0.201909161352/tools/bin/../lib/gcc/arm-none-eabi/8.3.1/../../../../arm-none-eabi/lib/thumb/v6-m/nofp\libcr_c.a
LOAD c:/nxp/mcuxpressoide_11.1.0_3209/ide/plugins/com.nxp.mcuxpresso.tools.win32_11.1.0.201909161352/tools/bin/../lib/gcc/arm-none-eabi/8.3.1/thumb/v6-m/nofp\libcr_eabihelpers.a
LOAD c:/nxp/mcuxpressoide_11.1.0_3209/ide/plugins/com.nxp.mcuxpresso.tools.win32_11.1.0.201909161352/tools/bin/../lib/gcc/arm-none-eabi/8.3.1/thumb/v6-m/nofp\libgcc.a
END GROUP
                0x00000000                __base_PROGRAM_FLASH = 0x0
                0x00000000                __base_Flash = 0x0
                0x00020000                __top_PROGRAM_FLASH = 0x20000
                0x00020000                __top_Flash = 0x20000
                0x1ffff000                __base_SRAM = 0x1ffff000
                0x1ffff000                __base_RAM = 0x1ffff000
                0x20003000                __top_SRAM = 0x20003000
                0x20003000                __top_RAM = 0x20003000

.text           0x00000000     0x6298
 FILL mask 0xff
                0x00000000                __vectors_start__ = ABSOLUTE (.)
 *(SORT_BY_ALIGNMENT(.isr_vector))
 .isr_vector    0x00000000       0xc0 ./startup/startup_mkl25z4.o
                0x00000000                g_pfnVectors
                0x00000000                __Vectors
                0x000000c0                . = ALIGN (0x4)
                0x000000c0                __section_table_start = .
                0x000000c0                __data_section_table = .
                0x000000c0        0x4 LONG 0x6298 LOADADDR (.data)
                0x000000c4        0x4 LONG 0x1ffff080 ADDR (.data)
                0x000000c8        0x4 LONG 0xe8 SIZEOF (.data)
                0x000000cc                __data_section_table_end = .
                0x000000cc                __bss_section_table = .
                0x000000cc        0x4 LONG 0x1ffff168 ADDR (.bss)
                0x000000d0        0x4 LONG 0x204 SIZEOF (.bss)
                0x000000d4                __bss_section_table_end = .
                0x000000d4                __section_table_end = .
 *(SORT_BY_ALIGNMENT(.after_vectors*))
 .after_vectors.reset
                0x000000d4       0x4c ./startup/startup_mkl25z4.o
                0x000000d4                ResetISR
 .after_vectors.init_data
                0x00000120       0x12 ./startup/startup_mkl25z4.o
                0x00000120                data_init
 .after_vectors.init_bss
                0x00000132       0x10 ./startup/startup_mkl25z4.o
                0x00000132                bss_init
 .after_vectors
                0x00000142      0x10c ./startup/startup_mkl25z4.o
                0x00000142                NMI_Handler
                0x00000146                SVC_Handler
                0x00000148                PendSV_Handler
                0x0000014c                LPTMR0_DriverIRQHandler
                0x0000014c                SPI1_DriverIRQHandler
                0x0000014c                DMA0_DriverIRQHandler
                0x0000014c                Reserved39_DriverIRQHandler
                0x0000014c                I2C0_DriverIRQHandler
                0x0000014c                PORTD_DriverIRQHandler
                0x0000014c                DMA2_DriverIRQHandler
                0x0000014c                TPM2_DriverIRQHandler
                0x0000014c                CMP0_DriverIRQHandler
                0x0000014c                ADC0_DriverIRQHandler
                0x0000014c                TSI0_DriverIRQHandler
                0x0000014c                RTC_Seconds_DriverIRQHandler
                0x0000014c                SPI0_DriverIRQHandler
                0x0000014c                I2C1_DriverIRQHandler
                0x0000014c                LLWU_DriverIRQHandler
                0x0000014c                MCG_DriverIRQHandler
                0x0000014c                DMA1_DriverIRQHandler
                0x0000014c                PIT_DriverIRQHandler
                0x0000014c                RTC_DriverIRQHandler
                0x0000014c                FTFA_DriverIRQHandler
                0x0000014c                IntDefaultHandler
                0x0000014c                USB0_DriverIRQHandler
                0x0000014c                DAC0_DriverIRQHandler
                0x0000014c                TPM1_DriverIRQHandler
                0x0000014c                LVD_LVW_DriverIRQHandler
                0x0000014c                TPM0_DriverIRQHandler
                0x0000014c                PORTA_DriverIRQHandler
                0x0000014c                Reserved45_DriverIRQHandler
                0x0000014c                Reserved20_DriverIRQHandler
                0x0000014c                DMA3_DriverIRQHandler
                0x0000014e                DMA0_IRQHandler
                0x00000156                DMA1_IRQHandler
                0x0000015e                DMA2_IRQHandler
                0x00000166                DMA3_IRQHandler
                0x0000016e                Reserved20_IRQHandler
                0x00000176                FTFA_IRQHandler
                0x0000017e                LVD_LVW_IRQHandler
                0x00000186                LLWU_IRQHandler
                0x00000196                I2C1_IRQHandler
                0x0000019e                SPI0_IRQHandler
                0x000001a6                SPI1_IRQHandler
                0x000001ae                UART0_IRQHandler
                0x000001b6                UART1_IRQHandler
                0x000001be                UART2_IRQHandler
                0x000001c6                ADC0_IRQHandler
                0x000001ce                CMP0_IRQHandler
                0x000001d6                TPM0_IRQHandler
                0x000001de                TPM1_IRQHandler
                0x000001e6                TPM2_IRQHandler
                0x000001ee                RTC_IRQHandler
                0x000001f6                RTC_Seconds_IRQHandler
                0x000001fe                PIT_IRQHandler
                0x00000206                Reserved39_IRQHandler
                0x0000020e                USB0_IRQHandler
                0x00000216                DAC0_IRQHandler
                0x0000021e                TSI0_IRQHandler
                0x00000226                MCG_IRQHandler
                0x0000022e                LPTMR0_IRQHandler
                0x00000236                Reserved45_IRQHandler
                0x0000023e                PORTA_IRQHandler
                0x00000246                PORTD_IRQHandler
                0x00000400                . = 0x400
 *fill*         0x0000024e      0x1b2 ff
                0x00000400                PROVIDE (__FLASH_CONFIG_START__ = .)
 *(SORT_BY_ALIGNMENT(.FlashConfig))
 .FlashConfig   0x00000400       0x10 ./startup/startup_mkl25z4.o
                0x00000400                Flash_Config
                0x00000410                PROVIDE (__FLASH_CONFIG_END__ = .)
                0x00000001                ASSERT (! ((__FLASH_CONFIG_START__ == __FLASH_CONFIG_END__)), Linker Flash Config Support Enabled, but no .FlashConfig section provided within application)
 *(SORT_BY_ALIGNMENT(.text*))
 .text.DbgConsole_Init
                0x00000410       0xf0 ./utilities/fsl_debug_console.o
                0x00000410                DbgConsole_Init
 .text.__sys_write
                0x00000500       0x58 ./utilities/fsl_debug_console.o
                0x00000500                __sys_write
 .text.Read_XYZ_Acc_Handler
                0x00000558       0x58 ./source/Accelerometer.o
                0x00000558                Read_XYZ_Acc_Handler
 .text.Process_Acc_Handler
                0x000005b0       0x1c ./source/Accelerometer.o
                0x000005b0                Process_Acc_Handler
 .text.Poll_Slider_Handler
                0x000005cc       0xfc ./source/Accelerometer.o
                0x000005cc                Poll_Slider_Handler
 .text.Acc_Disconnect_Handler
                0x000006c8       0x34 ./source/Accelerometer.o
                0x000006c8                Acc_Disconnect_Handler
 .text.POST_Test_Handler
                0x000006fc       0x5c ./source/Accelerometer.o
                0x000006fc                POST_Test_Handler
 .text.display_accel
                0x00000758      0x8e4 ./source/Accelerometer.o
                0x00000758                display_accel
 .text.NVIC_EnableIRQ
                0x0000103c       0x2c ./source/I2C.o
 .text.NVIC_DisableIRQ
                0x00001068       0x30 ./source/I2C.o
 .text.NVIC_ClearPendingIRQ
                0x00001098       0x30 ./source/I2C.o
 .text.I2C_init
                0x000010c8       0xa4 ./source/I2C.o
                0x000010c8                I2C_init
 .text.i2c_start
                0x0000116c       0x40 ./source/I2C.o
                0x0000116c                i2c_start
 .text.i2c_read_setup
                0x000011ac       0x78 ./source/I2C.o
                0x000011ac                i2c_read_setup
 .text.i2c_repeated_read
                0x00001224       0x90 ./source/I2C.o
                0x00001224                i2c_repeated_read
 .text.i2c_write_byte
                0x000012b4       0x90 ./source/I2C.o
                0x000012b4                i2c_write_byte
 .text.i2c_busy
                0x00001344      0x174 ./source/I2C.o
                0x00001344                i2c_busy
 .text.i2c_wait
                0x000014b8       0xc0 ./source/I2C.o
                0x000014b8                i2c_wait
 .text.read_i2c_lock
                0x00001578       0x14 ./source/I2C.o
                0x00001578                read_i2c_lock
 .text.Enable_irq
                0x0000158c       0x48 ./source/I2C.o
                0x0000158c                Enable_irq
 .text.Disable_irq
                0x000015d4       0x44 ./source/I2C.o
                0x000015d4                Disable_irq
 .text.I2C0_IRQHandler
                0x00001618       0x48 ./source/I2C.o
                0x00001618                I2C0_IRQHandler
 .text.ACC_init
                0x00001660       0x34 ./source/MMA8451Q.o
                0x00001660                ACC_init
 .text.accel_read
                0x00001694      0x150 ./source/MMA8451Q.o
                0x00001694                accel_read
 .text.self_test
                0x000017e4      0x118 ./source/MMA8451Q.o
                0x000017e4                self_test
 .text.accel_return
                0x000018fc       0x40 ./source/MMA8451Q.o
                0x000018fc                accel_return
 .text.Delay    0x0000193c       0x2c ./source/MMA8451Q.o
                0x0000193c                Delay
 .text.SPI_init
                0x00001968      0x100 ./source/SPI.o
                0x00001968                SPI_init
 .text.spi_loopback
                0x00001a68       0x44 ./source/SPI.o
                0x00001a68                spi_loopback
 .text.SysTick_enable_interrupt
                0x00001aac       0x40 ./source/SysTick.o
                0x00001aac                SysTick_enable_interrupt
 .text.SysTick_disable_interrupt
                0x00001aec       0x34 ./source/SysTick.o
                0x00001aec                SysTick_disable_interrupt
 .text.SysTick_Handler
                0x00001b20       0x14 ./source/SysTick.o
                0x00001b20                SysTick_Handler
 .text.LED_init
                0x00001b34       0x80 ./source/led_control.o
                0x00001b34                LED_init
 .text.LED_SetPinsOutput
                0x00001bb4       0x28 ./source/led_control.o
                0x00001bb4                LED_SetPinsOutput
 .text.LED_ClearPinsOutput
                0x00001bdc       0x28 ./source/led_control.o
                0x00001bdc                LED_ClearPinsOutput
 .text.LED_PinInit
                0x00001c04       0x60 ./source/led_control.o
                0x00001c04                LED_PinInit
 .text.LED_ClearRed
                0x00001c64       0x48 ./source/led_control.o
                0x00001c64                LED_ClearRed
 .text.LED_ClearGreen
                0x00001cac       0x48 ./source/led_control.o
                0x00001cac                LED_ClearGreen
 .text.LED_ClearBlue
                0x00001cf4       0x48 ./source/led_control.o
                0x00001cf4                LED_ClearBlue
 .text.log_level
                0x00001d3c       0x58 ./source/logger.o
                0x00001d3c                log_level
 .text.log_enable
                0x00001d94       0x88 ./source/logger.o
                0x00001d94                log_enable
 .text.log_string
                0x00001e1c       0x60 ./source/logger.o
                0x00001e1c                log_string
 .text.log_accel
                0x00001e7c       0xfc ./source/logger.o
                0x00001e7c                log_accel
 .text.Loopback
                0x00001f78       0x74 ./source/loopback.o
                0x00001f78                Loopback
 .text.Display_Loopback_Result
                0x00001fec       0xe4 ./source/loopback.o
                0x00001fec                Display_Loopback_Result
 .text.main     0x000020d0      0x328 ./source/main.o
                0x000020d0                main
 .text.end_state
                0x000023f8       0x20 ./source/main.o
                0x000023f8                end_state
 .text.read_state1_count
                0x00002418       0x14 ./source/main.o
                0x00002418                read_state1_count
 .text.reset_state1_count
                0x0000242c       0x14 ./source/main.o
                0x0000242c                reset_state1_count
 .text.read_state2_count
                0x00002440       0x14 ./source/main.o
                0x00002440                read_state2_count
 .text.reset_state2_count
                0x00002454       0x14 ./source/main.o
                0x00002454                reset_state2_count
 .text.read_state3_count
                0x00002468       0x14 ./source/main.o
                0x00002468                read_state3_count
 .text.reset_state3_count
                0x0000247c       0x14 ./source/main.o
                0x0000247c                reset_state3_count
 .text.change_state
                0x00002490       0x9c ./source/main.o
                0x00002490                change_state
 .text.read_state
                0x0000252c       0x40 ./source/main.o
                0x0000252c                read_state
 .text.HardFault_Handler
                0x0000256c       0x30 ./source/semihost_hardfault.o
                0x0000256c                HardFault_Handler
 .text.TOUCH_init
                0x0000259c       0x44 ./source/slider.o
                0x0000259c                TOUCH_init
 .text.TOUCH_Calibrate
                0x000025e0       0xa0 ./source/slider.o
                0x000025e0                TOUCH_Calibrate
 .text.CLOCK_SetEr32kClock
                0x00002680       0x34 ./drivers/fsl_clock.o
 .text.CLOCK_SetPllFllSelClock
                0x000026b4       0x38 ./drivers/fsl_clock.o
 .text.CLOCK_GetMcgExtClkFreq
                0x000026ec       0x28 ./drivers/fsl_clock.o
 .text.CLOCK_GetFllExtRefClkFreq
                0x00002714       0xa4 ./drivers/fsl_clock.o
 .text.CLOCK_GetFllRefClkFreq
                0x000027b8       0x2c ./drivers/fsl_clock.o
 .text.CLOCK_GetOscRangeFromFreq
                0x000027e4       0x4c ./drivers/fsl_clock.o
 .text.CLOCK_GetPllFllSelClkFreq
                0x00002830       0x4c ./drivers/fsl_clock.o
                0x00002830                CLOCK_GetPllFllSelClkFreq
 .text.CLOCK_SetSimConfig
                0x0000287c       0x38 ./drivers/fsl_clock.o
                0x0000287c                CLOCK_SetSimConfig
 .text.CLOCK_GetFllFreq
                0x000028b4       0x84 ./drivers/fsl_clock.o
                0x000028b4                CLOCK_GetFllFreq
 .text.CLOCK_GetPll0Freq
                0x00002938       0x70 ./drivers/fsl_clock.o
                0x00002938                CLOCK_GetPll0Freq
 .text.CLOCK_SetInternalRefClkConfig
                0x000029a8      0x124 ./drivers/fsl_clock.o
                0x000029a8                CLOCK_SetInternalRefClkConfig
 .text.CLOCK_EnablePll0
                0x00002acc       0x90 ./drivers/fsl_clock.o
                0x00002acc                CLOCK_EnablePll0
 .text.CLOCK_InitOsc0
                0x00002b5c       0x94 ./drivers/fsl_clock.o
                0x00002b5c                CLOCK_InitOsc0
 .text.CLOCK_SetPbeMode
                0x00002bf0       0xb0 ./drivers/fsl_clock.o
                0x00002bf0                CLOCK_SetPbeMode
 .text.CLOCK_BootToPeeMode
                0x00002ca0       0x70 ./drivers/fsl_clock.o
                0x00002ca0                CLOCK_BootToPeeMode
 .text.CLOCK_EnableClock
                0x00002d10       0x34 ./drivers/fsl_lpsci.o
 .text.LPSCI_GetInstance
                0x00002d44       0x48 ./drivers/fsl_lpsci.o
                0x00002d44                LPSCI_GetInstance
 .text.LPSCI_Init
                0x00002d8c      0x258 ./drivers/fsl_lpsci.o
                0x00002d8c                LPSCI_Init
 .text.LPSCI_GetDefaultConfig
                0x00002fe4       0x44 ./drivers/fsl_lpsci.o
                0x00002fe4                LPSCI_GetDefaultConfig
 .text.LPSCI_ClearStatusFlags
                0x00003028       0x94 ./drivers/fsl_lpsci.o
                0x00003028                LPSCI_ClearStatusFlags
 .text.LPSCI_WriteBlocking
                0x000030bc       0x4c ./drivers/fsl_lpsci.o
                0x000030bc                LPSCI_WriteBlocking
 .text.LPSCI_ReadBlocking
                0x00003108       0xc0 ./drivers/fsl_lpsci.o
                0x00003108                LPSCI_ReadBlocking
 .text.UART0_DriverIRQHandler
                0x000031c8       0x24 ./drivers/fsl_lpsci.o
                0x000031c8                UART0_DriverIRQHandler
 .text.CLOCK_EnableClock
                0x000031ec       0x34 ./drivers/fsl_uart.o
 .text.UART_GetInstance
                0x00003220       0x54 ./drivers/fsl_uart.o
                0x00003220                UART_GetInstance
 .text.UART_Init
                0x00003274      0x1e0 ./drivers/fsl_uart.o
                0x00003274                UART_Init
 .text.UART_GetDefaultConfig
                0x00003454       0x44 ./drivers/fsl_uart.o
                0x00003454                UART_GetDefaultConfig
 .text.UART_ReadBlocking
                0x00003498       0x98 ./drivers/fsl_uart.o
                0x00003498                UART_ReadBlocking
 .text.UART1_DriverIRQHandler
                0x00003530       0x24 ./drivers/fsl_uart.o
                0x00003530                UART1_DriverIRQHandler
 .text.UART2_DriverIRQHandler
                0x00003554       0x24 ./drivers/fsl_uart.o
                0x00003554                UART2_DriverIRQHandler
 .text.CLOCK_SetLpsci0Clock
                0x00003578       0x38 ./board/board.o
 .text.BOARD_InitDebugConsole
                0x000035b0       0x30 ./board/board.o
                0x000035b0                BOARD_InitDebugConsole
 .text.CLOCK_SetSimSafeDivs
                0x000035e0       0x20 ./board/clock_config.o
 .text.CLOCK_SetXtal0Freq
                0x00003600       0x1c ./board/clock_config.o
 .text.CLOCK_CONFIG_SetFllExtRefDiv
                0x0000361c       0x3c ./board/clock_config.o
 .text.BOARD_BootClockRUN
                0x00003658       0x64 ./board/clock_config.o
                0x00003658                BOARD_BootClockRUN
 .text.CLOCK_EnableClock
                0x000036bc       0x34 ./board/pin_mux.o
 .text.PORT_SetPinMux
                0x000036f0       0x40 ./board/pin_mux.o
 .text.BOARD_InitPins
                0x00003730       0xf4 ./board/pin_mux.o
                0x00003730                BOARD_InitPins
 .text.SystemInit
                0x00003824       0x18 ./CMSIS/system_MKL25Z4.o
                0x00003824                SystemInit
 .text.__assertion_failed
                0x0000383c       0x4c c:/nxp/mcuxpressoide_11.1.0_3209/ide/plugins/com.nxp.mcuxpresso.tools.win32_11.1.0.201909161352/tools/bin/../lib/gcc/arm-none-eabi/8.3.1/../../../../arm-none-eabi/lib/thumb/v6-m/nofp\libcr_semihost_nf.a(_cr_assert.o)
                0x0000383c                __assertion_failed
 .text.__sys_appexit
                0x00003888        0xc c:/nxp/mcuxpressoide_11.1.0_3209/ide/plugins/com.nxp.mcuxpresso.tools.win32_11.1.0.201909161352/tools/bin/../lib/gcc/arm-none-eabi/8.3.1/../../../../arm-none-eabi/lib/thumb/v6-m/nofp\libcr_semihost_nf.a(__sys_appexit.o)
                0x00003888                __sys_appexit
                0x00003888                __exit
 .text._deferredlazyseek
                0x00003894       0x40 c:/nxp/mcuxpressoide_11.1.0_3209/ide/plugins/com.nxp.mcuxpresso.tools.win32_11.1.0.201909161352/tools/bin/../lib/gcc/arm-none-eabi/8.3.1/../../../../arm-none-eabi/lib/thumb/v6-m/nofp\libcr_c.a(_deferredlazyseek.o)
                0x00003894                _deferredlazyseek
 .text.__flsbuf
                0x000038d4      0x14c c:/nxp/mcuxpressoide_11.1.0_3209/ide/plugins/com.nxp.mcuxpresso.tools.win32_11.1.0.201909161352/tools/bin/../lib/gcc/arm-none-eabi/8.3.1/../../../../arm-none-eabi/lib/thumb/v6-m/nofp\libcr_c.a(_deferredlazyseek.o)
                0x000038d4                __flsbuf
 .text._fflush  0x00003a20       0x5c c:/nxp/mcuxpressoide_11.1.0_3209/ide/plugins/com.nxp.mcuxpresso.tools.win32_11.1.0.201909161352/tools/bin/../lib/gcc/arm-none-eabi/8.3.1/../../../../arm-none-eabi/lib/thumb/v6-m/nofp\libcr_c.a(_fflush.o)
                0x00003a20                _fflush
 .text._Cwritebuf
                0x00003a7c       0x68 c:/nxp/mcuxpressoide_11.1.0_3209/ide/plugins/com.nxp.mcuxpresso.tools.win32_11.1.0.201909161352/tools/bin/../lib/gcc/arm-none-eabi/8.3.1/../../../../arm-none-eabi/lib/thumb/v6-m/nofp\libcr_c.a(_writebuf.o)
                0x00003a7c                _Cwritebuf
 .text.malloc   0x00003ae4       0xcc c:/nxp/mcuxpressoide_11.1.0_3209/ide/plugins/com.nxp.mcuxpresso.tools.win32_11.1.0.201909161352/tools/bin/../lib/gcc/arm-none-eabi/8.3.1/../../../../arm-none-eabi/lib/thumb/v6-m/nofp\libcr_c.a(alloc.o)
                0x00003ae4                malloc
 .text._Csys_alloc
                0x00003bb0       0x20 c:/nxp/mcuxpressoide_11.1.0_3209/ide/plugins/com.nxp.mcuxpresso.tools.win32_11.1.0.201909161352/tools/bin/../lib/gcc/arm-none-eabi/8.3.1/../../../../arm-none-eabi/lib/thumb/v6-m/nofp\libcr_c.a(alloc.o)
                0x00003bb0                _Csys_alloc
 .text.fseek    0x00003bd0       0xf0 c:/nxp/mcuxpressoide_11.1.0_3209/ide/plugins/com.nxp.mcuxpresso.tools.win32_11.1.0.201909161352/tools/bin/../lib/gcc/arm-none-eabi/8.3.1/../../../../arm-none-eabi/lib/thumb/v6-m/nofp\libcr_c.a(fseek.o)
                0x00003bd0                fseek
 .text.ftell    0x00003cc0       0x48 c:/nxp/mcuxpressoide_11.1.0_3209/ide/plugins/com.nxp.mcuxpresso.tools.win32_11.1.0.201909161352/tools/bin/../lib/gcc/arm-none-eabi/8.3.1/../../../../arm-none-eabi/lib/thumb/v6-m/nofp\libcr_c.a(ftell.o)
                0x00003cc0                ftell
 .text._initio  0x00003d08       0x7c c:/nxp/mcuxpressoide_11.1.0_3209/ide/plugins/com.nxp.mcuxpresso.tools.win32_11.1.0.201909161352/tools/bin/../lib/gcc/arm-none-eabi/8.3.1/../../../../arm-none-eabi/lib/thumb/v6-m/nofp\libcr_c.a(initio.o)
                0x00003d08                _initio
 .text._terminateio
                0x00003d84       0x50 c:/nxp/mcuxpressoide_11.1.0_3209/ide/plugins/com.nxp.mcuxpresso.tools.win32_11.1.0.201909161352/tools/bin/../lib/gcc/arm-none-eabi/8.3.1/../../../../arm-none-eabi/lib/thumb/v6-m/nofp\libcr_c.a(initio.o)
                0x00003d84                _terminateio
 .text.itoa     0x00003dd4       0x60 c:/nxp/mcuxpressoide_11.1.0_3209/ide/plugins/com.nxp.mcuxpresso.tools.win32_11.1.0.201909161352/tools/bin/../lib/gcc/arm-none-eabi/8.3.1/../../../../arm-none-eabi/lib/thumb/v6-m/nofp\libcr_c.a(itoa.o)
                0x00003dd4                itoa
 .text.__vfprintf
                0x00003e34      0xcd8 c:/nxp/mcuxpressoide_11.1.0_3209/ide/plugins/com.nxp.mcuxpresso.tools.win32_11.1.0.201909161352/tools/bin/../lib/gcc/arm-none-eabi/8.3.1/../../../../arm-none-eabi/lib/thumb/v6-m/nofp\libcr_c.a(printf.o)
                0x00003e34                __vfprintf
 .text._vsnprintf
                0x00004b0c       0x70 c:/nxp/mcuxpressoide_11.1.0_3209/ide/plugins/com.nxp.mcuxpresso.tools.win32_11.1.0.201909161352/tools/bin/../lib/gcc/arm-none-eabi/8.3.1/../../../../arm-none-eabi/lib/thumb/v6-m/nofp\libcr_c.a(printf.o)
                0x00004b0c                _vsnprintf
 .text._printf  0x00004b7c       0x50 c:/nxp/mcuxpressoide_11.1.0_3209/ide/plugins/com.nxp.mcuxpresso.tools.win32_11.1.0.201909161352/tools/bin/../lib/gcc/arm-none-eabi/8.3.1/../../../../arm-none-eabi/lib/thumb/v6-m/nofp\libcr_c.a(printf.o)
                0x00004b7c                _printf
 .text.setvbuf  0x00004bcc       0x4c c:/nxp/mcuxpressoide_11.1.0_3209/ide/plugins/com.nxp.mcuxpresso.tools.win32_11.1.0.201909161352/tools/bin/../lib/gcc/arm-none-eabi/8.3.1/../../../../arm-none-eabi/lib/thumb/v6-m/nofp\libcr_c.a(setvbuf.o)
                0x00004bcc                setvbuf
 .text.exit     0x00004c18       0x2c c:/nxp/mcuxpressoide_11.1.0_3209/ide/plugins/com.nxp.mcuxpresso.tools.win32_11.1.0.201909161352/tools/bin/../lib/gcc/arm-none-eabi/8.3.1/../../../../arm-none-eabi/lib/thumb/v6-m/nofp\libcr_c.a(stdlib.o)
                0x00004c18                exit
 .text.strcpy   0x00004c44       0x44 c:/nxp/mcuxpressoide_11.1.0_3209/ide/plugins/com.nxp.mcuxpresso.tools.win32_11.1.0.201909161352/tools/bin/../lib/gcc/arm-none-eabi/8.3.1/../../../../arm-none-eabi/lib/thumb/v6-m/nofp\libcr_c.a(strcpy.o)
                0x00004c44                strcpy
 .text.strlen   0x00004c88       0x58 c:/nxp/mcuxpressoide_11.1.0_3209/ide/plugins/com.nxp.mcuxpresso.tools.win32_11.1.0.201909161352/tools/bin/../lib/gcc/arm-none-eabi/8.3.1/../../../../arm-none-eabi/lib/thumb/v6-m/nofp\libcr_c.a(strlen.o)
                0x00004c88                strlen
 .text._sbrk    0x00004ce0       0x40 c:/nxp/mcuxpressoide_11.1.0_3209/ide/plugins/com.nxp.mcuxpresso.tools.win32_11.1.0.201909161352/tools/bin/../lib/gcc/arm-none-eabi/8.3.1/../../../../arm-none-eabi/lib/thumb/v6-m/nofp\libcr_c.a(_cr_sbrk.o)
                0x00004ce0                _sbrk
 .text._fdopen  0x00004d20       0x74 c:/nxp/mcuxpressoide_11.1.0_3209/ide/plugins/com.nxp.mcuxpresso.tools.win32_11.1.0.201909161352/tools/bin/../lib/gcc/arm-none-eabi/8.3.1/../../../../arm-none-eabi/lib/thumb/v6-m/nofp\libcr_c.a(_fdopen.o)
                0x00004d20                _fdopen
 .text.fclose   0x00004d94       0x5c c:/nxp/mcuxpressoide_11.1.0_3209/ide/plugins/com.nxp.mcuxpresso.tools.win32_11.1.0.201909161352/tools/bin/../lib/gcc/arm-none-eabi/8.3.1/../../../../arm-none-eabi/lib/thumb/v6-m/nofp\libcr_c.a(fclose.o)
                0x00004d94                fclose
 .text.fflush   0x00004df0       0x44 c:/nxp/mcuxpressoide_11.1.0_3209/ide/plugins/com.nxp.mcuxpresso.tools.win32_11.1.0.201909161352/tools/bin/../lib/gcc/arm-none-eabi/8.3.1/../../../../arm-none-eabi/lib/thumb/v6-m/nofp\libcr_c.a(fflush.o)
                0x00004df0                fflush
 .text.__check_heap_overflow
                0x00004e34       0x14 c:/nxp/mcuxpressoide_11.1.0_3209/ide/plugins/com.nxp.mcuxpresso.tools.win32_11.1.0.201909161352/tools/bin/../lib/gcc/arm-none-eabi/8.3.1/../../../../arm-none-eabi/lib/thumb/v6-m/nofp\libcr_c.a(_cr_check_heap.o)
                0x00004e34                __check_heap_overflow
 .text._do_fflush
                0x00004e48       0x44 c:/nxp/mcuxpressoide_11.1.0_3209/ide/plugins/com.nxp.mcuxpresso.tools.win32_11.1.0.201909161352/tools/bin/../lib/gcc/arm-none-eabi/8.3.1/../../../../arm-none-eabi/lib/thumb/v6-m/nofp\libcr_c.a(_do_fflush.o)
                0x00004e48                _do_fflush
 .text.__aeabi_dmul
                0x00004e8c      0x188 c:/nxp/mcuxpressoide_11.1.0_3209/ide/plugins/com.nxp.mcuxpresso.tools.win32_11.1.0.201909161352/tools/bin/../lib/gcc/arm-none-eabi/8.3.1/thumb/v6-m/nofp\libcr_eabihelpers.a(double.o)
                0x00004e8c                __aeabi_dmul
 .text.__aeabi_d2iz
                0x00005014       0x4c c:/nxp/mcuxpressoide_11.1.0_3209/ide/plugins/com.nxp.mcuxpresso.tools.win32_11.1.0.201909161352/tools/bin/../lib/gcc/arm-none-eabi/8.3.1/thumb/v6-m/nofp\libcr_eabihelpers.a(double.o)
                0x00005014                __aeabi_d2iz
 .text.UART_EnableTx
                0x00005060       0x40 ./utilities/fsl_debug_console.o
 .text.UART_EnableRx
                0x000050a0       0x40 ./utilities/fsl_debug_console.o
 .text.LPSCI_EnableTx
                0x000050e0       0x40 ./utilities/fsl_debug_console.o
 .text.LPSCI_EnableRx
                0x00005120       0x40 ./utilities/fsl_debug_console.o
 .text.Error_Handler
                0x00005160       0x10 ./source/main.o
                0x00005160                Error_Handler
 .text.OSC_SetExtRefClkConfig
                0x00005170       0x3e ./drivers/fsl_clock.o
 .text.OSC_SetCapLoad
                0x000051ae       0x42 ./drivers/fsl_clock.o
 .text.CLOCK_GetPll0RefFreq
                0x000051f0       0x10 ./drivers/fsl_clock.o
 .text.CLOCK_SetExternalRefClkConfig
                0x00005200       0x16 ./drivers/fsl_clock.o
                0x00005200                CLOCK_SetExternalRefClkConfig
 .text.LPSCI_GetStatusFlags
                0x00005216       0x26 ./drivers/fsl_lpsci.o
                0x00005216                LPSCI_GetStatusFlags
 .text.UART_GetStatusFlags
                0x0000523c       0x26 ./drivers/fsl_uart.o
                0x0000523c                UART_GetStatusFlags
 .text.UART_WriteBlocking
                0x00005262       0x3a ./drivers/fsl_uart.o
                0x00005262                UART_WriteBlocking
 .text.BOARD_InitBootClocks
                0x0000529c        0xe ./board/clock_config.o
                0x0000529c                BOARD_InitBootClocks
 .text.BOARD_InitBootPeripherals
                0x000052aa        0xa ./board/peripherals.o
                0x000052aa                BOARD_InitBootPeripherals
 .text.BOARD_InitBootPins
                0x000052b4        0xe ./board/pin_mux.o
                0x000052b4                BOARD_InitBootPins
 .text.__main   0x000052c2        0xc c:/nxp/mcuxpressoide_11.1.0_3209/ide/plugins/com.nxp.mcuxpresso.tools.win32_11.1.0.201909161352/tools/bin/../lib/gcc/arm-none-eabi/8.3.1/../../../../arm-none-eabi/lib/thumb/v6-m/nofp\libcr_semihost_nf.a(_cr__main.o)
                0x000052c2                __CR_SEMIHOST
                0x000052c2                __main
 .text.memcpy   0x000052ce        0x8 c:/nxp/mcuxpressoide_11.1.0_3209/ide/plugins/com.nxp.mcuxpresso.tools.win32_11.1.0.201909161352/tools/bin/../lib/gcc/arm-none-eabi/8.3.1/../../../../arm-none-eabi/lib/thumb/v6-m/nofp\libcr_c.a(memcpy.o)
                0x000052ce                memcpy
 .text.memset   0x000052d6        0x8 c:/nxp/mcuxpressoide_11.1.0_3209/ide/plugins/com.nxp.mcuxpresso.tools.win32_11.1.0.201909161352/tools/bin/../lib/gcc/arm-none-eabi/8.3.1/../../../../arm-none-eabi/lib/thumb/v6-m/nofp\libcr_c.a(memset.o)
                0x000052d6                memset
 .text.free     0x000052de       0x2c c:/nxp/mcuxpressoide_11.1.0_3209/ide/plugins/com.nxp.mcuxpresso.tools.win32_11.1.0.201909161352/tools/bin/../lib/gcc/arm-none-eabi/8.3.1/../../../../arm-none-eabi/lib/thumb/v6-m/nofp\libcr_c.a(alloc.o)
                0x000052de                free
 .text.fputs    0x0000530a       0x2e c:/nxp/mcuxpressoide_11.1.0_3209/ide/plugins/com.nxp.mcuxpresso.tools.win32_11.1.0.201909161352/tools/bin/../lib/gcc/arm-none-eabi/8.3.1/../../../../arm-none-eabi/lib/thumb/v6-m/nofp\libcr_c.a(fputs.o)
                0x0000530a                fputs
 .text.no_fp_display
                0x00005338        0x4 c:/nxp/mcuxpressoide_11.1.0_3209/ide/plugins/com.nxp.mcuxpresso.tools.win32_11.1.0.201909161352/tools/bin/../lib/gcc/arm-none-eabi/8.3.1/../../../../arm-none-eabi/lib/thumb/v6-m/nofp\libcr_c.a(printf.o)
 .text.strcat   0x0000533c       0x1c c:/nxp/mcuxpressoide_11.1.0_3209/ide/plugins/com.nxp.mcuxpresso.tools.win32_11.1.0.201909161352/tools/bin/../lib/gcc/arm-none-eabi/8.3.1/../../../../arm-none-eabi/lib/thumb/v6-m/nofp\libcr_c.a(strcat.o)
                0x0000533c                strcat
 .text.remove   0x00005358       0x12 c:/nxp/mcuxpressoide_11.1.0_3209/ide/plugins/com.nxp.mcuxpresso.tools.win32_11.1.0.201909161352/tools/bin/../lib/gcc/arm-none-eabi/8.3.1/../../../../arm-none-eabi/lib/thumb/v6-m/nofp\libcr_c.a(remove.o)
                0x00005358                remove
 .text.__aeabi_division_idivmod
                0x0000536a       0x78 c:/nxp/mcuxpressoide_11.1.0_3209/ide/plugins/com.nxp.mcuxpresso.tools.win32_11.1.0.201909161352/tools/bin/../lib/gcc/arm-none-eabi/8.3.1/thumb/v6-m/nofp\libcr_eabihelpers.a(division_32.o)
                0x0000536a                __aeabi_idivmod
                0x0000536a                __aeabi_idiv
                0x00005370                __aeabi_uidivmod
                0x00005370                __aeabi_uidiv
 .text.__aeabi_division_idiv0
                0x000053e2        0x2 c:/nxp/mcuxpressoide_11.1.0_3209/ide/plugins/com.nxp.mcuxpresso.tools.win32_11.1.0.201909161352/tools/bin/../lib/gcc/arm-none-eabi/8.3.1/thumb/v6-m/nofp\libcr_eabihelpers.a(division_idiv0.o)
                0x000053e2                __aeabi_idiv0
 .text.__bhs_ui2d
                0x000053e4       0x5e c:/nxp/mcuxpressoide_11.1.0_3209/ide/plugins/com.nxp.mcuxpresso.tools.win32_11.1.0.201909161352/tools/bin/../lib/gcc/arm-none-eabi/8.3.1/thumb/v6-m/nofp\libcr_eabihelpers.a(double.o)
                0x000053e4                __bhs_ui2d
 .text.__aeabi_i2d
                0x00005442       0x18 c:/nxp/mcuxpressoide_11.1.0_3209/ide/plugins/com.nxp.mcuxpresso.tools.win32_11.1.0.201909161352/tools/bin/../lib/gcc/arm-none-eabi/8.3.1/thumb/v6-m/nofp\libcr_eabihelpers.a(double.o)
                0x00005442                __aeabi_i2d
 .text.__aeabi_llong_lmul
                0x0000545a       0x2e c:/nxp/mcuxpressoide_11.1.0_3209/ide/plugins/com.nxp.mcuxpresso.tools.win32_11.1.0.201909161352/tools/bin/../lib/gcc/arm-none-eabi/8.3.1/thumb/v6-m/nofp\libcr_eabihelpers.a(llong.o)
                0x0000545a                __aeabi_lmul
 .text.__aeabi_memcpy
                0x00005488       0x2c c:/nxp/mcuxpressoide_11.1.0_3209/ide/plugins/com.nxp.mcuxpresso.tools.win32_11.1.0.201909161352/tools/bin/../lib/gcc/arm-none-eabi/8.3.1/thumb/v6-m/nofp\libcr_eabihelpers.a(memcpy.o)
                0x00005488                __aeabi_memcpy4
                0x00005488                __aeabi_memcpy8
                0x00005488                __aeabi_memcpy
 .text.__aeabi_memset_lowlevel
                0x000054b4       0x2a c:/nxp/mcuxpressoide_11.1.0_3209/ide/plugins/com.nxp.mcuxpresso.tools.win32_11.1.0.201909161352/tools/bin/../lib/gcc/arm-none-eabi/8.3.1/thumb/v6-m/nofp\libcr_eabihelpers.a(memcpy.o)
                0x000054b4                __aeabi_lowlevel_memset
 .text.__sys_close
                0x000054de        0xc c:/nxp/mcuxpressoide_11.1.0_3209/ide/plugins/com.nxp.mcuxpresso.tools.win32_11.1.0.201909161352/tools/bin/../lib/gcc/arm-none-eabi/8.3.1/../../../../arm-none-eabi/lib/thumb/v6-m/nofp\libcr_semihost_nf.a(__sys_close.o)
                0x000054de                __sys_close
 .text.__sys_flen
                0x000054ea        0xc c:/nxp/mcuxpressoide_11.1.0_3209/ide/plugins/com.nxp.mcuxpresso.tools.win32_11.1.0.201909161352/tools/bin/../lib/gcc/arm-none-eabi/8.3.1/../../../../arm-none-eabi/lib/thumb/v6-m/nofp\libcr_semihost_nf.a(__sys_flen.o)
                0x000054ea                __sys_flen
 .text.__sys_istty
                0x000054f6        0xc c:/nxp/mcuxpressoide_11.1.0_3209/ide/plugins/com.nxp.mcuxpresso.tools.win32_11.1.0.201909161352/tools/bin/../lib/gcc/arm-none-eabi/8.3.1/../../../../arm-none-eabi/lib/thumb/v6-m/nofp\libcr_semihost_nf.a(__sys_istty.o)
                0x000054f6                __sys_istty
 .text.__sys_remove
                0x00005502        0xc c:/nxp/mcuxpressoide_11.1.0_3209/ide/plugins/com.nxp.mcuxpresso.tools.win32_11.1.0.201909161352/tools/bin/../lib/gcc/arm-none-eabi/8.3.1/../../../../arm-none-eabi/lib/thumb/v6-m/nofp\libcr_semihost_nf.a(__sys_remove.o)
                0x00005502                __sys_remove
 .text.__sys_seek
                0x0000550e        0xc c:/nxp/mcuxpressoide_11.1.0_3209/ide/plugins/com.nxp.mcuxpresso.tools.win32_11.1.0.201909161352/tools/bin/../lib/gcc/arm-none-eabi/8.3.1/../../../../arm-none-eabi/lib/thumb/v6-m/nofp\libcr_semihost_nf.a(__sys_seek.o)
                0x0000550e                __sys_seek
 .text.__sys_tmpnam
                0x0000551a        0xc c:/nxp/mcuxpressoide_11.1.0_3209/ide/plugins/com.nxp.mcuxpresso.tools.win32_11.1.0.201909161352/tools/bin/../lib/gcc/arm-none-eabi/8.3.1/../../../../arm-none-eabi/lib/thumb/v6-m/nofp\libcr_semihost_nf.a(__sys_tmpnam.o)
                0x0000551a                __sys_tmpnam
 *(SORT_BY_ALIGNMENT(.rodata) SORT_BY_ALIGNMENT(.rodata.*) SORT_BY_ALIGNMENT(.constdata) SORT_BY_ALIGNMENT(.constdata.*))
 *fill*         0x00005526        0x2 ff
 .rodata.Read_XYZ_Acc_Handler.str1.4
                0x00005528       0x40 ./source/Accelerometer.o
 .rodata.Acc_Disconnect_Handler.str1.4
                0x00005568       0x26 ./source/Accelerometer.o
 *fill*         0x0000558e        0x2 ff
 .rodata.POST_Test_Handler.str1.4
                0x00005590       0x3a ./source/Accelerometer.o
 *fill*         0x000055ca        0x2 ff
 .rodata.display_accel.str1.4
                0x000055cc       0x18 ./source/Accelerometer.o
 .rodata.I2C_init.str1.4
                0x000055e4       0x18 ./source/I2C.o
 .rodata.i2c_start.str1.4
                0x000055fc       0x17 ./source/I2C.o
 *fill*         0x00005613        0x1 ff
 .rodata.i2c_read_setup.str1.4
                0x00005614       0x26 ./source/I2C.o
 *fill*         0x0000563a        0x2 ff
 .rodata.i2c_repeated_read.str1.4
                0x0000563c       0x11 ./source/I2C.o
 *fill*         0x0000564d        0x3 ff
 .rodata.i2c_write_byte.str1.4
                0x00005650        0xd ./source/I2C.o
 *fill*         0x0000565d        0x3 ff
 .rodata.i2c_wait.str1.4
                0x00005660       0x55 ./source/I2C.o
 *fill*         0x000056b5        0x3 ff
 .rodata.Enable_irq.str1.4
                0x000056b8       0x11 ./source/I2C.o
 *fill*         0x000056c9        0x3 ff
 .rodata.Disable_irq.str1.4
                0x000056cc       0x12 ./source/I2C.o
 *fill*         0x000056de        0x2 ff
 .rodata.ACC_init.str1.4
                0x000056e0       0x1b ./source/MMA8451Q.o
 *fill*         0x000056fb        0x1 ff
 .rodata.SysTick_enable_interrupt.str1.4
                0x000056fc       0x1e ./source/SysTick.o
 *fill*         0x0000571a        0x2 ff
 .rodata.SysTick_disable_interrupt.str1.4
                0x0000571c       0x1c ./source/SysTick.o
 .rodata.LED_init.str1.4
                0x00005738       0x11 ./source/led_control.o
 *fill*         0x00005749        0x3 ff
 .rodata.LED_SetPinsOutput.str1.4
                0x0000574c        0xf ./source/led_control.o
 *fill*         0x0000575b        0x1 ff
 .rodata.LED_ClearPinsOutput.str1.4
                0x0000575c       0x10 ./source/led_control.o
 .rodata.LED_PinInit.str1.4
                0x0000576c       0x1b ./source/led_control.o
 *fill*         0x00005787        0x1 ff
 .rodata.LED_ClearRed.str1.4
                0x00005788       0x13 ./source/led_control.o
 *fill*         0x0000579b        0x1 ff
 .rodata.LED_ClearGreen.str1.4
                0x0000579c       0x15 ./source/led_control.o
 *fill*         0x000057b1        0x3 ff
 .rodata.LED_ClearBlue.str1.4
                0x000057b4       0x14 ./source/led_control.o
 .rodata.str1.4
                0x000057c8      0x429 ./source/logger.o
 *fill*         0x00005bf1        0x3 ff
 .rodata.log_level.str1.4
                0x00005bf4       0x1e ./source/logger.o
 *fill*         0x00005c12        0x2 ff
 .rodata.log_enable.str1.4
                0x00005c14       0x95 ./source/logger.o
 *fill*         0x00005ca9        0x3 ff
 .rodata.log_string.str1.4
                0x00005cac        0xf ./source/logger.o
 *fill*         0x00005cbb        0x1 ff
 .rodata.log_accel.str1.4
                0x00005cbc      0x118 ./source/logger.o
                                0x11c (size before relaxing)
 .rodata.Loopback.str1.4
                0x00005dd4       0x1a ./source/loopback.o
 *fill*         0x00005dee        0x2 ff
 .rodata.Display_Loopback_Result.str1.4
                0x00005df0       0x2c ./source/loopback.o
                                 0x44 (size before relaxing)
 .rodata.main.str1.4
                0x00005e1c       0x41 ./source/main.o
 *fill*         0x00005e5d        0x3 ff
 .rodata        0x00005e60       0x8c ./source/main.o
 .rodata.main   0x00005eec       0x40 ./source/main.o
 .rodata.end_state.str1.4
                0x00005f2c        0xf ./source/main.o
 *fill*         0x00005f3b        0x1 ff
 .rodata.change_state.str1.4
                0x00005f3c       0x54 ./source/main.o
 .rodata.TOUCH_init.str1.4
                0x00005f90       0x25 ./source/slider.o
 *fill*         0x00005fb5        0x3 ff
 .rodata.TOUCH_Calibrate.str1.4
                0x00005fb8       0x20 ./source/slider.o
 .rodata.CLOCK_GetMcgExtClkFreq.str1.4
                0x00005fd8       0x1f ./drivers/fsl_clock.o
 *fill*         0x00005ff7        0x1 ff
 .rodata.CLOCK_GetPll0Freq.str1.4
                0x00005ff8       0x1e ./drivers/fsl_clock.o
 *fill*         0x00006016        0x2 ff
 .rodata.CLOCK_EnablePll0.str1.4
                0x00006018       0x1a ./drivers/fsl_clock.o
 *fill*         0x00006032        0x2 ff
 .rodata.CLOCK_SetPbeMode.str1.4
                0x00006034       0x1b ./drivers/fsl_clock.o
 *fill*         0x0000604f        0x1 ff
 .rodata.CLOCK_BootToPeeMode.str1.4
                0x00006050       0x1b ./drivers/fsl_clock.o
 *fill*         0x0000606b        0x1 ff
 .rodata.fllFactorTable.5230
                0x0000606c       0x10 ./drivers/fsl_clock.o
 .rodata.LPSCI_GetInstance.str1.4
                0x0000607c       0x37 ./drivers/fsl_lpsci.o
 *fill*         0x000060b3        0x1 ff
 .rodata.LPSCI_Init.str1.4
                0x000060b4       0x44 ./drivers/fsl_lpsci.o
 .rodata.LPSCI_GetDefaultConfig.str1.4
                0x000060f8       0x1a ./drivers/fsl_lpsci.o
 *fill*         0x00006112        0x2 ff
 .rodata.LPSCI_WriteBlocking.str1.4
                0x00006114       0x18 ./drivers/fsl_lpsci.o
 .rodata.LPSCI_ReadBlocking.str1.4
                0x0000612c       0x18 ./drivers/fsl_lpsci.o
 .rodata.s_uartBases
                0x00006144        0xc ./drivers/fsl_uart.o
 .rodata.s_uartClock
                0x00006150        0xc ./drivers/fsl_uart.o
 .rodata.UART_GetInstance.str1.4
                0x0000615c       0x2c ./drivers/fsl_uart.o
 .rodata.UART_Init.str1.4
                0x00006188       0x43 ./drivers/fsl_uart.o
 *fill*         0x000061cb        0x1 ff
 .rodata.UART_GetDefaultConfig.str1.4
                0x000061cc       0x19 ./drivers/fsl_uart.o
 *fill*         0x000061e5        0x3 ff
 .rodata.UART_ReadBlocking.str1.4
                0x000061e8       0x18 ./drivers/fsl_uart.o
                                 0x17 (size before relaxing)
 .rodata.mcgConfig_BOARD_BootClockRUN
                0x00006200        0xa ./board/clock_config.o
                0x00006200                mcgConfig_BOARD_BootClockRUN
 *fill*         0x0000620a        0x2 ff
 .rodata.simConfig_BOARD_BootClockRUN
                0x0000620c        0x8 ./board/clock_config.o
                0x0000620c                simConfig_BOARD_BootClockRUN
 .rodata.oscConfig_BOARD_BootClockRUN
                0x00006214        0x8 ./board/clock_config.o
                0x00006214                oscConfig_BOARD_BootClockRUN
 .rodata.__num_Ciob_streams
                0x0000621c        0x4 c:/nxp/mcuxpressoide_11.1.0_3209/ide/plugins/com.nxp.mcuxpresso.tools.win32_11.1.0.201909161352/tools/bin/../lib/gcc/arm-none-eabi/8.3.1/../../../../arm-none-eabi/lib/thumb/v6-m/nofp\libcr_semihost_nf.a(__ciob.o)
                0x0000621c                __num_Ciob_streams
 .rodata.__assertion_failed.str1.1
                0x00006220       0x15 c:/nxp/mcuxpressoide_11.1.0_3209/ide/plugins/com.nxp.mcuxpresso.tools.win32_11.1.0.201909161352/tools/bin/../lib/gcc/arm-none-eabi/8.3.1/../../../../arm-none-eabi/lib/thumb/v6-m/nofp\libcr_semihost_nf.a(_cr_assert.o)
 .rodata._Csys_alloc.str1.1
                0x00006235       0x18 c:/nxp/mcuxpressoide_11.1.0_3209/ide/plugins/com.nxp.mcuxpresso.tools.win32_11.1.0.201909161352/tools/bin/../lib/gcc/arm-none-eabi/8.3.1/../../../../arm-none-eabi/lib/thumb/v6-m/nofp\libcr_c.a(alloc.o)
 .rodata._initio.str1.1
                0x0000624d        0x4 c:/nxp/mcuxpressoide_11.1.0_3209/ide/plugins/com.nxp.mcuxpresso.tools.win32_11.1.0.201909161352/tools/bin/../lib/gcc/arm-none-eabi/8.3.1/../../../../arm-none-eabi/lib/thumb/v6-m/nofp\libcr_c.a(initio.o)
 .rodata.digits
                0x00006251       0x11 c:/nxp/mcuxpressoide_11.1.0_3209/ide/plugins/com.nxp.mcuxpresso.tools.win32_11.1.0.201909161352/tools/bin/../lib/gcc/arm-none-eabi/8.3.1/../../../../arm-none-eabi/lib/thumb/v6-m/nofp\libcr_c.a(itoa.o)
 .rodata.__vfprintf.str1.1
                0x00006262       0x35 c:/nxp/mcuxpressoide_11.1.0_3209/ide/plugins/com.nxp.mcuxpresso.tools.win32_11.1.0.201909161352/tools/bin/../lib/gcc/arm-none-eabi/8.3.1/../../../../arm-none-eabi/lib/thumb/v6-m/nofp\libcr_c.a(printf.o)
                                 0x38 (size before relaxing)
                0x00006298                . = ALIGN (0x4)
 *fill*         0x00006297        0x1 ff

.glue_7         0x00006298        0x0
 .glue_7        0x00006298        0x0 linker stubs

.glue_7t        0x00006298        0x0
 .glue_7t       0x00006298        0x0 linker stubs

.vfp11_veneer   0x00006298        0x0
 .vfp11_veneer  0x00006298        0x0 linker stubs

.v4_bx          0x00006298        0x0
 .v4_bx         0x00006298        0x0 linker stubs

.iplt           0x00006298        0x0
 .iplt          0x00006298        0x0 ./utilities/fsl_debug_console.o

.rel.dyn        0x00006298        0x0
 .rel.iplt      0x00006298        0x0 ./utilities/fsl_debug_console.o

.ARM.extab
 *(SORT_BY_ALIGNMENT(.ARM.extab*) SORT_BY_ALIGNMENT(.gnu.linkonce.armextab.*))
                0x00006298                __exidx_start = .

.ARM.exidx
 *(SORT_BY_ALIGNMENT(.ARM.exidx*) SORT_BY_ALIGNMENT(.gnu.linkonce.armexidx.*))
                0x00006298                __exidx_end = .
                0x00006298                _etext = .

.m_usb_data
 *(SORT_BY_ALIGNMENT(m_usb_bdt))

.mtb_buffer_default
                0x1ffff000       0x80
 *(SORT_BY_ALIGNMENT(.mtb*))
 .mtb.$RAM1     0x1ffff000       0x80 ./source/mtb.o
                0x1ffff000                __mtb_buffer__

.uninit_RESERVED
                0x1ffff080        0x0
                0x1ffff080                _start_uninit_RESERVED = .
 *(SORT_BY_ALIGNMENT(.bss.$RESERVED*))
                0x1ffff080                . = ALIGN (0x4)
                0x1ffff080                _end_uninit_RESERVED = .

.data           0x1ffff080       0xe8 load address 0x00006298
 FILL mask 0xff
                0x1ffff080                _data = .
                [!provide]                PROVIDE (__start_data_RAM = .)
                [!provide]                PROVIDE (__start_data_SRAM = .)
 *(SORT_BY_ALIGNMENT(vtable))
 *(SORT_BY_ALIGNMENT(.ramfunc*))
 *(SORT_BY_ALIGNMENT(CodeQuickAccess))
 *(SORT_BY_ALIGNMENT(DataQuickAccess))
 *(SORT_BY_ALIGNMENT(RamFunction))
 *(SORT_BY_ALIGNMENT(.data*))
 .data.functions
                0x1ffff080       0xd0 ./source/logger.o
 .data.log_levels
                0x1ffff150        0xc ./source/logger.o
 .data.s_slowIrcFreq
                0x1ffff15c        0x4 ./drivers/fsl_clock.o
 .data.SystemCoreClock
                0x1ffff160        0x4 ./CMSIS/system_MKL25Z4.o
                0x1ffff160                SystemCoreClock
 .data.timeout_reached
                0x1ffff164        0x1 ./source/SysTick.o
                0x1ffff164                timeout_reached
                0x1ffff168                . = ALIGN (0x4)
 *fill*         0x1ffff165        0x3 ff
                0x1ffff168                _edata = .
                [!provide]                PROVIDE (__end_data_RAM = .)
                [!provide]                PROVIDE (__end_data_SRAM = .)

.igot.plt       0x1ffff168        0x0 load address 0x00006380
 .igot.plt      0x1ffff168        0x0 ./utilities/fsl_debug_console.o

.bss            0x1ffff168      0x204
                0x1ffff168                _bss = .
                [!provide]                PROVIDE (__start_bss_RAM = .)
                [!provide]                PROVIDE (__start_bss_SRAM = .)
 *(SORT_BY_ALIGNMENT(.bss*))
 .bss.s_debugConsole
                0x1ffff168       0x10 ./utilities/fsl_debug_console.o
 .bss.x1.5708   0x1ffff178        0xc ./source/Accelerometer.o
 .bss.y1.5709   0x1ffff184        0xc ./source/Accelerometer.o
 .bss.z1.5710   0x1ffff190        0xc ./source/Accelerometer.o
 .bss.x2.5711   0x1ffff19c        0xc ./source/Accelerometer.o
 .bss.y2.5712   0x1ffff1a8        0xc ./source/Accelerometer.o
 .bss.z2.5713   0x1ffff1b4        0xc ./source/Accelerometer.o
 .bss.x3.5714   0x1ffff1c0        0xc ./source/Accelerometer.o
 .bss.y3.5715   0x1ffff1cc        0xc ./source/Accelerometer.o
 .bss.z3.5716   0x1ffff1d8        0xc ./source/Accelerometer.o
 .bss.lock_detect
                0x1ffff1e4        0x4 ./source/I2C.o
                0x1ffff1e4                lock_detect
 .bss.i2c_lock  0x1ffff1e8        0x4 ./source/I2C.o
                0x1ffff1e8                i2c_lock
 .bss.INT_ENABLE
                0x1ffff1ec        0x4 ./source/I2C.o
                0x1ffff1ec                INT_ENABLE
 .bss.INT_SERVED
                0x1ffff1f0        0x4 ./source/I2C.o
                0x1ffff1f0                INT_SERVED
 .bss.g_xtal0Freq
                0x1ffff1f4        0x4 ./drivers/fsl_clock.o
                0x1ffff1f4                g_xtal0Freq
 .bss.s_lpsciHandle
                0x1ffff1f8        0x4 ./drivers/fsl_lpsci.o
 .bss.s_lpsciIsr
                0x1ffff1fc        0x4 ./drivers/fsl_lpsci.o
 .bss.s_uartHandle
                0x1ffff200        0xc ./drivers/fsl_uart.o
 .bss.s_uartIsr
                0x1ffff20c        0x4 ./drivers/fsl_uart.o
 .bss.__Ciob    0x1ffff210       0xb4 c:/nxp/mcuxpressoide_11.1.0_3209/ide/plugins/com.nxp.mcuxpresso.tools.win32_11.1.0.201909161352/tools/bin/../lib/gcc/arm-none-eabi/8.3.1/../../../../arm-none-eabi/lib/thumb/v6-m/nofp\libcr_semihost_nf.a(__ciob.o)
                0x1ffff210                __Ciob
 .bss._exitvector
                0x1ffff2c4       0x84 c:/nxp/mcuxpressoide_11.1.0_3209/ide/plugins/com.nxp.mcuxpresso.tools.win32_11.1.0.201909161352/tools/bin/../lib/gcc/arm-none-eabi/8.3.1/../../../../arm-none-eabi/lib/thumb/v6-m/nofp\libcr_c.a(stdlib.o)
                0x1ffff2c4                _exitvector
 .bss._number_of_exit_functions
                0x1ffff348        0x4 c:/nxp/mcuxpressoide_11.1.0_3209/ide/plugins/com.nxp.mcuxpresso.tools.win32_11.1.0.201909161352/tools/bin/../lib/gcc/arm-none-eabi/8.3.1/../../../../arm-none-eabi/lib/thumb/v6-m/nofp\libcr_c.a(stdlib.o)
                0x1ffff348                _number_of_exit_functions
 .bss.__end_of_heap
                0x1ffff34c        0x4 c:/nxp/mcuxpressoide_11.1.0_3209/ide/plugins/com.nxp.mcuxpresso.tools.win32_11.1.0.201909161352/tools/bin/../lib/gcc/arm-none-eabi/8.3.1/../../../../arm-none-eabi/lib/thumb/v6-m/nofp\libcr_c.a(__init_alloc.o)
                0x1ffff34c                __end_of_heap
 .bss.__heaps   0x1ffff350        0x4 c:/nxp/mcuxpressoide_11.1.0_3209/ide/plugins/com.nxp.mcuxpresso.tools.win32_11.1.0.201909161352/tools/bin/../lib/gcc/arm-none-eabi/8.3.1/../../../../arm-none-eabi/lib/thumb/v6-m/nofp\libcr_c.a(__init_alloc.o)
                0x1ffff350                __heaps
 .bss.errno     0x1ffff354        0x4 c:/nxp/mcuxpressoide_11.1.0_3209/ide/plugins/com.nxp.mcuxpresso.tools.win32_11.1.0.201909161352/tools/bin/../lib/gcc/arm-none-eabi/8.3.1/../../../../arm-none-eabi/lib/thumb/v6-m/nofp\libcr_c.a(errno.o)
                0x1ffff354                errno
 .bss.xaccel    0x1ffff358        0x2 ./source/MMA8451Q.o
                0x1ffff358                xaccel
 .bss.yaccel    0x1ffff35a        0x2 ./source/MMA8451Q.o
                0x1ffff35a                yaccel
 .bss.zaccel    0x1ffff35c        0x2 ./source/MMA8451Q.o
                0x1ffff35c                zaccel
 .bss.logger    0x1ffff35e        0x1 ./source/logger.o
                0x1ffff35e                logger
 .bss.current_log_level
                0x1ffff35f        0x1 ./source/logger.o
                0x1ffff35f                current_log_level
 .bss.spi_sent  0x1ffff360        0x1 ./source/loopback.o
                0x1ffff360                spi_sent
 .bss.spi_received
                0x1ffff361        0x1 ./source/loopback.o
                0x1ffff361                spi_received
 .bss.send.5689
                0x1ffff362        0x1 ./source/loopback.o
 .bss.s1_entrycount
                0x1ffff363        0x1 ./source/main.o
 .bss.s2_entrycount
                0x1ffff364        0x1 ./source/main.o
 .bss.s3_entrycount
                0x1ffff365        0x1 ./source/main.o
 .bss.flag_s1   0x1ffff366        0x1 ./source/main.o
 .bss.flag_s2   0x1ffff367        0x1 ./source/main.o
 .bss.flag_s3   0x1ffff368        0x1 ./source/main.o
 .bss.next_state
                0x1ffff369        0x1 ./source/main.o
                0x1ffff369                next_state
 .bss.event     0x1ffff36a        0x1 ./source/main.o
                0x1ffff36a                event
 *(SORT_BY_ALIGNMENT(COMMON))
                0x1ffff36c                . = ALIGN (0x4)
 *fill*         0x1ffff36b        0x1 
                0x1ffff36c                _ebss = .
                [!provide]                PROVIDE (__end_bss_RAM = .)
                [!provide]                PROVIDE (__end_bss_SRAM = .)
                [!provide]                PROVIDE (end = .)

.noinit         0x1ffff36c        0x0
                0x1ffff36c                _noinit = .
                [!provide]                PROVIDE (__start_noinit_RAM = .)
                [!provide]                PROVIDE (__start_noinit_SRAM = .)
 *(SORT_BY_ALIGNMENT(.noinit*))
                0x1ffff36c                . = ALIGN (0x4)
                0x1ffff36c                _end_noinit = .
                [!provide]                PROVIDE (__end_noinit_RAM = .)
                [!provide]                PROVIDE (__end_noinit_SRAM = .)
                0x00000400                _HeapSize = 0x400

.heap           0x1ffff36c      0x400
                0x1ffff36c                _pvHeapStart = .
                0x1ffff76c                . = (. + _HeapSize)
 *fill*         0x1ffff36c      0x400 
                0x1ffff76c                . = ALIGN (0x4)
                0x1ffff76c                _pvHeapLimit = .
                0x00000400                _StackSize = 0x400

.heap2stackfill
                0x1ffff76c      0x400
                0x1ffffb6c                . = (. + _StackSize)
 *fill*         0x1ffff76c      0x400 

.stack          0x20002c00        0x0
                0x20002c00                _vStackBase = .
                0x20002c00                . = ALIGN (0x4)
                0x20003000                _vStackTop = (. + _StackSize)
                0x00000000                _image_start = LOADADDR (.text)
                0x00006380                _image_end = (LOADADDR (.data) + SIZEOF (.data))
                0x00006380                _image_size = (_image_end - _image_start)
OUTPUT(Project_4_STATEMACHINE.axf elf32-littlearm)

.debug_info     0x00000000     0xc493
 .debug_info    0x00000000      0xa38 ./utilities/fsl_debug_console.o
 .debug_info    0x00000a38      0x4df ./startup/startup_mkl25z4.o
 .debug_info    0x00000f17      0xbb9 ./source/Accelerometer.o
 .debug_info    0x00001ad0      0xb6c ./source/I2C.o
 .debug_info    0x0000263c      0x623 ./source/MMA8451Q.o
 .debug_info    0x00002c5f      0x6fb ./source/SPI.o
 .debug_info    0x0000335a      0x46d ./source/SysTick.o
 .debug_info    0x000037c7      0xa25 ./source/led_control.o
 .debug_info    0x000041ec      0x5b0 ./source/logger.o
 .debug_info    0x0000479c      0xa25 ./source/loopback.o
 .debug_info    0x000051c1      0xb88 ./source/main.o
 .debug_info    0x00005d49       0x53 ./source/mtb.o
 .debug_info    0x00005d9c       0x3c ./source/semihost_hardfault.o
 .debug_info    0x00005dd8      0x690 ./source/slider.o
 .debug_info    0x00006468     0x1a97 ./drivers/fsl_clock.o
 .debug_info    0x00007eff     0x1469 ./drivers/fsl_lpsci.o
 .debug_info    0x00009368     0x140a ./drivers/fsl_uart.o
 .debug_info    0x0000a772      0x80b ./board/board.o
 .debug_info    0x0000af7d      0xafe ./board/clock_config.o
 .debug_info    0x0000ba7b       0x3c ./board/peripherals.o
 .debug_info    0x0000bab7      0x5a3 ./board/pin_mux.o
 .debug_info    0x0000c05a      0x439 ./CMSIS/system_MKL25Z4.o

.debug_abbrev   0x00000000     0x26d9
 .debug_abbrev  0x00000000      0x22c ./utilities/fsl_debug_console.o
 .debug_abbrev  0x0000022c      0x18d ./startup/startup_mkl25z4.o
 .debug_abbrev  0x000003b9      0x1ec ./source/Accelerometer.o
 .debug_abbrev  0x000005a5      0x2b2 ./source/I2C.o
 .debug_abbrev  0x00000857      0x182 ./source/MMA8451Q.o
 .debug_abbrev  0x000009d9      0x198 ./source/SPI.o
 .debug_abbrev  0x00000b71      0x169 ./source/SysTick.o
 .debug_abbrev  0x00000cda      0x1c2 ./source/led_control.o
 .debug_abbrev  0x00000e9c      0x14a ./source/logger.o
 .debug_abbrev  0x00000fe6      0x1a8 ./source/loopback.o
 .debug_abbrev  0x0000118e      0x2b8 ./source/main.o
 .debug_abbrev  0x00001446       0x46 ./source/mtb.o
 .debug_abbrev  0x0000148c       0x31 ./source/semihost_hardfault.o
 .debug_abbrev  0x000014bd      0x187 ./source/slider.o
 .debug_abbrev  0x00001644      0x36f ./drivers/fsl_clock.o
 .debug_abbrev  0x000019b3      0x309 ./drivers/fsl_lpsci.o
 .debug_abbrev  0x00001cbc      0x323 ./drivers/fsl_uart.o
 .debug_abbrev  0x00001fdf      0x1a7 ./board/board.o
 .debug_abbrev  0x00002186      0x211 ./board/clock_config.o
 .debug_abbrev  0x00002397       0x31 ./board/peripherals.o
 .debug_abbrev  0x000023c8      0x1bb ./board/pin_mux.o
 .debug_abbrev  0x00002583      0x156 ./CMSIS/system_MKL25Z4.o

.debug_aranges  0x00000000      0x9e8
 .debug_aranges
                0x00000000       0x58 ./utilities/fsl_debug_console.o
 .debug_aranges
                0x00000058      0x160 ./startup/startup_mkl25z4.o
 .debug_aranges
                0x000001b8       0x48 ./source/Accelerometer.o
 .debug_aranges
                0x00000200       0x90 ./source/I2C.o
 .debug_aranges
                0x00000290       0x40 ./source/MMA8451Q.o
 .debug_aranges
                0x000002d0       0x28 ./source/SPI.o
 .debug_aranges
                0x000002f8       0x30 ./source/SysTick.o
 .debug_aranges
                0x00000328       0x58 ./source/led_control.o
 .debug_aranges
                0x00000380       0x50 ./source/logger.o
 .debug_aranges
                0x000003d0       0x28 ./source/loopback.o
 .debug_aranges
                0x000003f8       0x70 ./source/main.o
 .debug_aranges
                0x00000468       0x18 ./source/mtb.o
 .debug_aranges
                0x00000480       0x20 ./source/semihost_hardfault.o
 .debug_aranges
                0x000004a0       0x28 ./source/slider.o
 .debug_aranges
                0x000004c8      0x1d8 ./drivers/fsl_clock.o
 .debug_aranges
                0x000006a0      0x118 ./drivers/fsl_lpsci.o
 .debug_aranges
                0x000007b8      0x130 ./drivers/fsl_uart.o
 .debug_aranges
                0x000008e8       0x28 ./board/board.o
 .debug_aranges
                0x00000910       0x58 ./board/clock_config.o
 .debug_aranges
                0x00000968       0x20 ./board/peripherals.o
 .debug_aranges
                0x00000988       0x38 ./board/pin_mux.o
 .debug_aranges
                0x000009c0       0x28 ./CMSIS/system_MKL25Z4.o

.debug_ranges   0x00000000      0x880
 .debug_ranges  0x00000000       0x48 ./utilities/fsl_debug_console.o
 .debug_ranges  0x00000048      0x150 ./startup/startup_mkl25z4.o
 .debug_ranges  0x00000198       0x38 ./source/Accelerometer.o
 .debug_ranges  0x000001d0       0x80 ./source/I2C.o
 .debug_ranges  0x00000250       0x30 ./source/MMA8451Q.o
 .debug_ranges  0x00000280       0x18 ./source/SPI.o
 .debug_ranges  0x00000298       0x20 ./source/SysTick.o
 .debug_ranges  0x000002b8       0x48 ./source/led_control.o
 .debug_ranges  0x00000300       0x40 ./source/logger.o
 .debug_ranges  0x00000340       0x18 ./source/loopback.o
 .debug_ranges  0x00000358       0x60 ./source/main.o
 .debug_ranges  0x000003b8       0x10 ./source/semihost_hardfault.o
 .debug_ranges  0x000003c8       0x18 ./source/slider.o
 .debug_ranges  0x000003e0      0x1c8 ./drivers/fsl_clock.o
 .debug_ranges  0x000005a8      0x108 ./drivers/fsl_lpsci.o
 .debug_ranges  0x000006b0      0x120 ./drivers/fsl_uart.o
 .debug_ranges  0x000007d0       0x18 ./board/board.o
 .debug_ranges  0x000007e8       0x48 ./board/clock_config.o
 .debug_ranges  0x00000830       0x10 ./board/peripherals.o
 .debug_ranges  0x00000840       0x28 ./board/pin_mux.o
 .debug_ranges  0x00000868       0x18 ./CMSIS/system_MKL25Z4.o

.debug_macro    0x00000000     0xeae9
 .debug_macro   0x00000000      0x13a ./utilities/fsl_debug_console.o
 .debug_macro   0x0000013a      0xaae ./utilities/fsl_debug_console.o
 .debug_macro   0x00000be8       0x10 ./utilities/fsl_debug_console.o
 .debug_macro   0x00000bf8       0x16 ./utilities/fsl_debug_console.o
 .debug_macro   0x00000c0e       0x10 ./utilities/fsl_debug_console.o
 .debug_macro   0x00000c1e      0x12e ./utilities/fsl_debug_console.o
 .debug_macro   0x00000d4c       0x28 ./utilities/fsl_debug_console.o
 .debug_macro   0x00000d74       0xc4 ./utilities/fsl_debug_console.o
 .debug_macro   0x00000e38       0x16 ./utilities/fsl_debug_console.o
 .debug_macro   0x00000e4e       0x22 ./utilities/fsl_debug_console.o
 .debug_macro   0x00000e70      0x5b3 ./utilities/fsl_debug_console.o
 .debug_macro   0x00001423       0x10 ./utilities/fsl_debug_console.o
 .debug_macro   0x00001433       0x3f ./utilities/fsl_debug_console.o
 .debug_macro   0x00001472       0x3a ./utilities/fsl_debug_console.o
 .debug_macro   0x000014ac       0x26 ./utilities/fsl_debug_console.o
 .debug_macro   0x000014d2      0x329 ./utilities/fsl_debug_console.o
 .debug_macro   0x000017fb       0x30 ./utilities/fsl_debug_console.o
 .debug_macro   0x0000182b     0x51e2 ./utilities/fsl_debug_console.o
 .debug_macro   0x00006a0d     0x1352 ./utilities/fsl_debug_console.o
 .debug_macro   0x00007d5f       0x3a ./utilities/fsl_debug_console.o
 .debug_macro   0x00007d99       0xf4 ./utilities/fsl_debug_console.o
 .debug_macro   0x00007e8d       0x35 ./utilities/fsl_debug_console.o
 .debug_macro   0x00007ec2       0xd2 ./utilities/fsl_debug_console.o
 .debug_macro   0x00007f94       0x2e ./utilities/fsl_debug_console.o
 .debug_macro   0x00007fc2       0x10 ./utilities/fsl_debug_console.o
 .debug_macro   0x00007fd2       0x10 ./utilities/fsl_debug_console.o
 .debug_macro   0x00007fe2       0x29 ./startup/startup_mkl25z4.o
 .debug_macro   0x0000800b      0x1c0 ./source/Accelerometer.o
 .debug_macro   0x000081cb       0x34 ./source/Accelerometer.o
 .debug_macro   0x000081ff       0xd8 ./source/Accelerometer.o
 .debug_macro   0x000082d7       0x22 ./source/Accelerometer.o
 .debug_macro   0x000082f9       0x28 ./source/Accelerometer.o
 .debug_macro   0x00008321       0x16 ./source/Accelerometer.o
 .debug_macro   0x00008337       0x10 ./source/Accelerometer.o
 .debug_macro   0x00008347      0x112 ./source/Accelerometer.o
 .debug_macro   0x00008459       0x9a ./source/Accelerometer.o
 .debug_macro   0x000084f3       0x3a ./source/Accelerometer.o
 .debug_macro   0x0000852d       0x34 ./source/Accelerometer.o
 .debug_macro   0x00008561       0x40 ./source/Accelerometer.o
 .debug_macro   0x000085a1       0x64 ./source/Accelerometer.o
 .debug_macro   0x00008605       0x10 ./source/Accelerometer.o
 .debug_macro   0x00008615       0xd9 ./source/I2C.o
 .debug_macro   0x000086ee       0x3f ./source/I2C.o
 .debug_macro   0x0000872d     0x51e2 ./source/I2C.o
 .debug_macro   0x0000d90f       0xab ./source/MMA8451Q.o
 .debug_macro   0x0000d9ba       0xc4 ./source/MMA8451Q.o
 .debug_macro   0x0000da7e       0xda ./source/SPI.o
 .debug_macro   0x0000db58       0xda ./source/SysTick.o
 .debug_macro   0x0000dc32      0x159 ./source/led_control.o
 .debug_macro   0x0000dd8b       0x1c ./source/led_control.o
 .debug_macro   0x0000dda7       0x84 ./source/logger.o
 .debug_macro   0x0000de2b      0x1ce ./source/loopback.o
 .debug_macro   0x0000dff9      0x1c6 ./source/main.o
 .debug_macro   0x0000e1bf       0x2f ./source/mtb.o
 .debug_macro   0x0000e1ee       0x82 ./source/mtb.o
 .debug_macro   0x0000e270       0x10 ./source/mtb.o
 .debug_macro   0x0000e280       0x11 ./source/semihost_hardfault.o
 .debug_macro   0x0000e291       0xe9 ./source/slider.o
 .debug_macro   0x0000e37a      0x196 ./drivers/fsl_clock.o
 .debug_macro   0x0000e510       0xec ./drivers/fsl_lpsci.o
 .debug_macro   0x0000e5fc       0xf2 ./drivers/fsl_uart.o
 .debug_macro   0x0000e6ee      0x12b ./board/board.o
 .debug_macro   0x0000e819      0x123 ./board/clock_config.o
 .debug_macro   0x0000e93c       0x1b ./board/peripherals.o
 .debug_macro   0x0000e957       0xee ./board/pin_mux.o
 .debug_macro   0x0000ea45       0x10 ./board/pin_mux.o
 .debug_macro   0x0000ea55       0x94 ./CMSIS/system_MKL25Z4.o

.debug_line     0x00000000     0x77c5
 .debug_line    0x00000000      0x51d ./utilities/fsl_debug_console.o
 .debug_line    0x0000051d      0x1e7 ./startup/startup_mkl25z4.o
 .debug_line    0x00000704      0x9e9 ./source/Accelerometer.o
 .debug_line    0x000010ed      0x5be ./source/I2C.o
 .debug_line    0x000016ab      0x34f ./source/MMA8451Q.o
 .debug_line    0x000019fa      0x34e ./source/SPI.o
 .debug_line    0x00001d48      0x32f ./source/SysTick.o
 .debug_line    0x00002077      0x538 ./source/led_control.o
 .debug_line    0x000025af      0x2fa ./source/logger.o
 .debug_line    0x000028a9      0x578 ./source/loopback.o
 .debug_line    0x00002e21      0x7cf ./source/main.o
 .debug_line    0x000035f0       0xd1 ./source/mtb.o
 .debug_line    0x000036c1       0x5a ./source/semihost_hardfault.o
 .debug_line    0x0000371b      0x34f ./source/slider.o
 .debug_line    0x00003a6a     0x1306 ./drivers/fsl_clock.o
 .debug_line    0x00004d70      0xd87 ./drivers/fsl_lpsci.o
 .debug_line    0x00005af7      0xd76 ./drivers/fsl_uart.o
 .debug_line    0x0000686d      0x3ed ./board/board.o
 .debug_line    0x00006c5a      0x41d ./board/clock_config.o
 .debug_line    0x00007077       0x5c ./board/peripherals.o
 .debug_line    0x000070d3      0x3b3 ./board/pin_mux.o
 .debug_line    0x00007486      0x33f ./CMSIS/system_MKL25Z4.o

.debug_str      0x00000000    0x36e6a
 .debug_str     0x00000000    0x3160e ./utilities/fsl_debug_console.o
                              0x31867 (size before relaxing)
 .debug_str     0x0003160e      0x3e1 ./startup/startup_mkl25z4.o
                               0x31fb (size before relaxing)
 .debug_str     0x000319ef     0x1a67 ./source/Accelerometer.o
                              0x32471 (size before relaxing)
 .debug_str     0x00033456      0x3ed ./source/I2C.o
                              0x29ac3 (size before relaxing)
 .debug_str     0x00033843       0xa8 ./source/MMA8451Q.o
                               0x54d2 (size before relaxing)
 .debug_str     0x000338eb       0x37 ./source/SPI.o
                              0x2964b (size before relaxing)
 .debug_str     0x00033922       0x5f ./source/SysTick.o
                              0x295d3 (size before relaxing)
 .debug_str     0x00033981      0x146 ./source/led_control.o
                              0x32443 (size before relaxing)
 .debug_str     0x00033ac7       0xa9 ./source/logger.o
                               0x4d6b (size before relaxing)
 .debug_str     0x00033b70       0x63 ./source/loopback.o
                              0x32852 (size before relaxing)
 .debug_str     0x00033bd3      0x14d ./source/main.o
                              0x32934 (size before relaxing)
 .debug_str     0x00033d20      0x532 ./source/mtb.o
                               0x3307 (size before relaxing)
 .debug_str     0x00034252       0x1f ./source/semihost_hardfault.o
                               0x2df4 (size before relaxing)
 .debug_str     0x00034271       0x3d ./source/slider.o
                              0x2972b (size before relaxing)
 .debug_str     0x000342ae     0x14d2 ./drivers/fsl_clock.o
                              0x32302 (size before relaxing)
 .debug_str     0x00035780      0x961 ./drivers/fsl_lpsci.o
                              0x3190a (size before relaxing)
 .debug_str     0x000360e1      0x832 ./drivers/fsl_uart.o
                              0x3192d (size before relaxing)
 .debug_str     0x00036913       0x4c ./board/board.o
                              0x3177a (size before relaxing)
 .debug_str     0x0003695f      0x300 ./board/clock_config.o
                              0x31230 (size before relaxing)
 .debug_str     0x00036c5f       0x31 ./board/peripherals.o
                               0x2e05 (size before relaxing)
 .debug_str     0x00036c90      0x18b ./board/pin_mux.o
                              0x30c8e (size before relaxing)
 .debug_str     0x00036e1b       0x4f ./CMSIS/system_MKL25Z4.o
                              0x2fc6c (size before relaxing)

.comment        0x00000000       0x76
 .comment       0x00000000       0x76 ./utilities/fsl_debug_console.o
                                 0x77 (size before relaxing)
 .comment       0x00000076       0x77 ./startup/startup_mkl25z4.o
 .comment       0x00000076       0x77 ./source/Accelerometer.o
 .comment       0x00000076       0x77 ./source/I2C.o
 .comment       0x00000076       0x77 ./source/MMA8451Q.o
 .comment       0x00000076       0x77 ./source/SPI.o
 .comment       0x00000076       0x77 ./source/SysTick.o
 .comment       0x00000076       0x77 ./source/led_control.o
 .comment       0x00000076       0x77 ./source/logger.o
 .comment       0x00000076       0x77 ./source/loopback.o
 .comment       0x00000076       0x77 ./source/main.o
 .comment       0x00000076       0x77 ./source/mtb.o
 .comment       0x00000076       0x77 ./source/semihost_hardfault.o
 .comment       0x00000076       0x77 ./source/slider.o
 .comment       0x00000076       0x77 ./drivers/fsl_clock.o
 .comment       0x00000076       0x77 ./drivers/fsl_lpsci.o
 .comment       0x00000076       0x77 ./drivers/fsl_uart.o
 .comment       0x00000076       0x77 ./board/board.o
 .comment       0x00000076       0x77 ./board/clock_config.o
 .comment       0x00000076       0x77 ./board/peripherals.o
 .comment       0x00000076       0x77 ./board/pin_mux.o
 .comment       0x00000076       0x77 ./CMSIS/system_MKL25Z4.o
 .comment       0x00000076       0x77 c:/nxp/mcuxpressoide_11.1.0_3209/ide/plugins/com.nxp.mcuxpresso.tools.win32_11.1.0.201909161352/tools/bin/../lib/gcc/arm-none-eabi/8.3.1/../../../../arm-none-eabi/lib/thumb/v6-m/nofp\libcr_semihost_nf.a(_cr__main.o)
 .comment       0x00000076       0x77 c:/nxp/mcuxpressoide_11.1.0_3209/ide/plugins/com.nxp.mcuxpresso.tools.win32_11.1.0.201909161352/tools/bin/../lib/gcc/arm-none-eabi/8.3.1/../../../../arm-none-eabi/lib/thumb/v6-m/nofp\libcr_semihost_nf.a(_cr_assert.o)
 .comment       0x00000076       0x77 c:/nxp/mcuxpressoide_11.1.0_3209/ide/plugins/com.nxp.mcuxpresso.tools.win32_11.1.0.201909161352/tools/bin/../lib/gcc/arm-none-eabi/8.3.1/../../../../arm-none-eabi/lib/thumb/v6-m/nofp\libcr_semihost_nf.a(__ciob.o)
 .comment       0x00000076       0x77 c:/nxp/mcuxpressoide_11.1.0_3209/ide/plugins/com.nxp.mcuxpresso.tools.win32_11.1.0.201909161352/tools/bin/../lib/gcc/arm-none-eabi/8.3.1/../../../../arm-none-eabi/lib/thumb/v6-m/nofp\libcr_c.a(memcpy.o)
 .comment       0x00000076       0x77 c:/nxp/mcuxpressoide_11.1.0_3209/ide/plugins/com.nxp.mcuxpresso.tools.win32_11.1.0.201909161352/tools/bin/../lib/gcc/arm-none-eabi/8.3.1/../../../../arm-none-eabi/lib/thumb/v6-m/nofp\libcr_c.a(memset.o)
 .comment       0x00000076       0x77 c:/nxp/mcuxpressoide_11.1.0_3209/ide/plugins/com.nxp.mcuxpresso.tools.win32_11.1.0.201909161352/tools/bin/../lib/gcc/arm-none-eabi/8.3.1/../../../../arm-none-eabi/lib/thumb/v6-m/nofp\libcr_c.a(_deferredlazyseek.o)
 .comment       0x00000076       0x77 c:/nxp/mcuxpressoide_11.1.0_3209/ide/plugins/com.nxp.mcuxpresso.tools.win32_11.1.0.201909161352/tools/bin/../lib/gcc/arm-none-eabi/8.3.1/../../../../arm-none-eabi/lib/thumb/v6-m/nofp\libcr_c.a(_fflush.o)
 .comment       0x00000076       0x77 c:/nxp/mcuxpressoide_11.1.0_3209/ide/plugins/com.nxp.mcuxpresso.tools.win32_11.1.0.201909161352/tools/bin/../lib/gcc/arm-none-eabi/8.3.1/../../../../arm-none-eabi/lib/thumb/v6-m/nofp\libcr_c.a(_writebuf.o)
 .comment       0x00000076       0x77 c:/nxp/mcuxpressoide_11.1.0_3209/ide/plugins/com.nxp.mcuxpresso.tools.win32_11.1.0.201909161352/tools/bin/../lib/gcc/arm-none-eabi/8.3.1/../../../../arm-none-eabi/lib/thumb/v6-m/nofp\libcr_c.a(alloc.o)
 .comment       0x00000076       0x77 c:/nxp/mcuxpressoide_11.1.0_3209/ide/plugins/com.nxp.mcuxpresso.tools.win32_11.1.0.201909161352/tools/bin/../lib/gcc/arm-none-eabi/8.3.1/../../../../arm-none-eabi/lib/thumb/v6-m/nofp\libcr_c.a(fputs.o)
 .comment       0x00000076       0x77 c:/nxp/mcuxpressoide_11.1.0_3209/ide/plugins/com.nxp.mcuxpresso.tools.win32_11.1.0.201909161352/tools/bin/../lib/gcc/arm-none-eabi/8.3.1/../../../../arm-none-eabi/lib/thumb/v6-m/nofp\libcr_c.a(fseek.o)
 .comment       0x00000076       0x77 c:/nxp/mcuxpressoide_11.1.0_3209/ide/plugins/com.nxp.mcuxpresso.tools.win32_11.1.0.201909161352/tools/bin/../lib/gcc/arm-none-eabi/8.3.1/../../../../arm-none-eabi/lib/thumb/v6-m/nofp\libcr_c.a(ftell.o)
 .comment       0x00000076       0x77 c:/nxp/mcuxpressoide_11.1.0_3209/ide/plugins/com.nxp.mcuxpresso.tools.win32_11.1.0.201909161352/tools/bin/../lib/gcc/arm-none-eabi/8.3.1/../../../../arm-none-eabi/lib/thumb/v6-m/nofp\libcr_c.a(initio.o)
 .comment       0x00000076       0x77 c:/nxp/mcuxpressoide_11.1.0_3209/ide/plugins/com.nxp.mcuxpresso.tools.win32_11.1.0.201909161352/tools/bin/../lib/gcc/arm-none-eabi/8.3.1/../../../../arm-none-eabi/lib/thumb/v6-m/nofp\libcr_c.a(itoa.o)
 .comment       0x00000076       0x77 c:/nxp/mcuxpressoide_11.1.0_3209/ide/plugins/com.nxp.mcuxpresso.tools.win32_11.1.0.201909161352/tools/bin/../lib/gcc/arm-none-eabi/8.3.1/../../../../arm-none-eabi/lib/thumb/v6-m/nofp\libcr_c.a(printf.o)
 .comment       0x00000076       0x77 c:/nxp/mcuxpressoide_11.1.0_3209/ide/plugins/com.nxp.mcuxpresso.tools.win32_11.1.0.201909161352/tools/bin/../lib/gcc/arm-none-eabi/8.3.1/../../../../arm-none-eabi/lib/thumb/v6-m/nofp\libcr_c.a(setvbuf.o)
 .comment       0x00000076       0x77 c:/nxp/mcuxpressoide_11.1.0_3209/ide/plugins/com.nxp.mcuxpresso.tools.win32_11.1.0.201909161352/tools/bin/../lib/gcc/arm-none-eabi/8.3.1/../../../../arm-none-eabi/lib/thumb/v6-m/nofp\libcr_c.a(stdlib.o)
 .comment       0x00000076       0x77 c:/nxp/mcuxpressoide_11.1.0_3209/ide/plugins/com.nxp.mcuxpresso.tools.win32_11.1.0.201909161352/tools/bin/../lib/gcc/arm-none-eabi/8.3.1/../../../../arm-none-eabi/lib/thumb/v6-m/nofp\libcr_c.a(strcat.o)
 .comment       0x00000076       0x77 c:/nxp/mcuxpressoide_11.1.0_3209/ide/plugins/com.nxp.mcuxpresso.tools.win32_11.1.0.201909161352/tools/bin/../lib/gcc/arm-none-eabi/8.3.1/../../../../arm-none-eabi/lib/thumb/v6-m/nofp\libcr_c.a(strcpy.o)
 .comment       0x00000076       0x77 c:/nxp/mcuxpressoide_11.1.0_3209/ide/plugins/com.nxp.mcuxpresso.tools.win32_11.1.0.201909161352/tools/bin/../lib/gcc/arm-none-eabi/8.3.1/../../../../arm-none-eabi/lib/thumb/v6-m/nofp\libcr_c.a(strlen.o)
 .comment       0x00000076       0x77 c:/nxp/mcuxpressoide_11.1.0_3209/ide/plugins/com.nxp.mcuxpresso.tools.win32_11.1.0.201909161352/tools/bin/../lib/gcc/arm-none-eabi/8.3.1/../../../../arm-none-eabi/lib/thumb/v6-m/nofp\libcr_c.a(__init_alloc.o)
 .comment       0x00000076       0x77 c:/nxp/mcuxpressoide_11.1.0_3209/ide/plugins/com.nxp.mcuxpresso.tools.win32_11.1.0.201909161352/tools/bin/../lib/gcc/arm-none-eabi/8.3.1/../../../../arm-none-eabi/lib/thumb/v6-m/nofp\libcr_c.a(_cr_sbrk.o)
 .comment       0x00000076       0x77 c:/nxp/mcuxpressoide_11.1.0_3209/ide/plugins/com.nxp.mcuxpresso.tools.win32_11.1.0.201909161352/tools/bin/../lib/gcc/arm-none-eabi/8.3.1/../../../../arm-none-eabi/lib/thumb/v6-m/nofp\libcr_c.a(_fdopen.o)
 .comment       0x00000076       0x77 c:/nxp/mcuxpressoide_11.1.0_3209/ide/plugins/com.nxp.mcuxpresso.tools.win32_11.1.0.201909161352/tools/bin/../lib/gcc/arm-none-eabi/8.3.1/../../../../arm-none-eabi/lib/thumb/v6-m/nofp\libcr_c.a(errno.o)
 .comment       0x00000076       0x77 c:/nxp/mcuxpressoide_11.1.0_3209/ide/plugins/com.nxp.mcuxpresso.tools.win32_11.1.0.201909161352/tools/bin/../lib/gcc/arm-none-eabi/8.3.1/../../../../arm-none-eabi/lib/thumb/v6-m/nofp\libcr_c.a(fclose.o)
 .comment       0x00000076       0x77 c:/nxp/mcuxpressoide_11.1.0_3209/ide/plugins/com.nxp.mcuxpresso.tools.win32_11.1.0.201909161352/tools/bin/../lib/gcc/arm-none-eabi/8.3.1/../../../../arm-none-eabi/lib/thumb/v6-m/nofp\libcr_c.a(fflush.o)
 .comment       0x00000076       0x77 c:/nxp/mcuxpressoide_11.1.0_3209/ide/plugins/com.nxp.mcuxpresso.tools.win32_11.1.0.201909161352/tools/bin/../lib/gcc/arm-none-eabi/8.3.1/../../../../arm-none-eabi/lib/thumb/v6-m/nofp\libcr_c.a(remove.o)
 .comment       0x00000076       0x77 c:/nxp/mcuxpressoide_11.1.0_3209/ide/plugins/com.nxp.mcuxpresso.tools.win32_11.1.0.201909161352/tools/bin/../lib/gcc/arm-none-eabi/8.3.1/../../../../arm-none-eabi/lib/thumb/v6-m/nofp\libcr_c.a(_cr_check_heap.o)
 .comment       0x00000076       0x77 c:/nxp/mcuxpressoide_11.1.0_3209/ide/plugins/com.nxp.mcuxpresso.tools.win32_11.1.0.201909161352/tools/bin/../lib/gcc/arm-none-eabi/8.3.1/../../../../arm-none-eabi/lib/thumb/v6-m/nofp\libcr_c.a(_do_fflush.o)
 .comment       0x00000076       0x77 c:/nxp/mcuxpressoide_11.1.0_3209/ide/plugins/com.nxp.mcuxpresso.tools.win32_11.1.0.201909161352/tools/bin/../lib/gcc/arm-none-eabi/8.3.1/thumb/v6-m/nofp\libcr_eabihelpers.a(double.o)

.ARM.attributes
                0x00000000       0x2a
 .ARM.attributes
                0x00000000       0x2c ./utilities/fsl_debug_console.o
 .ARM.attributes
                0x0000002c       0x2c ./startup/startup_mkl25z4.o
 .ARM.attributes
                0x00000058       0x2c ./source/Accelerometer.o
 .ARM.attributes
                0x00000084       0x2c ./source/I2C.o
 .ARM.attributes
                0x000000b0       0x2c ./source/MMA8451Q.o
 .ARM.attributes
                0x000000dc       0x2c ./source/SPI.o
 .ARM.attributes
                0x00000108       0x2c ./source/SysTick.o
 .ARM.attributes
                0x00000134       0x2c ./source/led_control.o
 .ARM.attributes
                0x00000160       0x2c ./source/logger.o
 .ARM.attributes
                0x0000018c       0x2c ./source/loopback.o
 .ARM.attributes
                0x000001b8       0x2c ./source/main.o
 .ARM.attributes
                0x000001e4       0x32 ./source/mtb.o
 .ARM.attributes
                0x00000216       0x2c ./source/semihost_hardfault.o
 .ARM.attributes
                0x00000242       0x2c ./source/slider.o
 .ARM.attributes
                0x0000026e       0x2c ./drivers/fsl_clock.o
 .ARM.attributes
                0x0000029a       0x2c ./drivers/fsl_lpsci.o
 .ARM.attributes
                0x000002c6       0x2c ./drivers/fsl_uart.o
 .ARM.attributes
                0x000002f2       0x2c ./board/board.o
 .ARM.attributes
                0x0000031e       0x2c ./board/clock_config.o
 .ARM.attributes
                0x0000034a       0x2c ./board/peripherals.o
 .ARM.attributes
                0x00000376       0x2c ./board/pin_mux.o
 .ARM.attributes
                0x000003a2       0x2c ./CMSIS/system_MKL25Z4.o
 .ARM.attributes
                0x000003ce       0x2c c:/nxp/mcuxpressoide_11.1.0_3209/ide/plugins/com.nxp.mcuxpresso.tools.win32_11.1.0.201909161352/tools/bin/../lib/gcc/arm-none-eabi/8.3.1/../../../../arm-none-eabi/lib/thumb/v6-m/nofp\libcr_semihost_nf.a(_cr__main.o)
 .ARM.attributes
                0x000003fa       0x2c c:/nxp/mcuxpressoide_11.1.0_3209/ide/plugins/com.nxp.mcuxpresso.tools.win32_11.1.0.201909161352/tools/bin/../lib/gcc/arm-none-eabi/8.3.1/../../../../arm-none-eabi/lib/thumb/v6-m/nofp\libcr_semihost_nf.a(_cr_assert.o)
 .ARM.attributes
                0x00000426       0x31 c:/nxp/mcuxpressoide_11.1.0_3209/ide/plugins/com.nxp.mcuxpresso.tools.win32_11.1.0.201909161352/tools/bin/../lib/gcc/arm-none-eabi/8.3.1/../../../../arm-none-eabi/lib/thumb/v6-m/nofp\libcr_semihost_nf.a(__ciob.o)
 .ARM.attributes
                0x00000457       0x1c c:/nxp/mcuxpressoide_11.1.0_3209/ide/plugins/com.nxp.mcuxpresso.tools.win32_11.1.0.201909161352/tools/bin/../lib/gcc/arm-none-eabi/8.3.1/../../../../arm-none-eabi/lib/thumb/v6-m/nofp\libcr_semihost_nf.a(__sys_appexit.o)
 .ARM.attributes
                0x00000473       0x2c c:/nxp/mcuxpressoide_11.1.0_3209/ide/plugins/com.nxp.mcuxpresso.tools.win32_11.1.0.201909161352/tools/bin/../lib/gcc/arm-none-eabi/8.3.1/../../../../arm-none-eabi/lib/thumb/v6-m/nofp\libcr_c.a(memcpy.o)
 .ARM.attributes
                0x0000049f       0x2c c:/nxp/mcuxpressoide_11.1.0_3209/ide/plugins/com.nxp.mcuxpresso.tools.win32_11.1.0.201909161352/tools/bin/../lib/gcc/arm-none-eabi/8.3.1/../../../../arm-none-eabi/lib/thumb/v6-m/nofp\libcr_c.a(memset.o)
 .ARM.attributes
                0x000004cb       0x2c c:/nxp/mcuxpressoide_11.1.0_3209/ide/plugins/com.nxp.mcuxpresso.tools.win32_11.1.0.201909161352/tools/bin/../lib/gcc/arm-none-eabi/8.3.1/../../../../arm-none-eabi/lib/thumb/v6-m/nofp\libcr_c.a(_deferredlazyseek.o)
 .ARM.attributes
                0x000004f7       0x2c c:/nxp/mcuxpressoide_11.1.0_3209/ide/plugins/com.nxp.mcuxpresso.tools.win32_11.1.0.201909161352/tools/bin/../lib/gcc/arm-none-eabi/8.3.1/../../../../arm-none-eabi/lib/thumb/v6-m/nofp\libcr_c.a(_fflush.o)
 .ARM.attributes
                0x00000523       0x2c c:/nxp/mcuxpressoide_11.1.0_3209/ide/plugins/com.nxp.mcuxpresso.tools.win32_11.1.0.201909161352/tools/bin/../lib/gcc/arm-none-eabi/8.3.1/../../../../arm-none-eabi/lib/thumb/v6-m/nofp\libcr_c.a(_writebuf.o)
 .ARM.attributes
                0x0000054f       0x2c c:/nxp/mcuxpressoide_11.1.0_3209/ide/plugins/com.nxp.mcuxpresso.tools.win32_11.1.0.201909161352/tools/bin/../lib/gcc/arm-none-eabi/8.3.1/../../../../arm-none-eabi/lib/thumb/v6-m/nofp\libcr_c.a(alloc.o)
 .ARM.attributes
                0x0000057b       0x2c c:/nxp/mcuxpressoide_11.1.0_3209/ide/plugins/com.nxp.mcuxpresso.tools.win32_11.1.0.201909161352/tools/bin/../lib/gcc/arm-none-eabi/8.3.1/../../../../arm-none-eabi/lib/thumb/v6-m/nofp\libcr_c.a(fputs.o)
 .ARM.attributes
                0x000005a7       0x2c c:/nxp/mcuxpressoide_11.1.0_3209/ide/plugins/com.nxp.mcuxpresso.tools.win32_11.1.0.201909161352/tools/bin/../lib/gcc/arm-none-eabi/8.3.1/../../../../arm-none-eabi/lib/thumb/v6-m/nofp\libcr_c.a(fseek.o)
 .ARM.attributes
                0x000005d3       0x2c c:/nxp/mcuxpressoide_11.1.0_3209/ide/plugins/com.nxp.mcuxpresso.tools.win32_11.1.0.201909161352/tools/bin/../lib/gcc/arm-none-eabi/8.3.1/../../../../arm-none-eabi/lib/thumb/v6-m/nofp\libcr_c.a(ftell.o)
 .ARM.attributes
                0x000005ff       0x2c c:/nxp/mcuxpressoide_11.1.0_3209/ide/plugins/com.nxp.mcuxpresso.tools.win32_11.1.0.201909161352/tools/bin/../lib/gcc/arm-none-eabi/8.3.1/../../../../arm-none-eabi/lib/thumb/v6-m/nofp\libcr_c.a(initio.o)
 .ARM.attributes
                0x0000062b       0x2c c:/nxp/mcuxpressoide_11.1.0_3209/ide/plugins/com.nxp.mcuxpresso.tools.win32_11.1.0.201909161352/tools/bin/../lib/gcc/arm-none-eabi/8.3.1/../../../../arm-none-eabi/lib/thumb/v6-m/nofp\libcr_c.a(itoa.o)
 .ARM.attributes
                0x00000657       0x2c c:/nxp/mcuxpressoide_11.1.0_3209/ide/plugins/com.nxp.mcuxpresso.tools.win32_11.1.0.201909161352/tools/bin/../lib/gcc/arm-none-eabi/8.3.1/../../../../arm-none-eabi/lib/thumb/v6-m/nofp\libcr_c.a(printf.o)
 .ARM.attributes
                0x00000683       0x2c c:/nxp/mcuxpressoide_11.1.0_3209/ide/plugins/com.nxp.mcuxpresso.tools.win32_11.1.0.201909161352/tools/bin/../lib/gcc/arm-none-eabi/8.3.1/../../../../arm-none-eabi/lib/thumb/v6-m/nofp\libcr_c.a(setvbuf.o)
 .ARM.attributes
                0x000006af       0x2c c:/nxp/mcuxpressoide_11.1.0_3209/ide/plugins/com.nxp.mcuxpresso.tools.win32_11.1.0.201909161352/tools/bin/../lib/gcc/arm-none-eabi/8.3.1/../../../../arm-none-eabi/lib/thumb/v6-m/nofp\libcr_c.a(stdlib.o)
 .ARM.attributes
                0x000006db       0x2c c:/nxp/mcuxpressoide_11.1.0_3209/ide/plugins/com.nxp.mcuxpresso.tools.win32_11.1.0.201909161352/tools/bin/../lib/gcc/arm-none-eabi/8.3.1/../../../../arm-none-eabi/lib/thumb/v6-m/nofp\libcr_c.a(strcat.o)
 .ARM.attributes
                0x00000707       0x2c c:/nxp/mcuxpressoide_11.1.0_3209/ide/plugins/com.nxp.mcuxpresso.tools.win32_11.1.0.201909161352/tools/bin/../lib/gcc/arm-none-eabi/8.3.1/../../../../arm-none-eabi/lib/thumb/v6-m/nofp\libcr_c.a(strcpy.o)
 .ARM.attributes
                0x00000733       0x2c c:/nxp/mcuxpressoide_11.1.0_3209/ide/plugins/com.nxp.mcuxpresso.tools.win32_11.1.0.201909161352/tools/bin/../lib/gcc/arm-none-eabi/8.3.1/../../../../arm-none-eabi/lib/thumb/v6-m/nofp\libcr_c.a(strlen.o)
 .ARM.attributes
                0x0000075f       0x2c c:/nxp/mcuxpressoide_11.1.0_3209/ide/plugins/com.nxp.mcuxpresso.tools.win32_11.1.0.201909161352/tools/bin/../lib/gcc/arm-none-eabi/8.3.1/../../../../arm-none-eabi/lib/thumb/v6-m/nofp\libcr_c.a(__init_alloc.o)
 .ARM.attributes
                0x0000078b       0x2c c:/nxp/mcuxpressoide_11.1.0_3209/ide/plugins/com.nxp.mcuxpresso.tools.win32_11.1.0.201909161352/tools/bin/../lib/gcc/arm-none-eabi/8.3.1/../../../../arm-none-eabi/lib/thumb/v6-m/nofp\libcr_c.a(_cr_sbrk.o)
 .ARM.attributes
                0x000007b7       0x2c c:/nxp/mcuxpressoide_11.1.0_3209/ide/plugins/com.nxp.mcuxpresso.tools.win32_11.1.0.201909161352/tools/bin/../lib/gcc/arm-none-eabi/8.3.1/../../../../arm-none-eabi/lib/thumb/v6-m/nofp\libcr_c.a(_fdopen.o)
 .ARM.attributes
                0x000007e3       0x31 c:/nxp/mcuxpressoide_11.1.0_3209/ide/plugins/com.nxp.mcuxpresso.tools.win32_11.1.0.201909161352/tools/bin/../lib/gcc/arm-none-eabi/8.3.1/../../../../arm-none-eabi/lib/thumb/v6-m/nofp\libcr_c.a(errno.o)
 .ARM.attributes
                0x00000814       0x2c c:/nxp/mcuxpressoide_11.1.0_3209/ide/plugins/com.nxp.mcuxpresso.tools.win32_11.1.0.201909161352/tools/bin/../lib/gcc/arm-none-eabi/8.3.1/../../../../arm-none-eabi/lib/thumb/v6-m/nofp\libcr_c.a(fclose.o)
 .ARM.attributes
                0x00000840       0x2c c:/nxp/mcuxpressoide_11.1.0_3209/ide/plugins/com.nxp.mcuxpresso.tools.win32_11.1.0.201909161352/tools/bin/../lib/gcc/arm-none-eabi/8.3.1/../../../../arm-none-eabi/lib/thumb/v6-m/nofp\libcr_c.a(fflush.o)
 .ARM.attributes
                0x0000086c       0x2c c:/nxp/mcuxpressoide_11.1.0_3209/ide/plugins/com.nxp.mcuxpresso.tools.win32_11.1.0.201909161352/tools/bin/../lib/gcc/arm-none-eabi/8.3.1/../../../../arm-none-eabi/lib/thumb/v6-m/nofp\libcr_c.a(remove.o)
 .ARM.attributes
                0x00000898       0x2c c:/nxp/mcuxpressoide_11.1.0_3209/ide/plugins/com.nxp.mcuxpresso.tools.win32_11.1.0.201909161352/tools/bin/../lib/gcc/arm-none-eabi/8.3.1/../../../../arm-none-eabi/lib/thumb/v6-m/nofp\libcr_c.a(_cr_check_heap.o)
 .ARM.attributes
                0x000008c4       0x2c c:/nxp/mcuxpressoide_11.1.0_3209/ide/plugins/com.nxp.mcuxpresso.tools.win32_11.1.0.201909161352/tools/bin/../lib/gcc/arm-none-eabi/8.3.1/../../../../arm-none-eabi/lib/thumb/v6-m/nofp\libcr_c.a(_do_fflush.o)
 .ARM.attributes
                0x000008f0       0x1c c:/nxp/mcuxpressoide_11.1.0_3209/ide/plugins/com.nxp.mcuxpresso.tools.win32_11.1.0.201909161352/tools/bin/../lib/gcc/arm-none-eabi/8.3.1/thumb/v6-m/nofp\libcr_eabihelpers.a(division_32.o)
 .ARM.attributes
                0x0000090c       0x1c c:/nxp/mcuxpressoide_11.1.0_3209/ide/plugins/com.nxp.mcuxpresso.tools.win32_11.1.0.201909161352/tools/bin/../lib/gcc/arm-none-eabi/8.3.1/thumb/v6-m/nofp\libcr_eabihelpers.a(division_idiv0.o)
 .ARM.attributes
                0x00000928       0x2c c:/nxp/mcuxpressoide_11.1.0_3209/ide/plugins/com.nxp.mcuxpresso.tools.win32_11.1.0.201909161352/tools/bin/../lib/gcc/arm-none-eabi/8.3.1/thumb/v6-m/nofp\libcr_eabihelpers.a(double.o)
 .ARM.attributes
                0x00000954       0x1c c:/nxp/mcuxpressoide_11.1.0_3209/ide/plugins/com.nxp.mcuxpresso.tools.win32_11.1.0.201909161352/tools/bin/../lib/gcc/arm-none-eabi/8.3.1/thumb/v6-m/nofp\libcr_eabihelpers.a(llong.o)
 .ARM.attributes
                0x00000970       0x1c c:/nxp/mcuxpressoide_11.1.0_3209/ide/plugins/com.nxp.mcuxpresso.tools.win32_11.1.0.201909161352/tools/bin/../lib/gcc/arm-none-eabi/8.3.1/thumb/v6-m/nofp\libcr_eabihelpers.a(memcpy.o)
 .ARM.attributes
                0x0000098c       0x1c c:/nxp/mcuxpressoide_11.1.0_3209/ide/plugins/com.nxp.mcuxpresso.tools.win32_11.1.0.201909161352/tools/bin/../lib/gcc/arm-none-eabi/8.3.1/../../../../arm-none-eabi/lib/thumb/v6-m/nofp\libcr_semihost_nf.a(__sys_close.o)
 .ARM.attributes
                0x000009a8       0x1c c:/nxp/mcuxpressoide_11.1.0_3209/ide/plugins/com.nxp.mcuxpresso.tools.win32_11.1.0.201909161352/tools/bin/../lib/gcc/arm-none-eabi/8.3.1/../../../../arm-none-eabi/lib/thumb/v6-m/nofp\libcr_semihost_nf.a(__sys_flen.o)
 .ARM.attributes
                0x000009c4       0x1c c:/nxp/mcuxpressoide_11.1.0_3209/ide/plugins/com.nxp.mcuxpresso.tools.win32_11.1.0.201909161352/tools/bin/../lib/gcc/arm-none-eabi/8.3.1/../../../../arm-none-eabi/lib/thumb/v6-m/nofp\libcr_semihost_nf.a(__sys_istty.o)
 .ARM.attributes
                0x000009e0       0x1c c:/nxp/mcuxpressoide_11.1.0_3209/ide/plugins/com.nxp.mcuxpresso.tools.win32_11.1.0.201909161352/tools/bin/../lib/gcc/arm-none-eabi/8.3.1/../../../../arm-none-eabi/lib/thumb/v6-m/nofp\libcr_semihost_nf.a(__sys_remove.o)
 .ARM.attributes
                0x000009fc       0x1c c:/nxp/mcuxpressoide_11.1.0_3209/ide/plugins/com.nxp.mcuxpresso.tools.win32_11.1.0.201909161352/tools/bin/../lib/gcc/arm-none-eabi/8.3.1/../../../../arm-none-eabi/lib/thumb/v6-m/nofp\libcr_semihost_nf.a(__sys_seek.o)
 .ARM.attributes
                0x00000a18       0x1c c:/nxp/mcuxpressoide_11.1.0_3209/ide/plugins/com.nxp.mcuxpresso.tools.win32_11.1.0.201909161352/tools/bin/../lib/gcc/arm-none-eabi/8.3.1/../../../../arm-none-eabi/lib/thumb/v6-m/nofp\libcr_semihost_nf.a(__sys_tmpnam.o)

.debug_frame    0x00000000     0x1e68
 .debug_frame   0x00000000      0x10c ./utilities/fsl_debug_console.o
 .debug_frame   0x0000010c      0x3b0 ./startup/startup_mkl25z4.o
 .debug_frame   0x000004bc       0xcc ./source/Accelerometer.o
 .debug_frame   0x00000588      0x1d4 ./source/I2C.o
 .debug_frame   0x0000075c       0xb8 ./source/MMA8451Q.o
 .debug_frame   0x00000814       0x4c ./source/SPI.o
 .debug_frame   0x00000860       0x64 ./source/SysTick.o
 .debug_frame   0x000008c4      0x100 ./source/led_control.o
 .debug_frame   0x000009c4       0xe8 ./source/logger.o
 .debug_frame   0x00000aac       0x50 ./source/loopback.o
 .debug_frame   0x00000afc      0x14c ./source/main.o
 .debug_frame   0x00000c48       0x20 ./source/semihost_hardfault.o
 .debug_frame   0x00000c68       0x50 ./source/slider.o
 .debug_frame   0x00000cb8      0x6e0 ./drivers/fsl_clock.o
 .debug_frame   0x00001398      0x418 ./drivers/fsl_lpsci.o
 .debug_frame   0x000017b0      0x468 ./drivers/fsl_uart.o
 .debug_frame   0x00001c18       0x50 ./board/board.o
 .debug_frame   0x00001c68      0x100 ./board/clock_config.o
 .debug_frame   0x00001d68       0x2c ./board/peripherals.o
 .debug_frame   0x00001d94       0x88 ./board/pin_mux.o
 .debug_frame   0x00001e1c       0x4c ./CMSIS/system_MKL25Z4.o

Cross Reference Table

Symbol                                            File
ACC_init                                          ./source/MMA8451Q.o
                                                  ./source/main.o
ADC0_DriverIRQHandler                             ./startup/startup_mkl25z4.o
ADC0_IRQHandler                                   ./startup/startup_mkl25z4.o
Acc_Disconnect_Handler                            ./source/Accelerometer.o
                                                  ./source/main.o
BOARD_BootClockRUN                                ./board/clock_config.o
BOARD_BootClockVLPR                               ./board/clock_config.o
BOARD_InitBootClocks                              ./board/clock_config.o
                                                  ./source/main.o
BOARD_InitBootPeripherals                         ./board/peripherals.o
                                                  ./source/main.o
BOARD_InitBootPins                                ./board/pin_mux.o
                                                  ./source/main.o
BOARD_InitDebugConsole                            ./board/board.o
                                                  ./source/main.o
BOARD_InitPins                                    ./board/pin_mux.o
CLOCK_BootToBlpeMode                              ./drivers/fsl_clock.o
CLOCK_BootToBlpiMode                              ./drivers/fsl_clock.o