core_cm0plus.h:745:22:NVIC_EnableIRQ	16	static
core_cm0plus.h:791:22:NVIC_ClearPendingIRQ	16	static
core_cm0plus.h:804:22:NVIC_SetPriority	24	static
UART.c:25:6:Init_UART0_Poll	32	static
UART.c:84:6:Init_UART0_INT	24	static
UART.c:110:6:UART0_Transmit_Poll	8	static
UART.c:119:6:PutChar_Poll	16	static
UART.c:129:6:PrintChar_Poll	16	static
UART.c:139:6:UART0_Receive_Poll	8	static
UART.c:148:9:GetChar_Poll	8	static
UART.c:158:9:ScanChar_Poll	8	static
UART.c:165:6:UART0_IRQHandler	8	static
UART.c:184:6:UART0_Transmit_INT	8	static
UART.c:197:6:PutChar_INT	16	static
UART.c:213:6:UART0_Receive_INT	8	static
UART.c:226:6:GetChar_INT	8	static
UART.c:234:6:UART0_Error_INT	8	static
UART.c:245:6:ClearErrFlags	16	static
UART.c:257:6:PrintStr_Poll	16	static
UART.c:269:6:PrintStr_INT	16	static
UART.c:289:6:Char_Poll	24	static
UART.c:322:6:Char_INT	16	static
