uCUnit_testsuit.c:24:6:Run_Testcases	8	static
uCUnit_testsuit.c:45:6:Testsuite_RunTests	8	static
uCUnit_testsuit.c:65:6:Test_CreateBuffer	24	static
uCUnit_testsuit.c:84:6:Test_DataAccess	24	static
uCUnit_testsuit.c:113:6:Test_BufferSize	24	static
uCUnit_testsuit.c:147:6:Test_WrapRemove	24	static
uCUnit_testsuit.c:180:6:Test_WrapAdd	24	static
uCUnit_testsuit.c:222:6:Test_WrapAddData	24	static
uCUnit_testsuit.c:257:6:Test_Overfill	24	static
uCUnit_testsuit.c:282:6:Test_Overempty	24	static
uCUnit_testsuit.c:301:6:Test_ExtendedBuffer	8	static
uCUnit_testsuit.c:313:6:Test_DestroyBuffer	24	static
uCUnit_testsuit.c:326:6:LED_Blink	8	static
uCUnit_testsuit.c:341:6:Delay	24	static
